outputs/logs/simulation_20260625_154954/submitted_orders.csv
run_id,date,turn,agent_id,decision_date,market_features_date,news_max_date,execution_date,information_mode,stock_code,direction,quantity,price,order_type,reason
simulation_20260625_154954,2026-04-24,1,A025,2026-04-24,2026-04-23,2026-04-23,2026-04-24,prior_close,005930,buy,44,222000.0,limit,"반도체 업황 호조와 SK하이닉스 실적 서프라이즈가 업종 전반에 긍정적 모멘텀을 제공하나, 삼성전자 기술 유출 및 노동 이슈로 단기 불확실성이 존재합니다. 현재 주가(224,500)가 5일 및 20일 이동평균선 위에 있어 기술적 지지가 확인되었고, 거래량 증가 추세를 고려해 제한적 매수 기회를 포착합니다. 다만 악재 혼재로 확신도가 낮아 보수적으로 접근하며, 지정가 222,000원(현재가 대비 약 1.1% 하락)에서 매수하여 하방 리스크를 완화합니다. 포트폴리오는 현금 100%로, 초기 진입 시 현금 비중을 90% 이상 유지하며 리스크를 제한합니다."
simulation_20260625_154954,2026-04-27,2,A025,2026-04-27,2026-04-24,2026-04-24,2026-04-27,prior_close,005930,buy,45,219000.0,limit,"현재 주가 219,500원이 5일선(219,000원) 위에 있어 단기 지지력이 확인되었고, 장기적으로 반도체 업종 훈풍과 정부 정책 기대가 존재하나 개별 악재와 거래량 감소로 확신도가 낮아 과도한 매수는 자제. 소폭 손실(-0.11%) 상태에서 손실 시 추가 매수 성향을 활용해 5일선 근처에서 45주 매수하여 평균단가를 낮추고, 보유 비중을 늘리되 현금 비중(약 80%)을 충분히 유지. 이는 기술적 지지선과 저가 분할 매수 전략에 기반."
simulation_20260625_154954,2026-04-28,3,A025,2026-04-28,2026-04-27,2026-04-27,2026-04-28,prior_close,005930,buy,10,221000.0,limit,"5일선(221,000원) 지지선 근처에서 저가 분할 매수 기회를 모색합니다. ETF 기관 수급 호재와 정부 정책 기대가 긍정적이나, FOMC·빅테크 실적 변수와 거래량 부진으로 확신도가 중간 수준이므로 소량 매수로 리스크를 제한합니다. 현재 보유 현금(약 8,037만원)이 충분하고 평균 매수 단가(220,483원) 대비 2% 내외 이익 구간에 있어 추가 매수 여력이 있습니다."
simulation_20260625_154954,2026-04-29,4,A025,2026-04-29,2026-04-28,2026-04-28,2026-04-29,prior_close,005930,buy,44,221600.0,limit,"5일선(221,600원) 안착 확인 시 분할 매수 기회로 판단. 거래량 부진과 파업 리스크로 상단 저항이 뚜렷하나, AI 협력 호재와 기관 수급 유입이 하방 지지. 현재 보유 비중(22%)이 낮고 현금 여력이 충분해 소량 분할 매수로 평단을 낮추며 리스크 관리. 헤드라인 스캔 결과 혼조세지만, 5일선 이탈 시 추가 매수 계획을 위해 1차 매수 실행."
simulation_20260625_154954,2026-04-30,5,A025,2026-04-30,2026-04-29,2026-04-29,2026-04-30,prior_close,005930,buy,44,225500.0,limit,"5일선(223,300원) 지지와 거래량 증가(+10.4%)로 단기 추세 유지 중. 225,000원 돌파 시 추세 전환 신호로 긍정적이며, 노사 갈등은 제한적 하방 압력에 그칠 것으로 판단. 현재 보유 비중 22%로 낮아 추가 분할 매수 기회로 활용. 평균단가 220,535원 대비 225,500원 매수 시 합리적 수준이며, 현금 대비 소액 투자로 리스크 관리."
simulation_20260625_154954,2026-05-04,6,A025,2026-05-04,2026-04-30,2026-04-30,2026-05-04,prior_close,005930,buy,27,218000.0,limit,"현재 주가(220,500원)가 5일선(222,500원)을 하회하며 박스권 하단(220,000원)을 테스트 중이나, 20일선(211,815원) 지지와 막대한 실적(1분에 265억원)이 하방을 방어할 것으로 예상. 밸류에이션 부담이 낮고 장기 저평가 가능성 존재. 헤드라인 혼조로 단기 방향성 확신이 낮아, 관망이 원칙이나 보유 비중이 3.4%로 매우 낮아 유의미한 추가 매수 기회를 저가에 포착하고자 함. 거래량 증가(+8.8%)는 관심 신호로 판단하여 218,000원(20일선 근접 시)에 소량 매수로 분할 대응."
simulation_20260625_154954,2026-05-06,7,A025,2026-05-06,2026-05-04,2026-05-04,2026-05-06,prior_close,005930,sell,71,232500.0,limit,"단기 박스권 상단(232,500원)에 근접했으나 거래량 둔화, 금리 인상 리스크, TV 사업 부진 등 부정적 뉴스가 지배적이며, 5일선(225,100원) 이탈 가능성과 조정 우려가 큼. 보유 비중이 3.4%로 낮지만, 부정적 신호가 강한 구간에서 수익이 난 포지션을 일부 정리하여 현금 비중을 확보하고 리스크를 축소하는 것이 합리적. 미실현 이익(1,712,500원) 중 일부를 실현하며, 하락 시 추가 매수 기회를 준비."
simulation_20260625_154954,2026-05-07,8,A025,2026-05-07,2026-05-06,2026-05-06,2026-05-07,prior_close,005930,buy,36,262000.0,limit,"반도체 업황 회복, HBM 테마 강세, AMD 호실적 등 긍정적 뉴스 모멘텀과 시총 집중, 연금 담기 권유 등 수급 긍정 신호가 뚜렷함. 기술적 지표도 5일선·20일선 상회하며 강세 구간 유지 중. 현재 보유 현금 비중이 82%로 높아 일부 추가 매수로 포트폴리오 비중을 조정하면서도, 과도한 추격 매수를 방지하기 위해 현재가(266,000원) 대비 1.5% 낮은 지정가를 설정. 거래량 급증(전일비 +61.3%)도 매수세 강화를 확인. 1회 최대 매수 가능 금액(약 4,366만원)과 최대 수량(164주) 이내로 36주(약 943만원)만 매수하여 리스크를 제한."
simulation_20260625_154954,2026-05-08,9,A025,2026-05-08,2026-05-07,2026-05-07,2026-05-08,prior_close,005930,buy,30,265000.0,limit,"기술적 강세 구간(5일선 243,300원, 20일선 221,525원 상회) 유지 중이나 단기 고점 부근 거래량 감소와 노동 리스크로 조정 가능성을 고려. 현재 현금 비중이 82%로 높아, 20일선(221,525원)까지 하락 시 분할 매수 기회를 모색하기 위해 보수적으로 265,000원(현재가 대비 약 2.4% 하락)에 30주 매수. 이는 max_single_trade_cash(43,662,894원) 이내이며, 평균 매수 단가를 낮추고 장기 반도체 업황 회복 기대에 베팅. 헤드라인 스캔 결과 파업·갈등은 단기 노이즈로 판단, 추세 확인 후 추가 대응."
simulation_20260625_154954,2026-05-11,10,A025,2026-05-11,2026-05-08,2026-05-08,2026-05-11,prior_close,005930,buy,30,260000.0,limit,"기술적 강세 구간 유지(5일선·20일선 상회)와 PER 저평가 뉴스가 중장기 긍정적 신호이나, 거래량 급감과 단기 고점 부담으로 급매는 자제. 조정 시 분할 매수 전략으로 260,000원(5일선 근처)에서 30주 매수하여 평균단가를 낮추고 현금 비중(87%)을 적절히 활용. 헤드라인 스캔 결과 'PER 저평가' 긍정 신호가 매수 근거의 핵심이며, 거래량 감소는 단기적 관망 심리로 판단해 보수적 수량 선택."
simulation_20260625_154954,2026-05-12,11,A025,2026-05-12,2026-05-11,2026-05-11,2026-05-12,prior_close,005930,buy,30,282000.0,limit,"기술적 지표(5일선·20일선 상회)와 코스피 7500 돌파, PER 저평가 뉴스가 중장기 매력을 유지하고 있어 분할 매수 기회로 판단. 다만 노사 갈등 뉴스로 단기 변동성 확대 가능성이 있어 보수적인 수량과 지정가(현재가 대비 1.2% 낮은 282,000원)로 리스크를 제한. 거래량 급증에도 주가 정체는 매물 소화 과정으로 해석하며, 260,000원 지지선 이탈 시 추가 매수 중단 예정."
simulation_20260625_154954,2026-05-13,12,A025,2026-05-13,2026-05-12,2026-05-12,2026-05-13,prior_close,005930,buy,70,274500.0,limit,"5일선(274,100원) 부근 지지 확인 시 추가 매수 기회 판단. 중장기 저평가 매력 유지, 한국 기업 이익 성장 기대감과 코스피 강세가 긍정적. 성과급 논쟁은 단기 부정적이나 거시 강세가 상쇄 가능. 보유 현금 비중 73.5%로 충분하며, 수익 중인 포지션이지만 평균단가 대비 17.4% 수익으로 추가 분할 매수 여력 있음. 거래 제약 내 최대 매수 가능 수량 141주 중 보수적 70주 선택."
simulation_20260625_154954,2026-05-14,13,A025,2026-05-14,2026-05-13,2026-05-13,2026-05-14,prior_close,005930,sell,30,286000.0,limit,"파업 리스크로 단기 변동성 확대가 예상되고, 현재 주가 284,000원은 20일선 대비 20% 이상 프리미엄으로 단기 고평가 구간입니다. 미실현 이익이 19.5%에 달해 차익실현 욕구가 있으며, 거래량 감소로 상승 동력 약화 가능성을 고려해 보유 주식의 일부를 매도하여 현금 비중을 확보합니다. 헤드라인 스캔 결과 파업 돌입이 가장 부정적 뉴스로, 세부 강도 파악이 어려워 보수적 대응이 필요하다고 판단했습니다."
simulation_20260625_154954,2026-05-15,14,A025,2026-05-15,2026-05-14,2026-05-14,2026-05-15,prior_close,005930,sell,5,296000.0,limit,"현재 주가가 20일 이동평균 대비 23% 프리미엄 구간으로 단기 차익실현 압력이 높고, 280,000~300,000원 박스권 상단에 근접하여 일부 이익 실현이 적절하다고 판단. 긍정적 뉴스와 중장기 전망은 유지하나, 보수적 관점에서 소량 매도로 현금 비중을 더 확보."
simulation_20260625_154954,2026-05-18,15,A025,2026-05-18,2026-05-15,2026-05-15,2026-05-18,prior_close,005930,sell,10,270500.0,limit,"기술적 고평가와 부정적 헤드라인(파업·감산)으로 단기 하방 압력 증가 판단. 보유 주식의 일부를 현금화하여 리스크를 줄이고, 270000원 지지선 이탈 시 추가 하락에 대비. 수익 실현 성향에 따라 미실현 이익 중 일부를 확정."
simulation_20260625_154954,2026-04-24,1,A026,2026-04-24,2026-04-23,2026-04-23,2026-04-24,prior_close,005930,buy,111,222000.0,limit,"뉴스에서 SK하이닉스 실적과 GDP 성장으로 반도체 업황 호조가 확인되었고, 중장기 성장성은 긍정적이지만 노조 리스크와 밸류에이션 부담으로 단기 과매수 상태를 고려하여 20일 이동평균선 근처(200,772원) 대비 10% 내외인 222,000원에 저가 매수 기회를 노림. 현금 100% 보유 중으로 분산투자 필요성과 집중 투자 성향을 감안해 가용 현금의 약 25%(약 2,500만 원)만 매수하여 리스크를 제한함."
simulation_20260625_154954,2026-04-27,2,A026,2026-04-27,2026-04-24,2026-04-24,2026-04-27,prior_close,005930,buy,85,214000.0,limit,"1분기 사상 최대 실적(영업이익 57조) 대비 PER이 역사적 저점 수준으로 저평가 영역에 근접했으며, 정부 반도체 클러스터 지원과 AI 수요 증가가 중장기 성장 동력. 현재 소폭 손실 중이나 이성적 손절 기준(200,000원) 이하로 하락 시 분할 매수 기회를 노리기 위해 평균단가를 낮추는 전략이 유효. 거래량 급감과 노사 갈등 리스크로 인해 추격 매수보다는 현재가 대비 2.5% 하락한 214,000원 지정가 매수로 신중하게 접근. 가용 현금 75,345,679원 내에서 max_single_trade_cash 37,672,839원을 초과하지 않도록 85주(약 18,190,000원)만 매수하여 현금 비중 57.3% 유지."
simulation_20260625_154954,2026-04-28,3,A026,2026-04-28,2026-04-27,2026-04-27,2026-04-28,prior_close,005930,buy,50,222000.0,limit,"저평가(퀀트 점수 1위, PER 역사적 저점)와 1분기 사상 최대 실적, ETF 자금 유입 및 AI 협력 모멘텀 등 긍정 뉴스 우세. 기술적 지표도 상승 추세를 확인. 현금 비중 56.5%로 충분하며, 분할 매수를 통해 평단을 낮추고 장기 수익을 극대화하기 위해 50주 매수 결정. FOMC 경계감을 고려해 현재가 대비 소폭 낮은 지정가로 신중 접근."
simulation_20260625_154954,2026-04-29,4,A026,2026-04-29,2026-04-28,2026-04-28,2026-04-29,prior_close,005930,sell,10,222000.0,limit,"총파업 리스크가 단기 불확실성을 키우고 있어, 소량 이익 실현을 통해 현금 비중을 확보하고 리스크를 관리합니다. 저평가 매력과 AI 모멘텀은 긍정적이나, 단기 노이즈를 피하기 위해 보유 비중을 소폭 축소하는 것이 합리적이라고 판단했습니다. 현재 미실현손익이 소폭 발생한 상태에서 일부 차익을 실현하여 향후 하락 시 매수 기회를 대비합니다."
simulation_20260625_154954,2026-04-30,5,A026,2026-04-30,2026-04-29,2026-04-29,2026-04-30,prior_close,005930,buy,20,224000.0,limit,"당일 주가 1.8% 상승 및 거래량 증가로 단기 긍정 신호 확인, PER·PBR 저평가 매력 유효, AI 반도체 모멘텀 및 신사업(히트펌프) 긍정 뉴스가 중장기 가치를 지지. 현재 현금 비중 47.5%로 충분하며, 추가 하락 시 매수 기회를 활용하기 위해 소량 분할 매수. 노사갈등 리스크를 고려해 보수적 수량으로 제한."
simulation_20260625_154954,2026-05-04,6,A026,2026-05-04,2026-04-30,2026-04-30,2026-05-04,prior_close,005930,buy,40,218500.0,limit,"현재 주가 220,500원은 PER/PBR 역사적 저점 수준의 저평가 상태이며, 사상 최대 실적(1분기 영업이익 57조)을 반영하지 못한 구간. 노조 파업 리스크로 단기 조정 시 저가 매수 기회로 활용. 보유 현금 4,388만 원 중 일부(약 874만 원)를 분할 매수하여 평균 단가를 낮추고 포트폴리오 비중을 확대. 20일 이동평균선(211,815원) 근처에서 지지 예상되며, 정부 중재 의지로 하방 리스크 제한적. 주된 근거는 valuation_view와 portfolio_view."
simulation_20260625_154954,2026-05-06,7,A026,2026-05-06,2026-05-04,2026-05-04,2026-05-06,prior_close,005930,buy,47,228000.0,limit,"저평가 상태(역사적 저점 PER/PBR)와 사상 최대 실적 대비 과도하게 낮은 주가를 고려, 20일선(214,130원) 부근에서 저가 매수 기회를 노림. 현재 주가 232,500원은 20일선 위에 있으나 단기 변동성 확대와 금리 인상 우려로 추가 하락 가능성 존재. 228,000원은 5일선(225,100원)과 20일선 사이로 기술적 지지 구간이며, 분할 매수로 리스크 분산. 현금 비중 42.4%를 감안하여 max_single_trade_cash(21,943,849원) 이내에서 47주(약 10,716,000원) 매수하여 평단 낮추고 추가 하락 시 대응 여력 확보."
simulation_20260625_154954,2026-05-07,8,A026,2026-05-07,2026-05-06,2026-05-06,2026-05-07,prior_close,005930,sell,50,270000.0,limit,"주가가 266,000원으로 20일선 대비 22% 이상 상승하며 단기 과열 구간에 진입하였고, 밸류에이션 부담이 높아졌습니다. 노조 파업 리스크, 물가 상승에 따른 금리 인상 우려 등 불확실성이 상존하며 시장 심리 과열과 쏠림 현상도 우려됩니다. 보유 중인 평균 단가 대비 21% 수익률을 기록 중이므로 일부 차익실현을 통해 현금 비중을 확보하고, 20일선 부근 조정 시 저가 매수 기회를 대비하는 것이 합리적입니다. 뉴스의 긍정 신호와 부정 신호가 혼재되어 확신도가 중간 수준이므로 과도한 매도는 지양하고 보수적인 규모로 매도합니다."
simulation_20260625_154954,2026-05-08,9,A026,2026-05-08,2026-05-07,2026-05-07,2026-05-08,prior_close,005930,sell,50,271500.0,limit,"파업 장기화 및 LNG 가격 급등에 따른 원가 부담으로 단기 불확실성이 확대되었고, 현재 주가가 20일선 대비 22% 이상 상승한 과열 구간에서 거래량이 감소하며 조정 신호가 나타났습니다. 보유 수익률 23.8%를 확보한 상태에서 리스크를 줄이기 위해 일부 차익 실현 후 현금 비중을 확대하여 조정 시 매수 기회를 대비합니다."
simulation_20260625_154954,2026-05-11,10,A026,2026-05-11,2026-05-08,2026-05-08,2026-05-11,prior_close,005930,buy,50,264000.0,limit,"PER·PBR 역사적 저점 수준의 저평가와 AI 반도체 장기 성장성을 고려할 때 중장기 매수 기회로 판단. 단기 차익실현 압력과 DX 부문 부진이 조정 시 매수 기회를 제공할 것으로 예상되어, 현금 비중이 높은 상태에서 분할 매수로 평균 단가를 낮추고 장기 수익을 확보. 뉴스 'PER 역사적 저평가'와 '미국 개인투자자 유입'이 긍정적 신호."
simulation_20260625_154954,2026-05-12,11,A026,2026-05-12,2026-05-11,2026-05-11,2026-05-12,prior_close,005930,buy,50,282000.0,limit,"현재 주가 285,500원은 5일 및 20일 이동평균을 크게 상회하며 강한 상승 추세를 보이고 있으나, 단기 파업 리스크로 인한 변동성 확대 가능성을 고려하여 지정가 282,000원(현재가 대비 약 1.2% 하락)으로 매수 주문을 제출합니다. 밸류에이션(PER/PBR)이 여전히 저평가 구간에 있고, 반도체 수요 호조와 정부 확장재정 등 중장기 긍정 요인이 유효하여 조정 시 매수 기회로 활용하고자 합니다. 현금 비중이 약 49%로 충분하므로, 보수적으로 50주(약 1,410만 원)만 매수하여 포트폴리오 비중을 확대하되 과도한 집중을 피합니다. 핵심 근거는 뉴스(파업 리스크와 반도체 호재 혼재)와 시장 데이터(강한 추세 속 단기 저항 가능성)입니다."
simulation_20260625_154954,2026-05-13,12,A026,2026-05-13,2026-05-12,2026-05-12,2026-05-13,prior_close,005930,buy,10,275000.0,limit,"단기 노사 갈등(성과급 논란)과 외국인 순매도로 주가 조정이 예상되나, PER/PBR 저평가 구간과 반도체 수요 호조, 한국 1분기 성장률 1위 등 중장기 긍정 요인이 유효함. 현재 주가 279,000원은 5일 이동평균선(274,100원)에 근접하여 조정 시 매수 기회로 판단. 보유 현금 43,498,936원(약 38%)으로 충분한 여력이 있고, 분할 매수를 통해 평균 단가를 낮추며 리스크를 분산하고자 함. 핵심 근거는 밸류에이션 저평가와 현금 비중을 고려한 보수적 추가 매수 전략."
simulation_20260625_154954,2026-05-14,13,A026,2026-05-14,2026-05-13,2026-05-13,2026-05-14,prior_close,005930,buy,38,277700.0,limit,"뉴스에서 노조 파업(21일)과 AI 과열 경고가 단기 변동성을 확대할 것으로 예상되나, 반도체 호황과 저평가 밸류에이션(PER/PBR 역사적 저평가 구간)이 중장기 긍정 요인을 유지. 현재 주가가 5일 이동평균선(277,700원) 위에 있어 기술적 지지선 근처에서 분할 매수 기회를 모색. 현금 비중 37.4%로 충분한 여력이 있으며, 과거 투자 성과가 좋고 손절 기준이 명확해 하락 시 이성적 대처 가능. 284,000원 부근 저항 속 조정 가능성을 고려해 5일선(277,700원)에서 보수적으로 38주 매수(최대 매수 가능 76주의 절반 수준)하여 평균 단가를 낮추고 추가 하락 시 추가 매수 여력 확보."
simulation_20260625_154954,2026-05-15,14,A026,2026-05-15,2026-05-14,2026-05-14,2026-05-15,prior_close,005930,sell,73,300000.0,limit,"PBR 1배 돌파로 저평가 구간 이탈, 성과급 갈등 등 노사 리스크 부각, 단기 급등에 따른 차익 실현 기회를 고려하여 일부 이익 실현. 300,000원선 저항 부근에서 매도 주문으로 추가 상승 시 현금 확보 및 조정 시 재매수 여력 확보. 보유 비중이 63.5%로 높은 점, 현금 비중 확대를 통한 리스크 완화가 필요하다고 판단."
simulation_20260625_154954,2026-05-18,15,A026,2026-05-18,2026-05-15,2026-05-15,2026-05-18,prior_close,005930,buy,80,265000.0,limit,"PER 8배의 역사적 저평가 구간 진입과 AI 반도체 수요 견조함을 근거로 매수 결정. 뉴스에서 파업 리스크는 단기적이며 과도한 하락은 매수 기회로 판단. 포트폴리오 상 현금 비중이 충분하고 추가 하락 시 분할 매수 전략을 유지하면서 저가 매수로 평단을 낮추기 위함. 단, 가격이 더 하락할 가능성을 고려하여 지정가 265,000원(현재가 대비 2% 하락)으로 설정."
simulation_20260625_154954,2026-04-24,1,A014,2026-04-24,2026-04-23,2026-04-23,2026-04-24,prior_close,005930,buy,44,222000.0,limit,"기술적 지표(MA5>MA20, 거래량 증가)는 긍정적이며, 거시 환경(반도체 호황, GDP 성장)도 우호적입니다. 다만 뉴스 혼재(기술 유출, 파업)와 개인적 불안으로 확신이 낮아, 과도한 매수보다는 분할 매수 전략으로 신중히 진입합니다. 20일 이동평균(200,772.5원) 대비 현재 주가(224,500원)가 높아 저가 매수 기회를 노려 222,000원 지정가 주문을 설정했습니다. 매수 수량은 가용 현금의 약 10%(약 9,768,000원)로 보수적으로 책정하여 추가 하락 시 현금 여력을 확보합니다."
simulation_20260625_154954,2026-04-27,2,A014,2026-04-27,2026-04-24,2026-04-24,2026-04-27,prior_close,005930,sell,22,219500.0,limit,"기술적 지표(MA5>MA20)는 긍정적이나 전일 대비 2.2% 하락과 거래량 43% 급감으로 단기 추세 약화 신호가 명확합니다. 뉴스 혼재(정부 지원 호재 vs 노사 갈등 리스크)로 방향성 확신이 낮고, 개인적 투자 성과 부진과 미실현 손실(-0.11%)로 인해 리스크 관리 필요성이 큽니다. 과거 낮은 성과를 고려하여 손실을 최소화하기 위해 보유 물량의 절반을 현금화하여 현금 비중을 더 높이고, 추가 하락 가능성에 대비합니다."
simulation_20260625_154954,2026-04-28,3,A014,2026-04-28,2026-04-27,2026-04-27,2026-04-28,prior_close,005930,sell,22,224500.0,limit,"기술적 반등 신호(MA5>MA20, 거래량 증가)에도 불구하고 FOMC와 빅테크 실적 발표라는 외부 변수가 남아 있어 불확실성이 높고, 과거 낮은 투자 성과와 현재 미실현 이익이 소폭(55,000원)에 불과하여 추가 리스크를 감수하기보다 안정성을 우선함. 보유 현금 95,053,702원 대비 주식 비중이 낮으나, 시장 관망세와 개인적 확신 부족으로 전량 매도하여 현금 비중을 100%로 높이고 외부 변수 해소 후 재진입을 고려하는 것이 합리적이라고 판단함. 현재가 224,500원에 매도 시 MA5(221,000원) 대비 소폭 이익 실현 가능."
simulation_20260625_154954,2026-04-29,4,A014,2026-04-29,2026-04-28,2026-04-28,2026-04-29,prior_close,005930,buy,10,220000.0,limit,"기술적 지표는 긍정적 추세를 유지하나 단기 모멘텀 약화와 외부 변수 불확실성으로 중립 관점 유지. 보유 현금이 많고 주식이 없어 매수 기회를 모색하나, 과거 낮은 성과와 손실 회피 성향을 고려해 보수적으로 접근. 220,000원은 단기 지지선으로 예상되어 해당 가격에 소량 매수하여 리스크를 제한하고, 추세 재확인 후 추가 대응 계획."
simulation_20260625_154954,2026-04-30,5,A014,2026-04-30,2026-04-29,2026-04-29,2026-04-30,prior_close,005930,buy,88,224000.0,limit,"기술적 지표가 긍정적(종가 226,000원, 5일·20일 이동평균 상회)이나 단기 모멘텀 약화와 거래량 증가폭 제한, 노사 갈등 리스크를 고려해 보수적 분할 매수 결정. 20일 이동평균(209,710원) 대비 현재가격이 적정 범위 내로 판단되나, 추가 하락 시 분할 매수 기회를 위해 현금 비중 유지. 88주 매수 시 소요 금액 약 19,712,000원으로 현금 비중 80% 이상 유지되며, 노사 리스크·빅테크 실적 변수에 대비한 리스크 관리 가능. 핵심 근거는 기술적 추세 긍정성과 중장기 AI·히트펌프 신사업 기대를 반영한 보수적 진입."
simulation_20260625_154954,2026-05-04,6,A014,2026-05-04,2026-04-30,2026-04-30,2026-05-04,prior_close,005930,sell,44,222500.0,limit,"기술적 지표에서 5일 이동평균(222,500원)을 하회하며 단기 추세 약화, 거래량 증가 제한 및 모멘텀 둔화로 방향성 불확실. 청와대·대통령 개입 뉴스가 부정적 리스크로 작용하여 단기 하방 압력 우려. 현재 보유 주식 88주 중 절반을 5일선 가격에 매도하여 현금 비중을 높이고 리스크를 축소함. 실적 호재가 하방을 지지하나, 불확실성 해소 전까지 보수적 대응이 적절하다고 판단."
simulation_20260625_154954,2026-05-06,7,A014,2026-05-06,2026-05-04,2026-05-04,2026-05-06,prior_close,005930,sell,22,232500.0,limit,"기술적 지표는 5일선 위에 있으나 거래량 증가폭이 크지 않고 모멘텀이 둔화되어 추가 상승 동력이 불확실합니다. 부정적 뉴스(유명 투자자 발언, TV 사업 경쟁력 약화)와 금리 인상 우려가 하방 압력으로 작용하며, 단기 고평가 부담(20일선 대비 8.6% 높음)도 존재합니다. 과거 성과가 낮아 보수적 접근이 필요하며, 현재 소폭의 미실현 이익(528,000원)을 실현하여 현금 비중을 확보하고 리스크를 줄이는 것이 합리적이라고 판단했습니다. 매도 수량은 보유 주식의 절반(22주)으로 제한하여 추세 전환 시 대응 여력을 남깁니다."
simulation_20260625_154954,2026-05-07,8,A014,2026-05-07,2026-05-06,2026-05-06,2026-05-07,prior_close,005930,buy,5,264000.0,limit,"헤드라인 스캔 결과 'AMD 깜짝 실적', '연금계좌 매수', '삼전닉스 시총 80%' 등 긍정 뉴스가 강한 상승 모멘텀을 지지하고 있으며, 기술적 지표상 5일선과 20일선 모두 상회하는 강한 추세를 확인했습니다. 거래량도 전일 대비 61.3% 증가해 매수세 유입을 확인할 수 있습니다. 다만 20일선 대비 22% 고평가 부담과 과거 저조한 성과를 고려해 소량만 지정가 매수하며, 현금 비중은 94.3%로 충분히 높아 리스크 관리에 문제가 없습니다."
simulation_20260625_154954,2026-05-08,9,A014,2026-05-08,2026-05-07,2026-05-07,2026-05-08,prior_close,005930,sell,10,271500.0,limit,"단기 고평가 부담(20일선 대비 22% 초과), 거래량 감소로 추세 둔화 가능성, 파업 장기화·성과급 갈등 등 부정적 뉴스 강화로 하방 리스크가 증가했습니다. 안정성을 중시하는 성향과 과거 낮은 성과를 고려해, 미실현 이익이 있는 보유 주식 중 일부(10주)를 현금화하여 리스크를 축소하고 추가 악재에 대비합니다. 잔여 12주는 상승 추세 자체는 유지 중이므로 보유하여 추세 반전 시 유연하게 대응합니다."
simulation_20260625_154954,2026-05-11,10,A014,2026-05-11,2026-05-08,2026-05-08,2026-05-11,prior_close,005930,sell,11,268500.0,limit,"20일선 대비 19.6% 초과, 거래량 37.5% 감소로 단기 추세 둔화 가능성, 혼재된 뉴스로 확신 낮음. 안정성 선호와 과거 낮은 성과를 고려해 절반 물량 이익 실현 후 현금 비중 확대."
simulation_20260625_154954,2026-05-12,11,A014,2026-05-12,2026-05-11,2026-05-11,2026-05-12,prior_close,005930,sell,11,285500.0,limit,"현재 주가가 20일선 대비 25% 이상 높아 단기 고평가 구간이며, 노사 갈등 리스크(파업·정부개입 헤드라인)가 부각되어 단기 하방 압력이 우려됨. 거래량 증가에도 방향성이 불확실하고, 확신도가 중간 수준이므로 과도한 보유 리스크를 피하기 위해 전량 매도하여 현금 비중을 높이는 것이 적절. 수익이 발생한 상태에서 이성적 손절 원칙에 따라 차익 실현."
simulation_20260625_154954,2026-05-13,12,A014,2026-05-13,2026-05-12,2026-05-12,2026-05-13,prior_close,005930,sell,11,280000.0,limit,"현재 주가(279,000원)가 20일 이동평균 대비 25% 이상 높아 단기 고평가 구간이며, 전일 -2.28% 하락과 거래량 증가로 조정 조짐이 포착됨. 성과급 논란과 노사 갈등이라는 개별 악재, 과거 낮은 성과 경험 및 확신도 'low'를 고려할 때 보유 리스크를 줄이는 것이 합리적. 수익이 발생한 상태(미실현손익 +643,500원)이므로 이익을 확정하고 현금 비중을 높여 변동성에 대비하고자 함. 매도 후 현금 약 102,858,419원 확보, 향후 조정 시 저가 매수 기회를 노릴 수 있음."
simulation_20260625_154954,2026-05-14,13,A014,2026-05-14,2026-05-13,2026-05-13,2026-05-14,prior_close,005930,buy,90,276000.0,limit,"현재 주가(284,000원)는 20일 이동평균(236,300원) 대비 고평가 구간이나, 5일 이동평균(277,700원) 부근으로 하락 시 단기 지지 가능성이 있음. 파업 리스크(21일 예정)가 단기 악재이나, 반도체 업황 호조와 외국인 수급 개선 기대가 중장기 호재로 작용할 것으로 판단. 과거 낮은 성과와 확신도 'medium'을 고려해 보수적으로 진입하며, 276,000원(5일선 근처)에서 지정가 매수로 하방 리스크를 제한. 현금 비중이 충분하므로 일부 매수로 포트폴리오 분산 효과를 노림."
simulation_20260625_154954,2026-05-15,14,A014,2026-05-15,2026-05-14,2026-05-14,2026-05-15,prior_close,005930,buy,51,285000.0,limit,"시장 분석 결과, 단기 조정 가능성(20일 이동평균 대비 23% 고평가, 파업 리스크)을 감안하여 추격 매수보다 5일선(282,600원) 부근에서 저가 매수 기회를 노림. 중장기 상승 추세와 반도체 업황 호조, 외국인 수급 개선 등 긍정적 요인을 고려해 조정 시 분할 매수 전략이 적합함. 현재 현금 비중(약 1.03억)이 높아 보수적으로 전체 현금의 약 14%를 사용해 51주(약 2,900만원)를 지정가 매수하며, 추가 하락 시 추가 매수 여력을 확보함. 뉴스 헤드라인(미국 반도체 호실적, AI 소부장)은 중립적으로 반영하되 파업 리스크는 가격에 선반영될 가능성을 고려함."
simulation_20260625_154954,2026-05-18,15,A014,2026-05-18,2026-05-15,2026-05-15,2026-05-18,prior_close,005930,sell,17,270500.0,limit,"단기 고평가 부담(5일선 283,000원 이탈, 밸류에이션 상단)과 파업·감산 부정적 헤드라인, 코스피 약세로 추가 조정 리스크가 우세합니다. 현재 평단(270,500원)과 동일하므로 손실 없이 일부 차익 실현하여 현금 비중을 높이고, 조정 시 매수 여력을 확보합니다. 손절 기준(평단 이하 하락 시)을 사전 설정하며 방어적 포지션을 강화합니다."
