outputs/logs/simulation_20260625_154954/submitted_orders.csv
run_id,date,turn,agent_id,decision_date,market_features_date,news_max_date,execution_date,information_mode,stock_code,direction,quantity,price,order_type,reason
simulation_20260625_154954,2026-04-24,1,A009,2026-04-24,2026-04-23,2026-04-23,2026-04-24,prior_close,005930,buy,111,223000.0,limit,"기술적 지표(5일·20일 이동평균선 상회, 거래량 증가)와 SK하이닉스 실적 서프라이즈, GDP 성장 호재 등 거시·업종 모멘텀을 고려해 단기 상승 기대. 다만 노조 파업·기술 유출 악재와 과거 저조한 성과로 인해 신중한 접근이 필요하여, max_buy_quantity(222주)의 절반인 111주만 분할 매수. 가격은 현재가 대비 소폭 낮은 223,000원으로 지정가 주문해 하방 리스크를 완화."
simulation_20260625_154954,2026-04-27,2,A009,2026-04-27,2026-04-24,2026-04-24,2026-04-27,prior_close,005930,buy,34,217000.0,limit,"기술적 지표상 5일선(219,000원)과 20일선(202,742원) 위에 위치해 단기 지지대는 유지 중이나, 거래량 급감과 뉴스 혼조로 확신이 낮아 보수적 분할 매수로 접근. 정부의 평택 반도체 산단 지원 발언은 중장기 긍정 요인으로, 소폭 하락 시 평균단가(223,000원)를 낮추고 손실 폭을 줄이기 위해 217,000원(5일선 이하 0.9% 하락)에 지정가 매수. 현재 현금 비중이 약 75%로 충분하며, 34주 매수 시 약 737만 원 사용으로 max_single_trade_cash(3,761만 원) 이내. 과거 저조한 성과를 반성해 과도한 베팅을 피하고 분할 매수로 리스크 분산."
simulation_20260625_154954,2026-04-28,3,A009,2026-04-28,2026-04-27,2026-04-27,2026-04-28,prior_close,005930,buy,30,222000.0,limit,"기술적 지표는 중립적이지만 5일선(221,000원) 지지 확인을 위해 소량 분할 매수. ETF 수급 유입은 중장기 긍정 요인이나 FOMC·실적 불확실성이 커 보수적 접근. 현재 현금 비중이 높아(67.6%) 소량 매수로 평균단가 관리 및 저가 매수 기회를 노림."
simulation_20260625_154954,2026-04-29,4,A009,2026-04-29,2026-04-28,2026-04-28,2026-04-29,prior_close,005930,buy,1,222000.0,limit,"기술적 지표는 5일선(221,600원) 위에 있으나 거래량 감소로 방향성 모호. AI 관련 긍정 뉴스(구글 협력, ETF 자금 유입)가 중장기 모멘텀에 소폭 긍정적 신호를 추가했으나, 노조 리스크와 거시 불확실성으로 단기 방향성 확신이 낮아 관망이 적절함. 그러나 hold가 불가능하므로 소량 매수(1주)로 포지션을 거의 유지하며 긍정적 신호를 반영. 과거 성과 저조를 고려해 과도한 베팅은 피함."
simulation_20260625_154954,2026-04-30,5,A009,2026-04-30,2026-04-29,2026-04-29,2026-04-30,prior_close,005930,sell,10,226000.0,limit,기술적 지표는 5일선 위에 있으나 거래량 증가 부진과 단기 고평가 구간(20일선 대비 7.8% 프리미엄)으로 추가 상승 확신이 낮음. 노사 갈등 리스크와 혼조된 뉴스로 방향성 불확실. 과거 저성과 경험을 고려해 현재 소액 이익 상태에서 일부 차익 실현하여 리스크를 축소하고 현금 비중을 확보하는 것이 합리적이라고 판단.
simulation_20260625_154954,2026-05-04,6,A009,2026-05-04,2026-04-30,2026-04-30,2026-05-04,prior_close,005930,sell,20,221000.0,limit,"5일선(222,500원) 이탈로 단기 약세 신호 발생, 파업 리스크 구체화로 하방 압력 증가. 손실이 소액(-0.22%)인 상태에서 추가 하락 시 손실 확대를 방지하기 위해 일부 포지션 축소. 현금 비중(61%) 유지하며 리스크 관리. 매도 지정가는 5일선 근처에서 회복 시 재매수 기회를 고려."
simulation_20260625_154954,2026-05-06,7,A009,2026-05-06,2026-05-04,2026-05-04,2026-05-06,prior_close,005930,sell,50,232500.0,limit,"부정적 뉴스(금리인상 발언, TV 사업 위기, 국민연금 차익실현 논의)와 기술적 지표(5일선 이탈 시 20일선 하방 리스크, 거래량 급증에도 가격 상승 미미)를 고려할 때 단기 하방 압력이 강화됨. Belief에서 단기 전망을 중립에서 약세로 조정했으며, 확신도가 'medium'으로 높지 않지만 과거 낮은 성과 경험을 반복하지 않기 위해 보유 비중을 축소하여 리스크를 줄이는 것이 적절하다고 판단. 현재 미실현 이익이 소폭 있으나, 추가 하락 시 손실로 전환될 가능성을 고려해 보유 수량 중 일부를 매도하여 현금 비중을 높임."
simulation_20260625_154954,2026-05-07,8,A009,2026-05-07,2026-05-06,2026-05-06,2026-05-07,prior_close,005930,sell,50,268000.0,limit,"기술적 지표에서 거래량 급증(61.3%↑) 대비 가격 상승률(0.14%)이 낮아 단기 과열 및 조정 가능성이 감지됨. 중동발 유가 상승 리스크가 물가·금리 우려로 이어질 수 있어 거시적 불확실성 존재. 확신도가 중간 수준이므로 무리한 보유보다는 현금 비중을 늘려 하락 시 매수 기회를 확보하는 것이 적절. 현재 보유 비중(105주)에서 50주를 매도하여 현금 비중을 높이고, 실현 이익을 확보하며 리스크를 축소함."
simulation_20260625_154954,2026-05-08,9,A009,2026-05-08,2026-05-07,2026-05-07,2026-05-08,prior_close,005930,sell,10,271500.0,limit,"기술적 지표(5일선·20일선 상회)는 긍정적이나 거래량 감소(전일 대비 22%↓)와 파업 리스크, 반도체 업종 부진 뉴스로 단기 조정 가능성이 높아짐. 현재 주가가 20일선 대비 22.5% 높아 과열 구간이며, 혼재된 뉴스로 확신도가 중간 수준에 머물러 보수적 대응이 필요. 포트폴리오 집중도(55주, 미실현 이익 274만원)를 고려해 일부 차익실현으로 리스크를 축소하고 현금 비중을 확보함."
simulation_20260625_154954,2026-05-11,10,A009,2026-05-11,2026-05-08,2026-05-08,2026-05-11,prior_close,005930,sell,55,270000.0,limit,"전일 거래량 급감(-37.5%)과 주가 하락(-1.1%)으로 매수세 약화 신호. 20일선 대비 19.6% 높은 밸류에이션 부담, 중국 브랜드 생태계 장악 뉴스 등 중장기 경쟁 리스크가 혼재. PER 저평가 논리는 긍정적이나 당일 방향성 불확실하고 이미 7.47% 수익률을 기록 중이므로, 보유 주식을 전량 매도하여 현금 비중을 높이고 리스크를 축소하는 것이 적절하다고 판단."
simulation_20260625_154954,2026-05-12,11,A009,2026-05-12,2026-05-11,2026-05-11,2026-05-12,prior_close,005930,buy,189,282000.0,limit,"기술적 지표(5일선·20일선 상회, 거래량 39% 급증)와 코스피 강세 등 긍정 신호가 우세하나, 노사 리스크와 밸류에이션 부담(20일선 대비 25%↑)으로 단기 조정 가능성을 고려해 보수적으로 지정가 282,000원(전일 종가 대비 약 1.2% 하락)에 매수. 최대 매수 가능 수량(189주)의 일부만 주문하여 현금 비중을 유지하고, 과거 낮은 성과 경험을 반영해 과도한 추격 매수는 자제. 핵심 근거: 거래량 증가와 추세 신호."
simulation_20260625_154954,2026-05-13,12,A009,2026-05-13,2026-05-12,2026-05-12,2026-05-13,prior_close,005930,sell,1,280000.0,limit,"전일 종가 하락과 거래량 증가, 밸류에이션(20일선 대비 25% 높음) 부담, '롤러코스피' 변동성 경계, 성과급 논란 노사 리스크 등 혼재 신호 속에서 추가 매수는 자제하고 이익 실현을 위해 소량 매도로 현금 비중을 늘려 리스크를 낮추려 함. 헤드라인 뉴스에서 긍정적 신호(성장률 1위)가 있으나 확신도가 낮아 보수적 접근."
simulation_20260625_154954,2026-05-14,13,A009,2026-05-14,2026-05-13,2026-05-13,2026-05-14,prior_close,005930,sell,50,284000.0,limit,"파업 리스크 현실화와 밸류에이션 부담(20일선 대비 20% 괴리)으로 단기 하방 압력이 우세하다고 판단. 거래량 감소와 관망세 속에서 차익 실현 압력이 증가할 것으로 예상되어, 보유 비중을 축소하여 현금 비중을 확보하고 리스크를 관리함. 과거 투자 실패 경험으로 손실 회피 성향이 강해져 보수적 대응이 필요함."
simulation_20260625_154954,2026-05-15,14,A009,2026-05-15,2026-05-14,2026-05-14,2026-05-15,prior_close,005930,buy,35,296000.0,limit,"기술적 상승 추세(MA5, MA20 상승, 거래량 증가)와 긍정적인 거시 환경(나스닥 최고치, 반도체 훈풍)이 단기 모멘텀을 지지합니다. 현재 보유 현금 비중이 약 63%로 높아, 추세 신뢰도를 바탕으로 현금 일부를 활용한 추가 매수가 적절하다고 판단했습니다. 다만 괴리율(20일선 대비 +23%) 부담을 고려해 보수적인 수량으로 제한하며, 과거 낮은 성과 경험을 반영해 과도한 추격을 피했습니다."
simulation_20260625_154954,2026-05-18,15,A009,2026-05-18,2026-05-15,2026-05-15,2026-05-18,prior_close,005930,sell,5,275000.0,limit,"단기적으로 파업 리스크와 차익 실현 매물로 조정 압력이 예상되고, 5일선을 하회하며 기술적 추세가 약화되었습니다. 보유 손실 상태(-2.4%)지만, 현금 비중이 57%로 충분해 리스크 관리 차원에서 소량 익절 및 포지션 축소를 통해 변동성에 대비합니다. 헤드라인 스캔 결과 부정적 뉴스(파업·감산)가 우세해 확신도가 낮아 과도한 매도를 지양하고, 270,000원 지지 이탈 시 추가 하락 가능성을 고려해 소극적 매도로 현금을 확보합니다."
simulation_20260625_154954,2026-04-24,1,A030,2026-04-24,2026-04-23,2026-04-23,2026-04-24,prior_close,005930,buy,50,224500.0,limit,"반도체 업황 호조와 저평가 매력에 주목하나, 노조 리스크와 기술 유출 이슈가 단기 부담으로 작용해 중립적 관점을 유지합니다. 현재 현금 100% 보유 상태로, 초기 진입 시 소액 분할 매수 전략이 적합하다고 판단했습니다. 시장 분석에서 PER/PB 저평가와 기술적 상승 추세를 확인했으나, 확신도가 중간 수준이므로 보수적으로 50주(약 1,125만원)만 매수하여 리스크를 제한합니다."
simulation_20260625_154954,2026-04-27,2,A030,2026-04-27,2026-04-24,2026-04-24,2026-04-27,prior_close,005930,buy,50,215000.0,limit,"1분기 어닝 서프라이브(영업이익 57.2조원)로 실적 모멘텀은 강하나, 성과급 갈등과 미토스 리스크로 단기 변동성이 예상되어 추가 하락 시 분할 매수 전략을 채택. 현재 주가(219,500원)는 5일선(219,000원) 부근에서 등락 중이며, PER/PB 저평가 매력이 유효하므로 215,000원(5일선 이탈 시 지지선 예상)에서 분할 매수하여 평균단가를 낮추고 장기 보유 관점에서 진입. 거래량 감소와 개인 순매도로 매수 동력이 약화된 점을 고려해 신중히 50주만 매수하여 현금 비중(약 89%)을 유지하며 리스크 관리."
simulation_20260625_154954,2026-04-28,3,A030,2026-04-28,2026-04-27,2026-04-27,2026-04-28,prior_close,005930,buy,10,224500.0,limit,"현재 주가가 저평가 구간에 근접하고 단기 상승 추세를 보이나, FOMC와 빅테크 실적 등 대외 변수 리스크를 고려해 소량 매수로 포지션을 소폭 확대하며 관망 전략을 유지함. 핵심 근거: 저평가 매력과 ETF 수급 호재, 단기 기술적 긍정 신호."
simulation_20260625_154954,2026-04-29,4,A030,2026-04-29,2026-04-28,2026-04-28,2026-04-29,prior_close,005930,buy,10,218000.0,limit,"파업 리스크로 추가 하락 시 저평가 구간 진입 가능성 기대. 밸류에이션 상 PE/PB 저평가 근접, AI 협력과 가전 구조조정 중장기 호재 고려해 제한적 매수 기회 활용. 현재 포트폴리오 삼성전자 비중 24%로 적정, 분산 원칙 준수하며 소량 매수로 대응."
simulation_20260625_154954,2026-04-30,5,A030,2026-04-30,2026-04-29,2026-04-29,2026-04-30,prior_close,005930,buy,1,226000.0,limit,"현재 주가 226,000원은 1분기 호실적 대비 저평가 구간으로 판단되고, 기술적 지지선(MA5, MA20) 상회 및 거래량 증가는 저가 매수세 유입을 시사함. 다만 노사 갈등과 빅테크 실적 불확실성이 상존하여 적극적 매수보다는 소액 매수로 저가 분할 매수의 기회를 잡고자 함. 포트폴리오 현금 비중(75%)이 높아 현금 비중을 소폭 줄여 리스크를 분산하는 차원에서 1주만 추가 매수함."
simulation_20260625_154954,2026-05-04,6,A030,2026-05-04,2026-04-30,2026-04-30,2026-05-04,prior_close,005930,buy,30,219500.0,limit,"핵심 근거는 1분기 사상 최대 실적(매출 133조, 영업익 57조)과 저평가된 PER(220,500원 기준)이며, 노조 파업 리스크가 단기 변동성을 키우나 중장기 펀더멘털이 하방을 지지. 거래량 증가(8.8%)는 저가 매수세 유입 시사. 과거 낮은 성과와 신중 낙관 관점에서 분할 매수로 리스크 분산. 현재 포트폴리오 현금 비중 75.5%로 충분한 여력 있으며, 220,000원 지지선 근처에서 분할 진입."
simulation_20260625_154954,2026-05-06,7,A030,2026-05-06,2026-05-04,2026-05-04,2026-05-06,prior_close,005930,buy,54,225000.0,limit,"PER 6배 내외의 역사적 저평가와 1분기 사상 최대 실적이 하방을 지지하나, 국민연금 차익실현 논의와 금리 인상 우려로 단기 변동성이 예상됨. 거래량 증가는 저가 매수세 유입 신호로, 220,000~225,000원 지지선에서 분할 매수하여 평균 단가를 낮추는 전략이 적합. 현재 현금 비중 74.5%로 충분한 안전 마진을 보유하고 있어, 보수적 분할 매수로 리스크를 통제함. 225,000원은 5일 이동평균선(225,100원) 근처로 기술적 지지 가능성이 있음."
simulation_20260625_154954,2026-05-07,8,A030,2026-05-07,2026-05-06,2026-05-06,2026-05-07,prior_close,005930,buy,71,262000.0,limit,"중장기 저평가 매력(PER 6배)과 반도체 업황 호조는 여전히 유효하나, 단기 급등 및 시장 과열 신호로 인해 추가 매수는 신중한 분할 접근이 필요. 현재 현금 비중 72%로 충분한 여력이 있으나, 안전마진을 고려해 현재가(266,000원)보다 낮은 262,000원에 지정가 주문하여 조정 시 매수 기회를 포착. 과거 낮은 성과를 반성하며 가치 평가와 안정성을 우선시하되, 완전 관망보다는 분할 진입으로 포트폴리오 비중을 점진적으로 확대. 뉴스의 노조 리스크와 물가 상승 우려는 단기 변동성 요인이므로, 분할 매수로 리스크 분산."
simulation_20260625_154954,2026-05-08,9,A030,2026-05-08,2026-05-07,2026-05-07,2026-05-08,prior_close,005930,buy,5,260000.0,limit,"시장 분석 결과 현재 주가 271,500원은 단기 급등했으나 PER 6배, PBR 1.2배로 저평가 상태가 유지되고, 평택 신공장 조기착공과 반도체 수요 호조가 중장기 성장을 뒷받침합니다. 다만 노사 갈등과 전기료 인상 리스크로 단기 변동성이 확대될 가능성이 있어, 260,000원 이하로 조정 시 분할 매수하는 전략이 합리적입니다. 현재 현금 비중 72%로 충분한 여유가 있고, 미실현 이익 23%로 안전마진이 있어 소량 매수로 평균 단가를 낮추면서 하락 시 추가 매수 기회를 확보합니다. 거래 제약 상 최대 매수 가능 수량 139주를 초과하지 않으며, 가용 현금 내에서 실행 가능합니다."
simulation_20260625_154954,2026-05-11,10,A030,2026-05-11,2026-05-08,2026-05-08,2026-05-11,prior_close,005930,sell,11,270000.0,limit,"뉴스 '삼전닉스 PER 역사적 저평가'는 중장기 긍정 요인이나, DX 부문 이익률 악화와 거래량 감소(37.5%)로 단기 상승 동력 약화가 감지됩니다. Belief에서 단기 260,000~275,000원 박스권 등락 및 변동성 확대를 예상하며, 현재 포트폴리오 미실현이익 21.9%를 고려해 차익실현을 통해 현금 비중(72%)을 확대하고 변동성 리스크에 대비합니다. 270,000원은 박스권 상단에 근접해 차익실현 매물이 출회될 구간으로 판단합니다."
simulation_20260625_154954,2026-05-12,11,A030,2026-05-12,2026-05-11,2026-05-11,2026-05-12,prior_close,005930,sell,1,285500.0,limit,"노사 갈등 리스크(21일 파업 가능성)와 코스피 급등 피로감으로 단기 불확실성이 높아, 포트폴리오 리스크 관리 차원에서 일부 이익을 실현합니다. 현재 미실현이익 21.9%를 소폭 확보하며, 대부분의 포지션은 유지한 채 파업 결과 확인 후 재매수 기회를 모색합니다. (핵심 근거: 뉴스의 노사 갈등, 시장 데이터의 변동성 확대, 포트폴리오 현금 비중 유지)"
simulation_20260625_154954,2026-05-13,12,A030,2026-05-13,2026-05-12,2026-05-12,2026-05-13,prior_close,005930,buy,40,275000.0,limit,"현재 포트폴리오는 현금 비중이 73%로 충분한 매수 여력이 있으며, 글로벌 이익 대비 저평가 상태와 반도체 업황 호조는 중장기 가치를 지지합니다. 단기 노사 갈등과 시장 피로감으로 추가 하락 가능성이 있으나, 2700원 초반대는 기술적 지지선으로 판단하여 저가 매수 기회를 활용하고자 합니다. 과거 성과가 낮았던 경험을 고려해 보수적 수량(40주, 약 1,100만원)으로 분할 매수하며, 오늘의 Belief에서 단기 변동성을 인지하고 중장기 저평가 관점을 유지한다는 점을 반영했습니다. 뉴스 신호 중 혼재된 요인을 고려해 과도한 매수는 피하고, 현금 비중 70% 이상을 유지해 추가 하락 리스크에 대비합니다."
simulation_20260625_154954,2026-05-14,13,A030,2026-05-14,2026-05-13,2026-05-13,2026-05-14,prior_close,005930,sell,50,284000.0,limit,"단기 파업 리스크와 차익 실현 매물 우려로 일부 익절. 뉴스 혼조와 거래량 감소 고려, 리스크 관리 차원에서 매도 결정."
simulation_20260625_154954,2026-05-15,14,A030,2026-05-15,2026-05-14,2026-05-14,2026-05-15,prior_close,005930,buy,1,288000.0,limit,"PBR 1배 돌파로 저평가 매력은 약화되었으나, AI 반도체 수요 구조적 성장과 외국인 자금 유입이 중장기 지지 요인입니다. 현재 보유 현금 비중이 86%로 높고, 평단 대비 이익 구간에서 소량 추가 매수를 통해 변동성 확대 국면에서 평균 단가를 낮추는 기회를 모색합니다. 과거 낮은 성과 경험상 적극 매수는 부담스러우나, 5일선(282,600원) 부근 조정 시 분할 매수 전략의 일환으로 1주만 지정가 매수하여 리스크를 최소화합니다. 뉴스의 혼조 신호와 확신도 'medium'을 고려하여 보수적 수량으로 접근합니다."
simulation_20260625_154954,2026-05-18,15,A030,2026-05-18,2026-05-15,2026-05-15,2026-05-18,prior_close,005930,buy,15,267000.0,limit,"PER 8배 역사적 저평가 구간에서 AI 반도체 구조적 수요가 하단을 지지할 것으로 판단하여 분할 매수 기회로 활용. 현금 비중 87%로 충분한 여력 있으며, 보유 주식 평단 대비 22% 이익 구간으로 추가 리스크 감내 가능. 다만 파업 장기화 리스크를 고려해 보수적으로 15주(약 400만원)만 매수. 뉴스는 부정적 우세지만 전문가 저평가 분석과 중장기 회복 근거를 반영."
simulation_20260625_154954,2026-04-24,1,A006,2026-04-24,2026-04-23,2026-04-23,2026-04-24,prior_close,005930,buy,100,222500.0,limit,"기술적 지표(5일·20일 이동평균선 상회, 거래량 증가)가 단기 상승 추세를 지지하고, 1분기 GDP 호조와 SK하이닉스 실적 호재가 반도체 업종 전반에 긍정적입니다. 주가가 과열권이 아닌 점과 노조 파업·기술 유출 악재를 고려해 현재가보다 낮은 지정가(222,500원)로 분할 매수해 리스크를 완화합니다. 관망을 고려했으나, 거래 제약상 'hold'가 불가하므로 신중한 매수로 전환했습니다."
simulation_20260625_154954,2026-04-27,2,A006,2026-04-27,2026-04-24,2026-04-24,2026-04-27,prior_close,005930,buy,50,215000.0,limit,"밸류에이션(PER 10배, PBR 1.1배)이 저평가 구간이고, 중기 20일선 상승 추세 유지 중이며, 정치적 지원(평택공장)이 장기 호재입니다. 거래량 급감과 단기 조정 가능성은 있으나, 추가 하락 시 분할 매수 기회로 판단하여 보수적인 수량으로 지정가 매수합니다. 과거 손실 시 추가 매수 패턴을 의식해 과도한 매수는 피하고, 현금 비중이 충분해 리스크를 제한합니다."
simulation_20260625_154954,2026-04-28,3,A006,2026-04-28,2026-04-27,2026-04-27,2026-04-28,prior_close,005930,buy,74,223000.0,limit,"기술적 상승 추세(MA5 > MA20)와 거래량 증가가 긍정적이며, 저평가된 밸류에이션이 매수 심리를 지지합니다. 단기 변동성 우려로 분할 매수 전략을 선택했으며, 5일선 부근(221,000원) 지지가 확인되면 추가 매수 기회를 볼 수 있습니다. 포트폴리오 현금 비중이 66.5%로 충분해 보수적으로 74주(약 16,502,000원)를 매수하여 평단을 낮추고 현금 비중을 50% 수준으로 조정합니다."
simulation_20260625_154954,2026-04-29,4,A006,2026-04-29,2026-04-28,2026-04-28,2026-04-29,prior_close,005930,buy,22,218000.0,limit,"기술적 지표상 MA5(221,600)와 MA20(207,893) 정배열로 상승 추세는 유지 중이나 전일 하락(-1.1%)과 거래량 감소(-19.4%)로 단기 모멘텀 약화. 뉴스 혼조 속 AI 호재와 파업 충격 제한적 판단으로 하방 지지력 확보. 저평가 매력(낮은 PER/PBR)이 유지되어 218,000원(MA20 근처)으로 분할 매수 시 평단 하락 기대. 포트폴리오 현금 비중 약 50%로 추가 매수 여력 있어 보수적 수량(22주)으로 접근."
simulation_20260625_154954,2026-04-30,5,A006,2026-04-30,2026-04-29,2026-04-29,2026-04-30,prior_close,005930,sell,20,228000.0,limit,"현재 2.3% 미실현 이익 상태에서 처분효과(수익 시 조기 매도) 성향을 고려, 일부 차익 실현으로 리스크를 축소함. 거래량 증가 미미, 노사 갈등 뉴스 혼조, 확신도 medium으로 추가 상승 확신이 낮아 보유 비중 축소가 합리적. 현금 비중 50% 유지하며, 평단(220,991원) 대비 이익을 확정하는 전략."
simulation_20260625_154954,2026-05-04,6,A006,2026-05-04,2026-04-30,2026-04-30,2026-05-04,prior_close,005930,sell,50,221500.0,limit,"뉴스에서 노사 갈등 악재(청와대 파업 보고서, 대통령 과도한 요구)가 부각되어 단기 불안감이 크고, 주가가 ma5(222,500원) 아래에 있어 추세 반전이 확인되지 않아 보수적 관점 유지. 과거 낮은 성과 경험과 손실 민감도가 높아 이익 확정 및 위험 관리 필요. 포트폴리오의 미실현 손익 -110,000원으로 소폭 손실이나, 추가 하락 시 손실 확대 우려로 일부 매도를 통해 현금 비중을 늘려 리스크 완화."
simulation_20260625_154954,2026-05-06,7,A006,2026-05-06,2026-05-04,2026-05-04,2026-05-06,prior_close,005930,sell,50,232500.0,limit,"현재 주가 232,500원은 MA20 대비 8.6% 프리미엄으로 밸류에이션 부담이 있고, TV사업 부진·금리 인상 우려·유명 투자자 부정적 발언 등 부정적 뉴스가 겹쳐 단기 약세 전망이 강화됨. 미실현 이익이 2,002,554원 발생한 상태에서 차익실현을 통해 현금 비중을 확대하고 리스크를 줄이는 것이 적절하다고 판단. 거래량 증가에도 추세 반전 신호가 없어 보수적 관점 유지."
simulation_20260625_154954,2026-05-07,8,A006,2026-05-07,2026-05-06,2026-05-06,2026-05-07,prior_close,005930,buy,70,262000.0,limit,"반도체 업황 호조와 기관 수급 유입, '코스피 시총 증가분 80%가 삼전닉스' 헤드라인에서 강한 매수 심리 확인. 기술적 추세(MA5, MA20 상회)와 거래량 증가(전일 대비 61.3%)가 지지. 밸류에이션 부담(MA20 대비 22% 프리미엄)과 물가 리스크를 고려해 현금 비중(69.5%)을 유지하며 보수적 매수. 과거 단기 차익실현 성향을 감안, 추세 지속 시 추가 상승 여력을 노리되 지정가(262,000원)로 조정 리스크 완화."
simulation_20260625_154954,2026-05-08,9,A006,2026-05-08,2026-05-07,2026-05-07,2026-05-08,prior_close,005930,sell,30,272000.0,limit,"파업·갈등 부정 헤드라인 3건 우세, 거래량 감소(-22%), MA20 대비 22% 프리미엄으로 밸류에이션 부담. 과거 손실 경험상 고점 인식 시 차익실현 욕구가 강해져 일부 이익을 확보하고 현금 비중을 높이려는 판단. 관망보다는 소폭 매도가 현금 비중 유지와 리스크 축소에 적합."
simulation_20260625_154954,2026-05-11,10,A006,2026-05-11,2026-05-08,2026-05-08,2026-05-11,prior_close,005930,sell,30,268000.0,limit,"기술적 지표상 거래량 급감(-37.5%)과 전일 하락(-1.1%)으로 단기 조정 가능성이 있으며, 부정 뉴스(삼성 아픈 손가락, 삼성증권 부진)와 밸류에이션 부담(MA20 대비 22% 프리미엄)이 혼재되어 확신도가 낮습니다. 미실현 이익 21.7%를 일부 실현하여 현금 비중을 높이고 리스크를 관리하는 것이 적절하다고 판단했습니다. 저평가 분석 뉴스가 있으나 단기 모멘텀 약화를 우선 고려하여 보수적으로 30주만 매도합니다."
simulation_20260625_154954,2026-05-12,11,A006,2026-05-12,2026-05-11,2026-05-11,2026-05-12,prior_close,005930,sell,94,285500.0,limit,"파업 리스크 구체화와 밸류에이션 부담(MA20 대비 25% 프리미엄)으로 하방 압력이 강화되었고, 부정적 헤드라인이 투자 심리를 위축시킴. 미실현 이익 10.78%에 불안을 느껴 수익 실현을 통해 리스크를 낮추는 것이 적합하다고 판단. 기술적 상승 추세는 유지되나 단기 조정 가능성과 불확실성이 커 현금 비중을 높이는 방향이 안전."
simulation_20260625_154954,2026-05-13,12,A006,2026-05-13,2026-05-12,2026-05-12,2026-05-13,prior_close,005930,sell,10,279000.0,limit,"기술적 조정 신호(전일 하락 및 거래량 증가)와 밸류에이션 부담(MA20 대비 20% 프리미엄)으로 단기 리스크가 확대되었고, 본인의 수익 시 빠른 매도 성향을 고려하여 일부 이익을 실현합니다. 혼재된 뉴스와 불확실한 시장 환경에서 현금 비중을 높여 보수적으로 대응합니다."
simulation_20260625_154954,2026-05-14,13,A006,2026-05-14,2026-05-13,2026-05-13,2026-05-14,prior_close,005930,sell,30,284000.0,limit,"단기 조정 리스크(노조 파업, 반도체 경고)와 밸류에이션 부담(MA20 대비 약 20% 프리미엄) 인식, 부정적 뉴스 우위로 수익 실현 후 현금 비중 확대가 필요하다고 판단. 수익 구간에서 빠른 매도 성향을 반영하고, 추가 하락 시 분할 매수 기회를 위해 현금을 확보하려 함."
simulation_20260625_154954,2026-05-15,14,A006,2026-05-15,2026-05-14,2026-05-14,2026-05-15,prior_close,005930,sell,10,296000.0,limit,"밸류에이션 부담(MA20 대비 22.9% 프리미엄)과 노조 리스크, 반도체 경기 변수 등 불확실성이 존재하여 단기 차익 실현이 적절하다고 판단. 긍정적 뉴스 흐름에도 삼성전자 직접 호재가 없어 확신도가 medium 수준이며, 처분효과에 따라 현재 이익(18.3%)을 일부 확정하기 위해 보유 주식 54주 중 10주를 지정가 296,000원에 매도함. 거래량 증가와 상승 추세가 유지되므로 전량 매도 대신 일부 매도로 리스크와 기회를 균형있게 관리."
simulation_20260625_154954,2026-05-18,15,A006,2026-05-18,2026-05-15,2026-05-15,2026-05-18,prior_close,005930,sell,30,270500.0,limit,"단기 조정 가능성 증가와 부정적 뉴스(파업, 감산) 영향으로 주가가 MA5를 하회하며 270,500원까지 하락. 기술적 지표 악화와 밸류에이션 부담 감안 시 추가 하락 리스크가 우세. 보유 중인 54주 중 일부(30주)를 매도하여 현금 비중을 확보하고, 손실 회피 성향에 따라 차익실현과 리스크 축소를 병행. MA20(243,750원) 근처 지지 확인 후 재매수를 고려할 예정."
