outputs/logs/simulation_20260625_154954/submitted_orders.csv
run_id,date,turn,agent_id,decision_date,market_features_date,news_max_date,execution_date,information_mode,stock_code,direction,quantity,price,order_type,reason
simulation_20260625_154954,2026-04-24,1,A033,2026-04-24,2026-04-23,2026-04-23,2026-04-24,prior_close,005930,buy,133,222000.0,limit,"현재 주가(224,500원)는 20일 이동평균 대비 12% 상승했으나, 반도체 초호황과 GDP 서프라이즈(1.7%)를 고려하면 저평가 영역으로 판단됩니다. SK하이닉스 어닝 서프라이즈와 메타렌즈 신기술은 중장기 성장성을 지지하나, 노조 리스크와 기술 유출 이슈로 단기 불확실성이 존재합니다. 따라서 분할 매수 전략으로 222,000원(현재가 대비 약 1.1% 하락)에 지정가 주문을 제출하여 하방 리스크를 완화하고, 초기 진입 비중을 현금의 약 30% 수준으로 보수적으로 설정했습니다. 핵심 근거는 가치평가(저평가)와 거시경제(반도체 호황)이며, 뉴스 혼조 신호를 반영해 신중하게 접근합니다."
simulation_20260625_154954,2026-04-27,2,A033,2026-04-27,2026-04-24,2026-04-24,2026-04-27,prior_close,005930,buy,10,219000.0,limit,"현재 주가가 1분기 실적 및 업황 대비 저평가 상태라고 판단되어 매수 결정. 다만 단기 변동성(성과급 갈등, 개인 순매도)을 고려해 소량 분할 매수로 접근하며, 기술적 지지선(219,000원) 근처에서 지정가 주문으로 리스크를 제어."
simulation_20260625_154954,2026-04-28,3,A033,2026-04-28,2026-04-27,2026-04-27,2026-04-28,prior_close,005930,buy,76,221000.0,limit,"현재 포트폴리오는 현금 비중이 약 68%로 충분히 높고, 삼성전자는 1분기 깜짝 실적, 반도체 호황, ETF 수급 확대, AI 협력 등 중장기 저평가 매력이 뚜렷합니다. 다만 FOMC와 빅테크 실적 등 단기 변동성 리스크를 고려해 현재가(224,500원)보다 낮은 221,000원(5일 이동평균선 근처)에 지정가 매수하여 평균단가를 낮추고 분할 접근합니다. 매수 수량은 max_single_trade_cash(34,134,071원)와 현금 보유를 고려해 76주(약 16,796,000원)로 보수적으로 설정했습니다."
simulation_20260625_154954,2026-04-29,4,A033,2026-04-29,2026-04-28,2026-04-28,2026-04-29,prior_close,005930,buy,50,220000.0,limit,"현재 PER/PBR이 역사적 저평가 구간에 근접하고 1분기 깜짝 실적, ETF 수급 유입 등 내재가치 대비 매력적인 수준입니다. 파업 리스크로 단기 변동성이 예상되나 실제 생산 차질 가능성은 낮고, AI 반도체 협력 및 가전 구조조정은 중장기 호재입니다. 현금 비중이 51%로 높아 분할 매수로 평균 단가를 낮추고, 보유 중심으로 접근하되 추가 하락 시 더 매수할 여력을 남깁니다. 지정가 220,000원은 현재가(222,000원) 대비 하락 시 매수 기회를 포착하기 위해 설정했습니다."
simulation_20260625_154954,2026-04-30,5,A033,2026-04-30,2026-04-29,2026-04-29,2026-04-30,prior_close,005930,buy,30,222000.0,limit,"당일 주가 1.8% 상승과 거래량 증가로 단기 반등 흐름이나, 노사 갈등과 미국 반도체주 하락 전이 가능성으로 단기 변동성이 확대될 수 있어 추가 하락 시 분할 매수 기회를 저울질합니다. 현재 PER/PBR은 역사적 저평가 구간에 근접해 내재가치 대비 매력적이며, 1분기 깜짝 실적과 ETF 수급 유입이 하방을 지지합니다. 현금 비중이 51%로 높아 추가 하락 시 매수 여력이 충분하나, 노사 리스크가 가격에 충분히 반영되지 않았을 가능성을 고려해 보수적으로 30주만 지정가 매수하여 평균 단가를 낮추고 중장기 저평가 매수 기회를 활용합니다."
simulation_20260625_154954,2026-05-04,6,A033,2026-05-04,2026-04-30,2026-04-30,2026-05-04,prior_close,005930,buy,50,218500.0,limit,"1분기 사상 최대 실적(영업이익 57조)과 역사적 저평가 PER/PBR을 고려할 때 현재 220,500원은 내재가치 대비 매력적입니다. 단기 파업 리스크로 추가 하락 가능성이 있으나, 청와대의 생산 차질 가능성 낮음 평가가 하방을 제한합니다. 보유 현금 비중 45%를 활용해 20일선(211,815원) 근처인 218,500원에서 분할 매수로 평단을 낮추고 중장기 저평가 매수 기회를 활용합니다. 50주는 max_single_trade_cash(22,422,718원) 및 max_buy_quantity(101주) 이내이며, 현금 비중을 45%에서 34%로 축소하여 분할 매수 여력을 유지합니다."
simulation_20260625_154954,2026-05-06,7,A033,2026-05-06,2026-05-04,2026-05-04,2026-05-06,prior_close,005930,buy,10,228000.0,limit,"저평가(PER·PBR 역사적 저점)와 사상 최대 실적이 중장기 상승 동력을 제공하며, 현재 주가 232,500원은 평균 매수 단가 대비 소폭 상승했으나 여전히 내재가치 대비 매력적입니다. 단기 불확실성(국민연금 매도 논의, 금리 인상 시사)이 존재하나, 현금 비중 43.6%를 감안하여 추가 하락 시 분할 매수 기회를 활용하고자 합니다. 5일선(225,100원) 근처인 228,000원에 지정가 매수 주문을 제출하여 하락 시 저가 매수 기회를 포착하고, 손절 기준(5일선 이탈 시)을 엄격히 적용합니다."
simulation_20260625_154954,2026-05-07,8,A033,2026-05-07,2026-05-06,2026-05-06,2026-05-07,prior_close,005930,buy,10,260000.0,limit,"Belief summary emphasizes maintaining position and buying on dips; current price up 14.4% but long-term undervaluation persists. Setting limit order at 260,000 (2.3% below current) to capture potential intraday pullback, consistent with value-oriented dip-buying strategy. News confirms semiconductor boom and pension inflows support fundamentals, while short-term risks (labor strike, inflation) may cause temporary weakness."
simulation_20260625_154954,2026-05-08,9,A033,2026-05-08,2026-05-07,2026-05-07,2026-05-08,prior_close,005930,buy,30,265000.0,limit,"현재 주가 271,500원은 5일선·20일선 상회하며 상승 추세 유지 중이나, 거래량 감소와 노사 갈등 리스크로 단기 조정 가능성이 있어 265,000원(260,000~280,000원 박스권 하단 근처)에서 분할 매수 기회를 포착. PER·PBR 저평가 상태와 평택 투자·반도체 호황 등 중장기 상승 동력이 유효하며, 현금 비중(39.9%)이 충분하여 추가 매수 여력 있음. 노사 리스크 해소 시 반등 기대. 핵심 근거: 밸류에이션 저평가, 현금 비중, 기술적 박스권 하단."
simulation_20260625_154954,2026-05-11,10,A033,2026-05-11,2026-05-08,2026-05-08,2026-05-11,prior_close,005930,buy,83,260000.0,limit,"현재 PER 12배, PBR 1.1배의 역사적 저평가 구간에서 장기 가치 매력이 높고, 암테크 실적 호조 등 반도체 업황 개선 신호가 하방을 지지합니다. DX 부문 악화와 노사 갈등 등 단기 리스크로 추가 하락 가능성이 있으나, 260,000원 부근이 단기 지지선으로 예상되어 분할 매수 기회로 활용합니다. 보유 현금이 충분하고, 미실현 이익이 확보된 상태에서 저가 분할 매수를 통해 평균 단가를 낮추며 장기 보유 전략을 강화합니다."
simulation_20260625_154954,2026-05-12,11,A033,2026-05-12,2026-05-11,2026-05-11,2026-05-12,prior_close,005930,sell,30,287000.0,limit,"단기 급등(21%)으로 밸류에이션 매력 희석, 노사 갈등(파업 임박)과 경찰 수사 리스크 고조로 단기 변동성 확대 우려. 미실현 이익 29%로 차익 실현 기회 활용, 현금 비중 확보를 통한 리스크 관리 필요. 뉴스 혼조와 확신도 'medium'으로 과도한 보유보다 일부 이익 실현이 적절."
simulation_20260625_154954,2026-05-13,12,A033,2026-05-13,2026-05-12,2026-05-12,2026-05-13,prior_close,005930,buy,30,270000.0,limit,"역사적 저평가 상태와 AI 수혜 전망, 견고한 거시경제 펀더멘털이 장기 보유 신념을 강화합니다. 현재 주가 279,000원은 5일 이동평균 및 20일 이동평균 위에 있어 상승 추세를 유지 중이며, 개인 순매수 유입이 저가 매수 기회를 지지합니다. 다만 단기 변동성 확대와 노사 갈등 리스크를 고려해 270,000원 부근에서 보수적으로 매수하여 평균 단가를 낮추고, 현금 비중(약 39%)을 유지해 리스크를 관리합니다. (근거: 저평가 뉴스, GDP 성장률, 개인 순매수 데이터, 포트폴리오 현금 비중)"
simulation_20260625_154954,2026-05-14,13,A033,2026-05-14,2026-05-13,2026-05-13,2026-05-14,prior_close,005930,sell,30,284000.0,limit,"노조 21일 총파업 예고와 AI 반도체 과열 경고로 단기 불확실성이 확대되었고, 거래량 감소(전일 대비 -13.8%)는 상승 동력 약화를 시사합니다. 현재 15.56% 수익률(약 1,559만원)을 기록 중이나, 목표수익률에 근접했고 노조 리스크가 해소되기 전까지 일부 차익을 실현하여 리스크를 축소하는 것이 바람직합니다. 보유 현금 44,845,436원(약 38.8%)을 감안하면 유동성은 충분하며, 30주(약 852만원) 매도 후에도 보유 현금이 늘어나 추가 하락 시 재매수 기회를 확보할 수 있습니다."
simulation_20260625_154954,2026-05-15,14,A033,2026-05-15,2026-05-14,2026-05-14,2026-05-15,prior_close,005930,sell,33,297000.0,limit,"코스피 저평가 종료 뉴스와 PBR 1배 돌파로 밸류에이션 매력이 감소했고, 노조 파업 리스크(21일 예고)와 개인 차익실현 욕구 증가가 단기 조정 가능성을 높입니다. 현재 수익률 18.54%로 양호하며, 저평가 매수 전략의 유효성이 약화된 점을 고려하여 보유 물량의 약 15%를 차익실현하여 현금 비중을 확보하고 리스크를 관리하려 합니다. 지정가 297,000원은 현재가 대비 소폭 상단에 설정하여 체결 기회를 높였습니다."
simulation_20260625_154954,2026-05-18,15,A033,2026-05-18,2026-05-15,2026-05-15,2026-05-18,prior_close,005930,sell,50,270500.0,limit,"시장 분석 결과, 파업 리스크 현실화와 8.61% 급락으로 단기 조정 국면이 지속될 것으로 예상됩니다. PER 8배 저평가에도 불구하고 실적 불확실성이 밸류에이션 매력을 상쇄하며, 270,000원 지지선이 불안정합니다. 포트폴리오의 미실현 이익(약 22.2%)을 보호하고 현금 비중을 확대(47.6%→약 59%)하여 파업 해소 시점의 저가 매수 기회를 대비합니다. 과거 파업 리스크 예측 실패를 반성하며, 리스크 관리 차원에서 보유 주식의 일부(약 23%)를 매도합니다."
simulation_20260625_154954,2026-04-24,1,A056,2026-04-24,2026-04-23,2026-04-23,2026-04-24,prior_close,005930,buy,445,222000.0,limit,"현재 전량 현금 보유 상태로, 초기 진입을 위해 분할 매수 전략의 첫 단계를 실행합니다. 주가는 20일 이평선(200,772.5원) 대비 11.8% 상승했으나, 반도체 업황 호조와 배당 지급(2.2조)이 하방을 지지하며 중립적 밸류에이션 구간으로 판단됩니다. 노조 리스크와 기술 유출 이슈가 단기 부담이나, 장기 가치투자 관점에서 저가 매수 기회를 고려하여 222,000원(전일 종가 대비 약 1.1% 하락한 가격)에 지정가 매수 주문을 제출합니다. 매수 수량은 가용 현금의 약 10% 수준(약 99억 원 중 9.9억 원)으로 보수적으로 설정하여 추가 하락 시 현금 여력을 확보합니다. 핵심 근거는 시장 분석(반도체 업황 호조, 배당 지급)과 포트폴리오 상태(전량 현금)입니다."
simulation_20260625_154954,2026-04-27,2,A056,2026-04-27,2026-04-24,2026-04-24,2026-04-27,prior_close,005930,buy,100,218000.0,limit,"현재 주가가 219,500원으로 1분기 어닝 서프라이즈와 AI 반도체 수요 대비 저평가 구간에 있으며, Belief에서 '하락 시 분할 매수 관점'을 유지하라고 제시함. 전일 대비 2.2% 하락한 점을 매수 기회로 판단하나, 노조 총파업 리스크가 단기 하방 압력으로 작용 중이므로 소량만 매수하여 리스크를 제한함. 포트폴리오 현금 비중이 90% 이상으로 안정적이므로 추가 매수 여력이 충분함."
simulation_20260625_154954,2026-04-28,3,A056,2026-04-28,2026-04-27,2026-04-27,2026-04-28,prior_close,005930,buy,445,220000.0,limit,"삼성전자는 PER 10배 내외의 저평가 구간에 있으며 반도체 업황 호조와 ETF 자금 유입이 긍정적입니다. 다만 노조 총파업 리스크와 HBM 경쟁 열위 등 단기 악재가 혼재해 신규 매수는 신중해야 합니다. 보유 현금이 충분하고(87.8%) 분할 매수 전략의 일환으로 220,000원 이하에서 소액 매수하여 평균 매수 단가를 낮추고 리스크를 분산합니다. 지정가 주문으로 하락 시 매수 기회를 포착합니다."
simulation_20260625_154954,2026-04-29,4,A056,2026-04-29,2026-04-28,2026-04-28,2026-04-29,prior_close,005930,buy,900,218000.0,limit,"현재 주가는 PER 10배, PBR 1.2배로 저평가 구간이며, 가전 구조조정·AI 협력 강화·ETF 자금 유입 등 긍정적 신호가 중장기 실적 개선을 뒷받침합니다. 노조 파업 리스크는 정부 중재와 위원장 휴가 논란으로 약화될 가능성이 있고, 20일 이동평균(약 208,000원) 부근에서 하방 지지가 강해 추가 하락 시 분할 매수로 대응합니다. 기술적으로 5일 이동평균(221,600원) 위에 있으나, 단기 혼조 예상으로 218,000원 지정가 주문을 통해 평균 단가를 낮추고 저평가 매력을 활용합니다. 매수 수량은 가용 현금의 약 50% 이내로 설정하여 현금 비중(78%)을 관리하며, 향후 추가 하락 시 추가 매수 여력을 확보합니다."
simulation_20260625_154954,2026-04-30,5,A056,2026-04-30,2026-04-29,2026-04-29,2026-04-30,prior_close,005930,buy,500,220000.0,limit,"PER 10배, PBR 1.2배의 역사적 저평가 구간에 위치하며, 당일 주가 상승에도 불구하고 5월 총파업 리스크로 단기 조정 가능성이 높아 추가 하락 시 분할 매수 기회를 활용하기 위해 지정가 매수 주문을 제출함. 현재 보유 현금이 충분하고(78%), 미실현 이익이 소폭이므로 저가 매수로 평균 단가를 낮추는 전략이 적절하다고 판단. 뉴스상 노사 갈등 리스크가 부각되나, 장기 밸류에이션 매력과 견조한 AI 반도체 수요를 고려할 때 일부 매수는 리스크 대비 수익률이 높다고 봄."
simulation_20260625_154954,2026-05-04,6,A056,2026-05-04,2026-04-30,2026-04-30,2026-05-04,prior_close,005930,buy,200,220000.0,limit,"뉴스에서 노조 파업 리스크가 정부 개입으로 통제 가능하고 1분기 사상 최대 실적과 AI 수요 강세가 확인되어 저평가 구간(PER 10배, PBR 1.2배)에서 추가 하락 시 분할 매수 기회를 모색. 현재 주가가 5일선 하회로 단기 조정 중이나 20일선(211,815원) 지지 예상되며, 현금 비중 78%로 충분하여 소량 저가 매수로 평균 단가를 낮추고 장기 수익 기대. 포트폴리오 상태: 미실현 손실 미미, 현금 과다."
simulation_20260625_154954,2026-05-06,7,A056,2026-05-06,2026-05-04,2026-05-04,2026-05-06,prior_close,005930,sell,100,234500.0,limit,"단기적으로 노조 파업 리스크(5월21일~6월7일)와 국민연금 매도 유예 논의, 한은 금리 인상 가능성이 하방 압력으로 작용할 것으로 판단됩니다. 현재 주가가 5일 이동평균(225,100원)을 크게 상회하며 단기 급등 후 과열 가능성이 있고, 거래량 급증(48.5%)에도 불구하고 기관 매도세와 불확실성이 존재합니다. 포트폴리오 수익률이 1.16%로 소폭이지만, 처분효과 성향에 따라 일부 차익실현을 통해 현금 비중을 확보하고 리스크를 관리하는 것이 적절하다고 판단했습니다. 100주 매도 시 약 2,345만원의 현금이 추가 확보되어, 향후 하락 시 분할 매수 기회를 노릴 수 있습니다."
simulation_20260625_154954,2026-05-07,8,A056,2026-05-07,2026-05-06,2026-05-06,2026-05-07,prior_close,005930,buy,750,260000.0,limit,"오늘의 Belief에서 노조 파업 리스크가 과장되었고 저평가 매력이 크다고 판단하여, 추가 조정 시 분할 매수 기회로 전환했습니다. 시장 분석 결과 주가가 5일·20일 이동평균선 위에서 강한 상승 추세이며, 증권사 목표주가(32~36만원) 대비 저평가 상태입니다. 현재 미실현 이익이 40백만원으로 수익 구간이나, 반도체 슈퍼사이클과 ETF 자금 유입이 하방을 지지하므로 장기 보유 전략이 유리합니다. 현금 비중이 77%로 높고, 하락 시 분할 매수 전략으로 평균 단가를 낮출 여력이 충분하여 보수적으로 750주(약 1억9천5백만원, max_single_trade_cash 4.04억원 이내)를 매수합니다."
simulation_20260625_154954,2026-05-08,9,A056,2026-05-08,2026-05-07,2026-05-07,2026-05-08,prior_close,005930,buy,200,268000.0,limit,"파업 리스크가 노조 내부 분열과 정부 중재로 실현 가능성이 낮아졌고, 저평가된 밸류에이션(목표주가 대비 15~25% 할인)과 반도체 슈퍼사이클이 하방을 지지합니다. 현재 조정은 저가 매수 기회로 판단하며, 충분한 현금(8.08억원)을 활용해 평균 단가를 낮추려 합니다. 거래량 감소와 단기 변동성을 고려해 지정가 매수로 리스크를 통제합니다."
simulation_20260625_154954,2026-05-11,10,A056,2026-05-11,2026-05-08,2026-05-08,2026-05-11,prior_close,005930,buy,500,260000.0,limit,"현재 포트폴리오는 현금 비중 77%로 매우 높고, PER/PBR 역사적 저평가 상태가 지속됨. 반도체 슈퍼사이클과 AI 수요 확대는 중장기 성장 동력. 단기 노조 리스크로 260,000원까지 하락 시 기술적 지지선과 저평가 매력이 결합된 저가 매수 기회로 판단. 뉴스와 시장 데이터 중 valuation_view와 technical_view가 핵심 근거. 과거 저가 매수 전략이 성과를 낸 경험에 기반해 분할 매수로 접근."
simulation_20260625_154954,2026-05-12,11,A056,2026-05-12,2026-05-11,2026-05-11,2026-05-12,prior_close,005930,sell,200,285500.0,limit,"단기 파업 리스크(21일 총파업)와 급등(21%)에 따른 차익실현 욕구, 미실현 이익 26%를 실현하여 현금 비중을 확보하고, 불확실성 해소 전까지 리스크 관리가 필요하다고 판단. 중기 저평가 관점은 유지하나, 안정성 선호 성향을 고려하여 일부 차익실현."
simulation_20260625_154954,2026-05-13,12,A056,2026-05-13,2026-05-12,2026-05-12,2026-05-13,prior_close,005930,sell,445,281000.0,limit,"파업 리스크 현실화 가능성과 JP모건의 영업이익 최대 40조원 감소 전망으로 단기 변동성이 확대될 것으로 예상됩니다. 현재 주가 279,000원이 5일선(274,100원) 위에 있어 단기 반등 시 매도 기회를 활용하고자 합니다. 미실현 이익이 26.4%로 양호한 수준이며, 수익이 나면 빠르게 매도하는 처분효과 성향을 반영하여 보유 주식의 절반을 매도하여 이익을 확보하고 현금 비중을 높여 리스크를 관리합니다."
simulation_20260625_154954,2026-05-14,13,A056,2026-05-14,2026-05-13,2026-05-13,2026-05-14,prior_close,005930,buy,350,280000.0,limit,"Belief에서 단기 파업 리스크가 과도하게 반영된 저평가 국면(PER 7~8배, PBR 1.2배)을 저가 분할 매수 기회로 판단하였으며, 시장 분석에서 280,000원 부근이 심리적 지지선으로 작용 가능함을 확인. 정부 긴급조정권 발동 가능성과 장기 영업이익 전망(600조원)을 고려하여 추가 하락 시 분할 매수 전략을 실행. 최근 주가 284,000원 대비 1.4% 낮은 지정가로 매수하여 단기 변동성 위험을 완화. 현재 미실현 이익(28백만원)과 현금 비중(88%)이 충분하여 리스크 허용 범위 내에서 분할 매수 진행."
simulation_20260625_154954,2026-05-15,14,A056,2026-05-15,2026-05-14,2026-05-14,2026-05-15,prior_close,005930,sell,200,296000.0,limit,단기 차익실현 및 5/21 총파업 리스크 대비. 보유 수익 34%로 이익 확정 후 재매수 기회 모색. 신고가 구간에서 저평가 논리 약화와 노사 갈등 부각.
simulation_20260625_154954,2026-05-18,15,A056,2026-05-18,2026-05-15,2026-05-15,2026-05-18,prior_close,005930,sell,445,270500.0,limit,"파업 리스크 현실화로 추가 하락 가능성이 높고, 현재 미실현 이익이 있으나 급락 시 손실 전환 위험이 큼. 처분효과상 수익 구간에서 빠르게 이익 실현하는 것이 합리적이며, 현재 포트폴리오 내 현금 비중이 88.6%로 높지만 파업 불확실성이 해소될 때까지 현금 비중을 더 확대하여 리스크를 줄이는 것이 바람직함. 뉴스 분석과 시장 심리 극도 위축, 외국인 매도 지속 등이 핵심 근거."
