outputs/logs/simulation_20260625_154954/submitted_orders.csv
run_id,date,turn,agent_id,decision_date,market_features_date,news_max_date,execution_date,information_mode,stock_code,direction,quantity,price,order_type,reason
simulation_20260625_154954,2026-04-24,1,A064,2026-04-24,2026-04-23,2026-04-23,2026-04-24,prior_close,005930,buy,200,224500.0,limit,"시장 분석 결과 반도체 업황 호조와 SK하이닉스 깜짝 실적, GDP 성장률 상회 등 거시경제 호재가 삼성전자에 긍정적 환경을 조성하고 있습니다. 현재 주가(224,500원)는 5일 및 20일 이동평균선 위에 위치하며 상승 추세를 유지 중이고, PER·PBR 등 가치 지표는 저평가 영역으로 판단됩니다. 노조 갈등·기술 유출 리스크가 단기 변동성을 키울 수 있으나, 긍정적 요인이 부정적 요인을 압도한다는 판단에 따라 매수 결정. 초기 진입이므로 현금 비중을 고려해 분할 매수 전략으로 200주(약 44,900,000원)를 매수합니다."
simulation_20260625_154954,2026-04-27,2,A064,2026-04-27,2026-04-24,2026-04-24,2026-04-27,prior_close,005930,sell,10,219500.0,limit,"노조 총파업 리스크와 HBM 경쟁 지연이 단기 하방 압력을 강화하고, 개인 순매도 증가와 거래량 급감(전일 대비 43%↓)이 관망세를 확인시켜줌. 현재 평균 매수 단가(224,500원) 대비 2.2% 손실 상태에서 추가 조정 가능성이 높다고 판단, 보유 수량 중 5%를 소액 손절하여 현금 비중을 늘리고 리스크를 축소하는 것이 합리적. 가치평가는 저평가 영역이나 단기 불확실성이 우세하므로 보수적 접근."
simulation_20260625_154954,2026-04-28,3,A064,2026-04-28,2026-04-27,2026-04-27,2026-04-28,prior_close,005930,buy,15,220000.0,limit,"현재 PER·PBR이 역사적 저점 구간으로 저평가 매력이 있고, ETF 자금 유입(2.7%)이 수급을 지지하며 기술적 지표상 5일선(221,000원)과 20일선(205,152원) 위에 위치해 단기 지지선이 유지되고 있음. 다만, 기술 유출·노사 갈등·중국 철수·HBM 경쟁 열위 등 부정 요인이 상승을 제한하므로 추가 하락 시 분할 매수 전략을 취함. 220,000원은 주요 지지선으로 예상되는 수준으로, 제한된 수량(15주, 약 330만 원, 가용 현금의 5.8%)만 매수하여 리스크를 최소화하면서 저가 분할 매수 기회를 활용함. 현재 보유 현금(약 5,727만 원)이 충분하고 미실현 손실이 없어 추가 매수 여력이 있으나, 단기 전망 하향에 따라 보수적으로 접근."
simulation_20260625_154954,2026-04-29,4,A064,2026-04-29,2026-04-28,2026-04-28,2026-04-29,prior_close,005930,buy,50,218500.0,limit,"현재 주가 222,000원은 PER·PBR 역사적 저점 구간으로 저평가 매력이 높고, AI 협력 기대와 ETF 수급 등 중장기 긍정 요인이 존재하나, 단기 파업 리스크(6월21일 예고)로 추가 하락 가능성을 열어둠. 220,000원 이하 붕괴 시 215,000~210,000원 구간에서 분할 매수 계획에 따라, 218,500원 지정가 매수로 저가 분할 매수 실행. 보유 현금 5,397만원 대비 소액 매수로 현금 비중 유지하며 리스크 관리."
simulation_20260625_154954,2026-04-30,5,A064,2026-04-30,2026-04-29,2026-04-29,2026-04-30,prior_close,005930,buy,30,222000.0,limit,"현재 PER·PBR이 역사적 저점 구간으로 내재가치 대비 저평가 상태이며, 1분기 역대급 실적이 지지력을 제공합니다. 단기적으로 노조 파업 리스크가 하방 압력을 강화하고 있어 22만원 이하 추가 하락 시 분할 매수 기회로 판단합니다. 22만2000원은 단기 지지선 근처로, 저가 매수 시점으로 적절하다고 봅니다. 보유 현금 비중이 54%로 충분하며, 분할 매수를 통해 리스크를 분산하고자 합니다. 뉴스에서 파업 리스크가 구체화되었으나, 저평가 매력과 중장기 성장성을 고려해 보수적인 수량으로 매수합니다."
simulation_20260625_154954,2026-05-04,6,A064,2026-05-04,2026-04-30,2026-04-30,2026-05-04,prior_close,005930,sell,235,220500.0,limit,"현재 포트폴리오의 미실현손실이 -752,500원으로 확대되었고, 총자산이 초기 자본 대비 0.83% 하락했습니다. 개인 투자자로서 손실 시 이성적인 손절을 우선시하는 성향에 따라, 추가 하락 리스크를 회피하기 위해 전량 매도하여 현금을 확보하는 것이 안정적이라고 판단했습니다. 뉴스 및 시장 분석에 특별한 긍정적 신호가 없고, 신뢰도가 medium에 불과하여 보유 리스크를 줄이는 것이 합리적입니다."
simulation_20260625_154954,2026-05-06,7,A064,2026-05-06,2026-05-04,2026-05-04,2026-05-06,prior_close,005930,buy,87,227500.0,limit,"Belief에서는 단기 하방 압력이 우세하나, 현재 주가 232,500원은 PER 10배 수준으로 역사적 저평가 구간에 근접했고, 기술적으로 5일선(225,100원)이 지지선 역할을 하고 있어 추가 하락 시 분할 매수 기회로 판단. 오늘 뉴스에서 부정적 재료(노조 리스크, 금리 인상)가 압도적이지만, 국민연금 매도 유예 논의와 반도체 장비 테마 상승은 긍정적 요소. 포트폴리오는 현금 100%로 안정적이며, 과거 성과가 좋은 투자자로서 인내하며 저가 매수 기회를 포착하는 전략. 씨티그룹 이익 감소 전망과 노조 리스크를 감안해 227,500원(5일선 근처)으로 지정가 주문하여 분할 매수 1차분 진입. 단, max_single_trade_cash 50,980,838원 이내로 87주(19,792,500원) 매수하여 현금 비중 약 80% 유지."
simulation_20260625_154954,2026-05-07,8,A064,2026-05-07,2026-05-06,2026-05-06,2026-05-07,prior_close,005930,buy,191,266000.0,limit,"오늘의 Belief와 시장 분석에 따라 삼성전자는 PER 10배 초반, PBR 1.2배로 역사적 저평가 구간이며, 반도체 슈퍼사이클과 AI 수요가 펀더멘털을 강력히 지지합니다. 노조 리스크는 단기 노이즈로 판단하고, 증권사 목표가 상향과 자금 유입이 신뢰를 높입니다. 현재 주가 266,000원은 5일선(233,400원) 대비 상승했으나 단기 박스권(240,000~250,000원) 이후 재반등 기대가 있으며, 분할 매수 첫 진입으로 max_single_trade_cash(50,980,838원) 내에서 191주(50,806,000원)를 매수합니다. 보유 현금 101,961,676원으로 충분한 여유가 있고, 과거 저가 매수 전략 성과와 분석 깊이에 대한 자신감이 있습니다."
simulation_20260625_154954,2026-05-08,9,A064,2026-05-08,2026-05-07,2026-05-07,2026-05-08,prior_close,005930,buy,30,260000.0,limit,"현재 주가 271,500원은 단기 고점 부근이나, 역사적 저평가(PER 10배 초반, 12M Fwd PER 7.7배)와 1분기 영업이익 57조원 어닝 서프라이즈 대비 매력적인 가치 수준. 노조 리스크로 인한 일시적 조정 가능성을 감안하여 250,000~260,000원 구간 분할 매수 계획의 일환으로, 260,000원 지정가 매수를 통해 단기 하락 시 저가 매수 기회 활용. 현금 비중이 높은 상태에서 보수적 분할 매수로 위험 분산."
simulation_20260625_154954,2026-05-11,10,A064,2026-05-11,2026-05-08,2026-05-08,2026-05-11,prior_close,005930,buy,94,265000.0,limit,"PER 10배 초반, 12M Fwd PER 7.7배는 역사적 저평가 구간으로, AI 반도체 수요 장기 성장 전망을 고려할 때 내재가치 대비 매력적인 수준입니다. 기관 대규모 순매수(5일간 2.5조원)가 하방을 지지하고, 5일 이동평균선(251,800원) 및 20일 이동평균선(224,425원) 위에 위치한 단기 상승 추세를 감안하면 현재 268,500원은 분할 매수 타이밍으로 적절합니다. 다만 노조 리스크와 JP모건·씨티그룹 경고가 단기 변동성을 키우고 있어, 분할 매수 전략으로 265,000원 지정가 주문을 통해 저가 매수 기회를 모색합니다. 핵심 근거는 가치평가 지표(PER 저평가)와 뉴스(기관 매수세)이며, 시장 데이터(거래량 감소)는 관망 신호이나 저평가 매력이 더 크다고 판단했습니다."
simulation_20260625_154954,2026-05-12,11,A064,2026-05-12,2026-05-11,2026-05-11,2026-05-12,prior_close,005930,buy,50,282000.0,limit,"역사적 저평가(PER 10배 초반, 12M Fwd PER 7.7배)와 반도체 업황 호조, AI 수요 확대라는 펀더멘털 개선이 뚜렷합니다. 노사 갈등으로 인한 단기 조정을 분할 매수 기회로 활용하기 위해 현 주가(285,500원)보다 낮은 282,000원에 지정가 매수를 설정했습니다. 이는 5일 이동평균(264,800원)과 20일 이동평균(228,500원) 대비 높지만, 신중한 접근을 위해 저가 매수 기회를 포착하려는 전략입니다. 뉴스에서는 긍정적 재료(증권사 목표치 상향, 정부 확장재정)와 부정적 재료(파업 리스크)가 혼재하나, 저평가 매력이 우세하다고 판단했습니다."
simulation_20260625_154954,2026-05-13,12,A064,2026-05-13,2026-05-12,2026-05-12,2026-05-13,prior_close,005930,buy,30,274000.0,limit,"가치평가 저평가와 반도체 호조에도 불구하고 단기 노사 리스크로 변동성 확대 예상되어 분할 매수 기회로 활용. 현재가 279,000원 대비 1.8% 낮은 274,000원에 지정가 주문하여 추가 하락 시 평균단가 인하 효과를 노림. 개인 순매수 유입과 저평가 근거가 중장기 긍정적."
simulation_20260625_154954,2026-05-14,13,A064,2026-05-14,2026-05-13,2026-05-13,2026-05-14,prior_close,005930,sell,25,286000.0,limit,"파업 리스크가 5월 21일 18일간 총파업으로 구체화되고 30~40조원 손실 우려가 확인되어 단기 하방 압력이 예상보다 큽니다. 주가가 5.02% 급락했고 거래량도 감소해 반등 동력이 부재합니다. 현재 50주 보유 중 25주를 286,000원(전일 종가 대비 소폭 상회)에 매도하여 보유 비중을 낮추고 리스크를 축소합니다. 나머지 25주는 파업 해소 후 저가 매수 기회를 노리기 위해 보유합니다. 현금 비중을 높여 변동성에 대비하는 것이 적절합니다."
simulation_20260625_154954,2026-05-15,14,A064,2026-05-15,2026-05-14,2026-05-14,2026-05-15,prior_close,005930,buy,33,289000.0,limit,"파업 리스크로 인한 단기 조정 시 저가 매수 기회를 활용하기 위해 매수 지정가 주문. 신고가 부근(296,000원)에서 직접 매수하기보다는, 20일 평균가(240,775원)와 5일선(282,600원) 사이인 289,000원에 지정가를 설정하여 분할 매수 전략의 일환. AI 반도체 성장성과 실적 호조라는 중장기 긍정 요인이 유효하며, 보유 현금 비중이 92.8%로 매우 높아 리스크를 감수할 여력이 충분함. 파업 불확실성이 해소되지 않은 상태이므로 과도한 비중을 피하고 소량 매수로 제한함."
simulation_20260625_154954,2026-05-18,15,A064,2026-05-18,2026-05-15,2026-05-15,2026-05-18,prior_close,005930,buy,30,268000.0,limit,"PER 8배 저평가 구간과 AI 반도체 성장성을 고려해 중장기 매수 관점을 유지하나, 파업 리스크(18일 총파업·감산)로 단기 하방 압력이 커 27만원 초반대에서 분할 매수로 대응. 20일 이동평균선(243,750원)까지 추가 하락 가능성에 대비해 268,000원 지정가로 보수적 진입. 보유 현금이 8,647만원으로 충분하고 현금 비중 84.6%가 과도해 일부 현금을 주식으로 전환해 포트폴리오 밸런스를 조정. 뉴스 혼재 속 저평가 매력이 여전하다고 판단해 소량 매수 실행."
simulation_20260625_154954,2026-04-24,1,A070,2026-04-24,2026-04-23,2026-04-23,2026-04-24,prior_close,005930,buy,100,224500.0,limit,"반도체 업종 초호황과 거시 경제 호조(GDP 1.7%, SK하이닉스 실적 서프라이즈)가 삼성전자에 우호적이며, 기술적 지표(5일/20일 이동평균선 상회, 거래량 증가)도 상승 추세를 지지합니다. 노사 갈등과 기술 유출 리스크가 단기 변동성을 키울 수 있으나, 긍정적 요인이 우세하다고 판단하여 매수를 결정했습니다. 과거 낮은 성과 경험을 반영해 분할 매수로 접근하며, 첫 매수는 보수적인 100주로 설정했습니다."
simulation_20260625_154954,2026-04-27,2,A070,2026-04-27,2026-04-24,2026-04-24,2026-04-27,prior_close,005930,buy,80,215000.0,limit,"1분기 어닝 서프라이즈와 정부 반도체 클러스터 지원 확정, AI 수요 호조 등 뉴스 신호가 강력 긍정적. 기술적으로 5일선(219,000원) 지지 중이나 단기 조정 가능성을 감안해 20일선(202,742원)과 5일선 사이인 215,000원에 분할 매수 지정. 외국인·기관 순매수 지속, 현금 비중 77%로 추가 매수 여력 충분. 평균 단가(224,500원) 대비 낮춰 매수해 포지션 평균가를 개선하고 상승 추세에 베팅. 과거 성과 부족을 반성하며 분할 매수 원칙 유지, 보유 물량 확대에 적절."
simulation_20260625_154954,2026-04-28,3,A070,2026-04-28,2026-04-27,2026-04-27,2026-04-28,prior_close,005930,buy,134,224500.0,limit,"기술적 지표(5일선 상회, 거래량 16.5% 증가)와 뉴스(ETF 자금 유입, AI 협력, 반도체 호황, 코스피 최고치 경신)가 모두 강력한 상승 신호를 보내고 있어 추가 매수 기회로 판단. 현재 보유 현금 60,330,175원 중 max_single_trade_cash(30,165,087원) 이내에서 최대 매수 가능 수량 134주를 전량 매수하여 평균단가를 낮추고 포지션을 확대. 현금 비중이 59.9%로 높아 추가 매수 여력이 충분하며, 분할 매수 전략의 일환으로 실행."
simulation_20260625_154954,2026-04-29,4,A070,2026-04-29,2026-04-28,2026-04-28,2026-04-29,prior_close,005930,buy,30,221600.0,limit,"5일선(221,600원) 지지 여부가 단기 추세의 핵심 변수이며, 현재 주가 222,000원이 5일선 위에 위치해 지지 가능성이 높다고 판단. AI 반도체 ETF 개인 순매수 1000억 돌파와 구글 협력 기대감이 중장기 상승 동력을 제공하나, 파업 리스크로 인한 단기 변동성을 고려해 분할 매수로 접근. 거래량 감소는 우려되나, 20일선 대비 6.8% 높은 수준에서 안정적 흐름을 보여 추가 하락 시 매수 기회로 활용. 포트폴리오 비중(현재 약 70%)을 고려해 현금 30%를 유지하며 보수적으로 30주 매수 결정."
simulation_20260625_154954,2026-04-30,5,A070,2026-04-30,2026-04-29,2026-04-29,2026-04-30,prior_close,005930,buy,50,224000.0,limit,"5일선(223,300원) 지지가 확인되었고, 현재가 226,000원은 20일선 대비 7.8% 높아 과열 신호가 아니며, 1분기 최대 실적 대비 저평가 구간이라 판단. 개인 순매수와 AI 반도체 수요가 긍정적이고, 과거 낮은 성과를 반성하여 분할 매수 전략을 유지하며 추가 매수 기회로 활용. 노사 갈등 리스크를 고려해 보수적인 수량으로 설정."
simulation_20260625_154954,2026-05-04,6,A070,2026-05-04,2026-04-30,2026-04-30,2026-05-04,prior_close,005930,buy,43,218500.0,limit,"현재 주가 220,500원은 PER 10배 미만의 저평가 구간이며, 1분기 사상 최대 실적(영업이익 57조) 및 메모리 이익률 73%가 펀더멘털을 강력히 지지. 단기 5일선 이탈 및 파업 리스크로 하락 중이나 20일선(211,815원) 지지가 예상되고, 정부 중재 기대감 존재. 분할 매수 전략에 따라 20일선 부근(218,500원)에서 추가 매수하여 평균 단가를 낮추고 중장기 저평가 기회 활용. 개인 순매수와 반도체 테마 강세도 긍정적 신호."
simulation_20260625_154954,2026-05-06,7,A070,2026-05-06,2026-05-04,2026-05-04,2026-05-06,prior_close,005930,sell,50,232500.0,limit,"뉴스에서 금리 인상 발언, 국민연금 차익실현 논의 등 부정적 요인이 확인되었고, 시장 데이터상 거래량 급증에도 주가 상승폭이 제한적이어서 단기 조정 가능성이 높습니다. 현재 포트폴리오는 보유 비중이 81.5%로 높고 현금 비중이 낮아, 일부 차익실현을 통해 현금을 확보하여 하락 시 분할 매수 기회를 대비하는 것이 적절하다고 판단했습니다."
simulation_20260625_154954,2026-05-07,8,A070,2026-05-07,2026-05-06,2026-05-06,2026-05-07,prior_close,005930,buy,61,266000.0,limit,"강력한 반도체 업황과 AI 수요 확대, PER 10배 미만 저평가, 거래량 61% 급증 및 이동평균선 상회 등 기술적·펀더멘털 신호가 긍정적입니다. 현재 포트폴리오 집중도가 73%로 높지만, 현금 비중 27%를 활용해 분할 매수로 추가 상승에 참여합니다. 뉴스에서 연금·ETF 자금 유입과 AMD 호실적이 상승 동력을 확인시켜 주므로, 추세 추종 전략에 따라 매수 결정."
simulation_20260625_154954,2026-05-08,9,A070,2026-05-08,2026-05-07,2026-05-07,2026-05-08,prior_close,005930,buy,15,269000.0,limit,"단기 상승 추세 지속, PER 10배 미만 저평가, 평택 80조 투자와 코스피 상승 모멘텀 등 중장기 호재가 우세하며 파업 리스크는 단기 조정 시 매수 기회로 판단. 거래량 감소와 변동성을 고려해 보수적인 지정가 매수로 진입, 현금 비중 27.6%를 활용해 추가 매수하며 주식 비중 확대."
simulation_20260625_154954,2026-05-11,10,A070,2026-05-11,2026-05-08,2026-05-08,2026-05-11,prior_close,005930,buy,26,264000.0,limit,"단기 추세는 5일선(251,800)과 20일선(224,425) 위에 있어 긍정적이며, PER 저평가와 AI 수요 성장은 중장기 보유 근거. 전일 하락(-1.1%)과 거래량 급감(-37.5%)은 숨고르기로 판단, 조정 시 분할 매수 기회로 활용. 다만 DX 부문 악화와 중국 경쟁 리스크를 고려해 매수 수량을 보수적으로 제한하고, 지정가를 현재가(268,500)보다 낮게 설정하여 조정 시 진입."
simulation_20260625_154954,2026-05-12,11,A070,2026-05-12,2026-05-11,2026-05-11,2026-05-12,prior_close,005930,sell,80,288000.0,limit,"노조 파업(5/21) 임박과 거래량 급감(전일 대비 -39.2%)으로 단기 하방 리스크가 확대되었음. 현재 2,855,00원으로 2800선 안착 여부가 불확실하고, 보유 비중이 높은 상태(76.7%)에서 현금 비중을 확보하여 파업 이벤트에 대비. 과거 낮은 성과 경험을 바탕으로 손절매가 아닌 이익 실현을 통해 리스크를 줄이기로 결정. 5일선(264,800)과 20일선(228,500)은 지지선으로 유효하나, 추가 매수는 파업 해소 후 결정하는 것이 합리적."
simulation_20260625_154954,2026-05-13,12,A070,2026-05-13,2026-05-12,2026-05-12,2026-05-13,prior_close,005930,buy,10,274100.0,limit,"기술적 지지선인 5일선(274,100원) 근처에서 저가 매수 기회로 판단하며, 뉴스의 저평가 논리(씨티그룹 목표가 상향, GDP 성장률 1위)와 개인 순매수 지지에 근거. 포트폴리오 집중도를 감안하여 소량 매수로 위험 제어."
simulation_20260625_154954,2026-05-14,13,A070,2026-05-14,2026-05-13,2026-05-13,2026-05-14,prior_close,005930,sell,50,284000.0,limit,"파업 확정(21일)과 AI 메모리 과열 경고로 단기 하방 압력 증가, 거래량 감소로 상승 동력 약화. 미실현 이익 21.9%를 보호하기 위해 일부 차익 실현 후 현금 비중 확대. 5일선(277,700원) 이탈 시 추가 손절 대비."
simulation_20260625_154954,2026-05-15,14,A070,2026-05-15,2026-05-14,2026-05-14,2026-05-15,prior_close,005930,buy,20,294000.0,limit,"뉴스에서 AI 반도체 훈풍과 뉴욕증시 사상 최고치를 확인해 상승 전망을 강화했고, 기술적 지표상 5일선(282,600원) 위 안착과 거래량 증가가 단기 모멘텀을 지지. 현금 비중(34.4%)이 충분하고, 300,000원 저항 근처에서 차익실현 욕구도 있으나 조정 시 294,000원 수준을 저점으로 판단해 추가 매수로 리스크를 분산. 미실현 이익 보호를 위해 소량만 매수하며, 손절 라인을 285,000원으로 설정."
simulation_20260625_154954,2026-05-18,15,A070,2026-05-18,2026-05-15,2026-05-15,2026-05-18,prior_close,005930,sell,100,270500.0,limit,"단기 파업 리스크와 외국인 매도로 8.61% 급락, 기술적 지표(5일선 이탈) 붕괴 및 20일선 지지 여부 불확실. 미실현 이익 18.72%이나 손절 라인(285,000) 이탈 상태에서 추가 하락 시 손실 전환 가능성. 뉴스 부정적(파업 감산, 납기 지연)으로 단기 전망 하향. 과거 낮은 성과와 고위험 선호 성향을 고려해 리스크 관리 우선. 일부 매도로 현금 비중을 확보하여 추가 하락 시 저가 매수 기회를 대비하고, 손실 확대를 방지."
simulation_20260625_154954,2026-04-24,1,A084,2026-04-24,2026-04-23,2026-04-23,2026-04-24,prior_close,005930,buy,89,222000.0,limit,"SK하이닉스의 사상 최대 실적과 GDP 성장률 호조로 반도체 업황 긍정적 신호가 포착되었고, 현재 주가가 5일선(218,300원)과 20일선(200,772.5원) 위에 있어 단기 상승 추세를 유지 중입니다. 저평가 가능성과 메타렌즈 기술 개발 같은 장기 성장 동력도 고려할 때, 현금 100%인 포트폴리오의 분산 필요성과 저가 매수 기회를 활용하기 위해 보수적으로 5일선 근처에서 분할 매수합니다. 다만 노조 리스크와 기술 유출 이슈가 상존하므로 전체 자산의 20% 수준인 2천만원 초반으로 첫 진입 규모를 제한했습니다."
simulation_20260625_154954,2026-04-27,2,A084,2026-04-27,2026-04-24,2026-04-24,2026-04-27,prior_close,005930,buy,36,219500.0,limit,"현재 보유 비중 20%로 추가 매수 여력이 충분하며(가용 현금 80백만원), 저평가 구간(PER/PBR 기준)에서 추가 하락 리스크가 제한적입니다. 20일선(202,742원)과의 괴리가 8.3%로 단기 상승 추세가 유효하나, 거래량 감소와 당일 하락(-2.2%)을 고려해 보수적으로 접근합니다. 최대 매수 가능 수량(182주)의 20% 수준인 36주(약 7.9백만원)만 매수하여 평균 단가를 낮추고, 20일선 근처 추가 매수 기회를 남깁니다."
simulation_20260625_154954,2026-04-28,3,A084,2026-04-28,2026-04-27,2026-04-27,2026-04-28,prior_close,005930,buy,10,224000.0,limit,"벨류에이션 저평가와 장기 성장 동력(스마트공장, AI)에 근거하여 소량 매수. 단, ETF 쏠림 변동성 리스크와 FOMC 경계감으로 인해 신중한 분할 매수 전략 유지. 현재 주가가 평균 단가보다 높지만, 내재가치 대비 매력적이므로 소폭 추가 매수로 비중 확대."
simulation_20260625_154954,2026-04-29,4,A084,2026-04-29,2026-04-28,2026-04-28,2026-04-29,prior_close,005930,buy,50,218000.0,limit,"현재 주가가 222,000원으로 5일선(221,600원) 근처이나, 파업 리스크로 추가 하락 가능성을 고려하여 20일선(207,892원) 부근인 218,000원에 분할 매수 지정. 저평가(PER·PBR 역사적 저점)와 AI 반도체 협력(구글 딥마인드), 가전 구조조정 등 중장기 호재가 유효하나, 단기 파업 불확실성을 감안해 보수적인 분할 매수로 리스크 관리. 현재 보유 현금 70,085,050원 중 약 15.5% 투입(50주×218,000원=10,900,000원)으로 max_single_trade_cash(35,042,525원) 이내. 거래량 감소와 혼재된 뉴스에도 매수 기회로 판단."
simulation_20260625_154954,2026-04-30,5,A084,2026-04-30,2026-04-29,2026-04-29,2026-04-30,prior_close,005930,buy,1,222000.0,limit,"현 주가 226,000원은 PER·PBR 역사적 저점 구간으로 내재가치 대비 저평가 상태이나, 노사 리스크와 거래량 부진으로 단기 조정 가능성이 있어 추가 하락 시 분할 매수 기회를 노림. 보유 현금 비중이 70%로 충분하며, 과거 저조한 성과를 고려해 소량(1주)의 지정가 매수로 리스크를 최소화함. 핵심 근거: 밸류에이션 저평가 + 현금 비중 과다 + 단기 변동성 대비."
simulation_20260625_154954,2026-05-04,6,A084,2026-05-04,2026-04-30,2026-04-30,2026-05-04,prior_close,005930,buy,40,218500.0,limit,"역사적 저평가(PER 2~3배)와 사상 최대 실적(영업이익 57조)이 확인된 가운데, 파업 리스크는 정부 개입으로 완화 가능성이 높아 조정 시 저가 매수 기회로 판단. 현재 주가(220,500원)가 5일 이동평균선을 하회했으나 20일선 위에 있어 단기 조정을 활용한 분할 매수 전략. 보유 현금(약 6,986만원) 대비 40주(약 874만원) 매수는 max_single_trade_cash(34,932,219원) 이내이며, 총 자산 대비 추가 비중 확대에도 무리가 없음. 뉴스와 실적 데이터가 핵심 근거."
simulation_20260625_154954,2026-05-06,7,A084,2026-05-06,2026-05-04,2026-05-04,2026-05-06,prior_close,005930,buy,10,232000.0,limit,"역사적 저평가(PER 2~3배)와 사상 최대 실적이 중장기 투자 매력을 뒷받침하며, 현재 현금 비중이 높아 소량 분할 매수로 평균 단가를 낮추고 추가 상승 가능성에 대비함. 단기 국민연금·금리 리스크로 인한 조정 시 매수 기회를 선제적으로 활용하기 위해 보수적 수량으로 매수 결정."
simulation_20260625_154954,2026-05-07,8,A084,2026-05-07,2026-05-06,2026-05-06,2026-05-07,prior_close,005930,sell,10,266000.0,limit,"주가가 단기 급등하여 밸류에이션 부담이 증가하고, 미실현 이익이 605만원에 달하므로 일부 차익 실현을 통해 리스크를 관리하고 현금 비중을 유지하기 위해 10주 매도 결정. 장기 성장성은 긍정적이나 단기 변동성 리스크에 대비."
simulation_20260625_154954,2026-05-08,9,A084,2026-05-08,2026-05-07,2026-05-07,2026-05-08,prior_close,005930,buy,15,268000.0,limit,"PER 7.7배의 글로벌 저평가와 평택 신공장 조기착공 등 장기 성장성을 신뢰하여 추가 매수 기회를 모색. 현 주가 271,500원 대비 1.3% 하락한 268,000원에 지정가 주문하여 단기 노사 갈등 리스크를 일부 반영. 보유 현금이 충분(72.5백만 원)하고, 집중 투자 리스크를 인지하나 저평가 상태에서 소액 분할 매수로 리스크 관리."
simulation_20260625_154954,2026-05-11,10,A084,2026-05-11,2026-05-08,2026-05-08,2026-05-11,prior_close,005930,buy,10,265000.0,limit,"PER 7.7배 역사적 저평가와 AI 반도체 장기 수요 성장 전망을 신뢰하며, 현재 주가가 단기 조정(전일 대비 -1.105%)을 받은 점을 저가 분할 매수 기회로 활용. 보유 현금 비중이 68.2%로 충분하며, 평균 매수 단가(221,474원) 대비 현재가(268,500원)가 높지만 추가 상승 여력(내재가치 대비 저평가)이 있다고 판단. 다만 DX 부문 부진 및 원화 강세 리스크를 고려해 소량(10주, 약 265만원)만 매수하여 리스크를 제한."
simulation_20260625_154954,2026-05-12,11,A084,2026-05-12,2026-05-11,2026-05-11,2026-05-12,prior_close,005930,buy,1,285500.0,limit,"오늘의 Belief와 시장 분석에 따르면, 단기적으로 5/21 파업 가능성이라는 노사 갈등 리스크가 현실화되며 주가 변동성이 확대될 것으로 예상됩니다. PER 7.7배의 역사적 저평가와 반도체 업황 호조, 거시경제 개선 등 장기 호재는 유효하나, 현재 주가(285,500원)가 이미 5일 및 20일 이동평균을 크게 상회하며 단기 조정 압력이 존재합니다. 보유 중인 126주는 평단 221,474원 대비 28.9% 상승하여 충분한 미실현 이익(8백만 원)을 확보하고 있어 추가 리스크를 감수하기보다는 관망하며 파업 결과를 확인한 후 분할 매수 또는 유지 전략을 펴는 것이 적절합니다. 현재 포트폴리오 현금 비중(약 66.8%)이 높아 유동성은 충분하나, 불확실성이 해소될 때까지는 추가 매수를 보류하고 보유 물량을 유지하는 것이 리스크 관리에 부합합니다. 따라서 거래 법칙상 'hold'가 불가능하므로, 이 결정을 강제로 buy/sell로 전환하는 것은 오히려 과도한 매매로 이어질 수 있으나, 제약 조건에 따라 불가피하게 buy를 선택하되 최소 수량의 매수를 통해 최소한의 행동을 취하겠습니다."
simulation_20260625_154954,2026-05-13,12,A084,2026-05-13,2026-05-12,2026-05-12,2026-05-13,prior_close,005930,sell,13,282000.0,limit,"시장 분석 결과 단기 파업 리스크(5/21)와 외국인 이탈로 변동성 확대가 예상되며, 현재 보유 수익률 7.73%를 일부 실현하여 현금 비중을 늘려 리스크를 관리함. PER 7.7배 저평가와 거시 호조는 긍정적이나, 매도 압력과 노사 갈등이 당장의 추가 상승을 제한할 것으로 판단. 127주 중 13주(약 10%)를 매도하여 현금을 1억원 이상 확보(약 1억 890만원), 이후 파업 결과와 저가 매수 기회를 대비."
simulation_20260625_154954,2026-05-14,13,A084,2026-05-14,2026-05-13,2026-05-13,2026-05-14,prior_close,005930,buy,50,278000.0,limit,"PER 7.7배의 역사적 저평가 구간과 반도체 슈퍼사이클 지속 전망, 외국인통합계좌 도입 기대감 등 중장기 긍정 요인이 우세하다고 판단. 단기 파업 리스크로 추가 하락 시 더 낮은 가격에 매수할 기회를 활용하기 위해 5일 이동평균(277,700원) 부근에서 지정가 매수를 결정. 뉴스 요약에서 긍정적 신호와 리스크가 혼재하나, 보유 현금 비중이 높아 보수적 분할 매수로 접근."
simulation_20260625_154954,2026-05-15,14,A084,2026-05-15,2026-05-14,2026-05-14,2026-05-15,prior_close,005930,buy,64,290000.0,limit,"AI 반도체 수요 증가와 뉴욕증시 훈풍으로 단기 상승 모멘텀이 유지되고 있으나, PBR 1배 돌파로 저평가 매력이 약화되고 성과급 갈등 리스크가 존재하여 추가 상승 여력은 제한적입니다. PER 7.7배는 여전히 낮아 중장기 가치가 있으며, 현금 비중이 69%로 높아 분할 매수 기회를 활용하고자 합니다. 현재 주가가 5일선(282,600원) 위에 있어 기술적 지지가 확인된 290,000원에 지정가 매수하여 평균 매수 단가를 낮추고, 추가 하락 시 더 매수할 여력을 남깁니다. 뉴스에서 '코스피 저평가 종료'와 '성과급 덫'이 부정적이나, AI 밸류체인 확대는 중장기 호재로 판단하여 보수적인 분할 매수를 결정했습니다."
simulation_20260625_154954,2026-05-18,15,A084,2026-05-18,2026-05-15,2026-05-15,2026-05-18,prior_close,005930,buy,10,270500.0,limit,"단기 악재(파업, 감산, 외국인 매도)로 주가 급락했으나 PER 7.7배의 역사적 저평가 구간에 진입했고, AI 수요 구조적 성장은 중장기 실적 개선 요인입니다. 기술적 지지선(20일 이동평균선 243,750원) 근처에서 반등 가능성이 있으며, 전문가들은 일시적 조정으로 분석합니다. 현재 현금 비중이 55%로 충분하고, 보유 주식 평균단가(239,392원) 대비 현재가(270,500원)가 높아 손절 압박이 낮습니다. 분할 매수 전략을 유지하며 추가 하락 시 추가 매수 여력을 확보하기 위해 소량 매수합니다."
