outputs/logs/simulation_20260625_154954/submitted_orders.csv
run_id,date,turn,agent_id,decision_date,market_features_date,news_max_date,execution_date,information_mode,stock_code,direction,quantity,price,order_type,reason
simulation_20260625_154954,2026-04-24,1,A080,2026-04-24,2026-04-23,2026-04-23,2026-04-24,prior_close,005930,buy,445,224500.0,limit,"반도체 업황 호조(SK하이닉스 깜짝 실적, 1분기 GDP 성장)와 기술적 지표(5일/20일 이동평균 상회, 거래량 증가)가 긍정적이며, 현재 PER/PBR이 업황 대비 저평가 가능성이 있어 일부 매수 진입이 적절하다고 판단. 다만 노조 리스크와 기술 유출 악재가 혼재되어 있어 보수적으로 현금의 10%만 투입하여 리스크를 제한함. 뉴스와 시장 데이터를 종합한 근거."
simulation_20260625_154954,2026-04-27,2,A080,2026-04-27,2026-04-24,2026-04-24,2026-04-27,prior_close,005930,buy,200,216000.0,limit,"1분기 깜짝 실적과 반도체 업황 호조(SK하이닉스 실적, 필라델피아 지수 최고)로 저평가 매력이 존재하나, 노조 파업 리스크와 HBM 경쟁력 부진으로 단기 불확실성이 높아 추가 매수는 극히 보수적으로 진행. 현재 주가 219,500원에서 20일선(202,742원)까지 추가 하락 가능성을 고려, 216,000원(평균 단가 대비 약 3.8% 하락)에서 소량 지정가 매수하여 평균 단가를 낮추고 저가 분할 매수 기회를 활용. 포트폴리오 현금 비중이 90% 이상으로 충분하며, 거래 제약 내 max_single_trade_cash(450,023,774원)를 크게 밑도는 소액 매수로 리스크 통제."
simulation_20260625_154954,2026-04-28,3,A080,2026-04-28,2026-04-27,2026-04-27,2026-04-28,prior_close,005930,buy,100,222000.0,limit,"당일 종가 224,500원은 5일선(221,000원) 위에 있어 단기 추세는 유지 중이나, 노조 파업·기술 유출·중국 철수 등 악재로 추가 하락 가능성이 있어 저가 매수 기회를 노림. PER/PBR이 역사적 저평가 구간에 근접했고, 반도체 업황 호조와 ETF 자금 유입이 하단을 지지할 것으로 예상. 현재 현금 비중이 85.6%로 과도하게 높아, 보수적인 규모(100주, 약 2.2% 포트폴리오 비중)로 분할 매수하여 평균 단가를 낮추고 장기 저평가 매력을 활용. 지정가 222,000원은 5일선(221,000원) 근방으로, 단기 지지선에서 매수하여 하방 리스크를 제한."
simulation_20260625_154954,2026-04-29,4,A080,2026-04-29,2026-04-28,2026-04-28,2026-04-29,prior_close,005930,buy,100,220000.0,limit,"저평가 매력(PER/PBR 역사적 저점)과 AI 반도체 ETF 개인 자금 유입(1000억↑) 등 긍정 요인이 하단을 지지하는 반면, 노조 파업(18일)과 기술 유출 악재로 단기 하방 압력이 존재하나, 220,000원 지지선 근처에서 분할 매수 시 리스크 대비 수익 잠재력이 있다고 판단. 현재 포트폴리오는 현금 비중 83%로 안정적이며, 추가 매수 시에도 충분한 현금을 유지할 수 있음. 단기 박스권 하단(220,000원)에서 지정가 매수로 접근하여 평균 단가를 낮추고 장기 보유 전략 유지."
simulation_20260625_154954,2026-04-30,5,A080,2026-04-30,2026-04-29,2026-04-29,2026-04-30,prior_close,005930,sell,37,227500.0,limit,"오늘의 Belief와 시장 분석에 따르면 PSU 도입과 7조원 자사주 매입 재원 등 긍정 요인에도 불구하고, 5월 중순 노사 갈등 가처분 심문과 AI 업황 불확실성(오픈AI 우려)이 단기 하방 압력으로 작용합니다. PER·PBR이 역사적 저점 수준이나 밸류에이션 리레이팅이 더딘 상황에서, 23만원대(전고점) 저항과 낮은 변동성(3.01%)을 고려할 때 현 가격대(226,000원)는 추가 상승 동력이 부족해 보입니다. 또한 미실현 이익률(0.30%)이 미미하여, 손절 기준(약 0% 손실)에 근접한 상태에서 리스크를 줄이기 위해 일부 차익 실현이 합리적입니다. 현재 포트폴리오의 현금 비중이 83.5%로 높지만, 보유 주식 745주 중 소량(37주, 약 5%)을 매도하여 현금 비중을 더욱 늘리고 불확실성 구간(5월 가처분 결정 전) 동안 대기하는 전략입니다. 거래 제약 내 max_single_trade_cash(약 4.17억원) 및 max_sell_quantity(745주)를 준수하며, 지정가 227,500원(전고점 근처)으로 매도 주문을 제출합니다."
simulation_20260625_154954,2026-05-04,6,A080,2026-05-04,2026-04-30,2026-04-30,2026-05-04,prior_close,005930,buy,100,220000.0,limit,"저평가 상태(PER·PBR 역사적 저점)와 1분기 사상 최대 실적, 구글 HBM 협력 등 긍정적 뉴스에 기반하여 소액 매수로 평균 단가를 낮추고 장기 보유를 강화합니다. 단기 기술적 약세(5일선 하회)와 파업 리스크를 고려해 보수적 수량으로 지정가 주문을 제출합니다."
simulation_20260625_154954,2026-05-06,7,A080,2026-05-06,2026-05-04,2026-05-04,2026-05-06,prior_close,005930,buy,1,230000.0,limit,"역사적 저점 PER·PBR과 1분기 사상 최대 실적은 중장기 가치 매력을 제공하나, 노조 리스크와 금리 인상 가능성으로 단기 불확실성이 큼. 현재 현금 비중 82.8%로 매우 높아 소액 매수로 저가 분할 진입 기회를 모색함. 230,000원은 20일 이동평균선(214,130원) 대비 7.4% 높고, 5일 이동평균선(225,100원) 대비 2.2% 높아 단기 지지선 근처로 판단. 1주만 매수하여 리스크를 최소화하고, 5월 기금위 결정과 노조 협상 결과를 확인하며 추가 매수 시점을 조율할 계획."
simulation_20260625_154954,2026-05-07,8,A080,2026-05-07,2026-05-06,2026-05-06,2026-05-07,prior_close,005930,sell,50,266000.0,limit,"노조 리스크 장기화 조짐과 씨티그룹 목표가 하향 등 단기 부정적 요인이 혼재. 현재 미실현 이익 19.9% 상태에서 일부 이익을 실현하여 리스크를 관리하고 현금 비중을 확대하는 것이 적합. 중장기 저평가 매력은 유효하나, 추가 매수는 노조 협상 결과와 금리 방향 확인 후 분할 진입할 예정. (근거: 뉴스의 부정적 신호, 포트폴리오의 안정적 현금 비중 유지 필요)"
simulation_20260625_154954,2026-05-08,9,A080,2026-05-08,2026-05-07,2026-05-07,2026-05-08,prior_close,005930,buy,200,265000.0,limit,"오늘의 Belief와 시장 분석에 따르면, 12M Fwd PER 7.7배의 저평가 상태와 사상 최대 실적, 평택 80조 투자, 애플 협력 등 중장기 성장 동력이 우세하며 노사 갈등 리스크는 제한적입니다. 단기 급등 후 거래량 감소로 일시적 조정 가능성을 고려해 현재가(271,500원)보다 낮은 265,000원에 분할 매수하여 평단가를 낮추고 추가 상승 여력을 확보하려 합니다. 현재 현금 비중이 81.8%로 충분하며, 보유 주식 695주 대비 추가 매수 시 단일 종목 비중도 30% 미만으로 유지되어 분산 투자 원칙에 부합합니다."
simulation_20260625_154954,2026-05-11,10,A080,2026-05-11,2026-05-08,2026-05-08,2026-05-11,prior_close,005930,buy,500,265000.0,limit,"역사적 저평가(PER 7.7배, PBR 최저치)와 AI 반도체 장기 성장 전망이 매력적이며, 과거 낮은 성과로 인해 신중한 분할 매수 전략이 적합함. 현재 포트폴리오 현금 비중(82%)이 높아 단기 불확실성(노조 파업, HBM 경쟁력)을 감안하더라도 저가 분할 매수 기회로 활용 가능. 지정가 265,000원은 현재가 대비 약 1.3% 낮은 수준으로, 추가 하락 시 매수 기회를 포착하고자 함."
simulation_20260625_154954,2026-05-12,11,A080,2026-05-12,2026-05-11,2026-05-11,2026-05-12,prior_close,005930,buy,1350,285500.0,limit,"보유 현금 848백만원 중 일부를 활용한 제한적 매수. PER 7.7배, PBR 사상 최저치의 역사적 저평가 국면이며, 반도체 업황 호조와 코스피 강세 등 거시 환경은 우호적입니다. 다만 파업 리스크(5/21 총파업 가능성)가 단기 하방 압력 요인이므로, 12일 사후조정 협상 타결 시 저평가 매력이 부각될 가능성에 대비해 일부 분할 매수합니다. 단일 매수 한도(424백만원, 1,485주) 내에서 1350주(약 385백만원)를 매수하여 기존 보유 695주 대비 보유 수량을 늘리되, 협상 결렬 시 추가 하락 리스크에 대응할 현금을 충분히 확보(약 463백만원)합니다."
simulation_20260625_154954,2026-05-13,12,A080,2026-05-13,2026-05-12,2026-05-12,2026-05-13,prior_close,005930,sell,200,279000.0,limit,"21일 총파업 리스크가 단기 최대 변수로, 외국인 순매도와 반도체주 약세가 지속되며 하방 압력이 우세합니다. PER 7.7배, PBR 사상 최저 수준의 저평가에도 불구하고 파업 불확실성이 저평가 매력을 압도하여 단기 추가 하락 가능성이 높습니다. 현재 보유 중인 2,045주 중 일부(200주)를 매도하여 현금 비중을 확대(약 45%→50% 이상)하고 리스크를 축소합니다. 미실현 이익(약 3,970만원)이 있는 상태에서 일부 차익 실현으로 포트폴리오 안정성을 높이는 것이 과거 낮은 성과와 보수적 성향에 부합합니다."
simulation_20260625_154954,2026-05-14,13,A080,2026-05-14,2026-05-13,2026-05-13,2026-05-14,prior_close,005930,sell,300,284000.0,limit,"21일 총파업 리스크 현실화와 주가 급락(5%↓)으로 단기 하방 압력이 강함. PBR 사상 최저 수준의 저평가에도 불구, 불확실성 해소 전까지 보유 리스크가 큼. 안정적 성향과 과거 낮은 성과 경험을 고려, 일부 물량을 매도하여 현금 비중을 늘리고 리스크를 축소하는 것이 합리적."
simulation_20260625_154954,2026-05-15,14,A080,2026-05-15,2026-05-14,2026-05-14,2026-05-15,prior_close,005930,sell,100,298000.0,limit,"신고가 권에서 저평가 국면 종료 판단, 21일 총파업 리스크 현실화로 단기 하방 압력 우려, 포트폴리오 내 주식 비중(42.6%)을 소폭 축소하여 리스크 관리. 미실현 이익 7.42%를 일부 실현하며 현금 비중 확대가 안정적."
simulation_20260625_154954,2026-05-18,15,A080,2026-05-18,2026-05-15,2026-05-15,2026-05-18,prior_close,005930,buy,1,270500.0,limit,"파업 리스크가 5월 21일 총파업 앞두고 주가에 강한 하방 압력을 가하며, 현재 주가 270,500원이 5일 이동평균(283,000원) 하회 중. PER 8배 저평가 구간이지만 실적 악화로 내재가치 훼손 우려가 크고, 부정적 뉴스(100조원 피해 추정, 감산 돌입)가 지배적. 정부 긴급조정권 발동 여부가 불확실하여 단기 반등 신호가 부재. 포트폴리오 현금 비중 60%로 안정적이나, 관망하며 파업 해소 후 저가 분할 매수 기회를 기다리는 전략이 적합. '적극적 관망, 추가 하락 시 저점 분할 매수'로 belief 전환에 따라 거래 제약상 hold가 아닌 buy/sell만 강제되었으나, 현 시점에서 매수는 리스크가 크고 매도는 저평가 매도로 부적합하여 보유 유지가 최선. buy/sell 중 선택해야 하므로, 불가피하게 매도 0주로 처리."
simulation_20260625_154954,2026-04-24,1,A063,2026-04-24,2026-04-23,2026-04-23,2026-04-24,prior_close,005930,buy,1500,222000.0,limit,"기술적 지표상 5일 이동평균(218,300원) 위에 위치하고 있어 단기 상승 추세가 유지되고 있으나, 20일 이동평균 대비 괴리율이 11.8%로 과열 구간에 근접해 있어 무리한 매수는 자제함. 반도체 업황 호조와 GDP 서프라이즈 등 거시 펀더멘털은 긍정적이나 노조 리스크와 기술 유출 이슈가 단기 하방 압력으로 작용할 수 있어 분할 매수 전략 채택. 현재 주가(224,500원) 대비 1.1% 낮은 222,000원에 지정가 주문하여 추세 확인 후 추가 매수 기회를 노림. 거래량이 전일 대비 5.2% 증가에 그쳐 추세 전환을 확신하기 어려우므로 보수적 수량(1500주)으로 진입."
simulation_20260625_154954,2026-04-27,2,A063,2026-04-27,2026-04-24,2026-04-24,2026-04-27,prior_close,005930,buy,100,216000.0,limit,"1분기 어닝 서프라이즈와 정부 반도체 지원 정책이 하방을 지지하고, 5일 이동평균(219,000원) 근처에서 지지력이 확인되었습니다. 거래량 급감으로 방향성이 불분명하나, 단기 조정 시 20일 이동평균(202,742원) 부근에서 분할 매수 기회를 노리기 위해 보수적인 지정가 매수를 결정했습니다. 현재 포트폴리오의 현금 비중이 67%로 충분하며, 미실현손실 규모가 작아 추가 리스크가 제한적입니다. 뉴스 혼조와 기술적 과열 신호를 고려해 소량 분할 매수로 접근합니다."
simulation_20260625_154954,2026-04-28,3,A063,2026-04-28,2026-04-27,2026-04-27,2026-04-28,prior_close,005930,buy,500,222000.0,limit,"MA5 상회와 상승 추세 유지, 반도체 호실적 및 스마트공장 지원 긍정적 뉴스에도 불구하고 ETF 쏠림과 FOMC 경계감으로 단기 변동성 확대 가능. 밸류에이션 부담과 과거 낮은 성과 경험을 반영하여 과도한 매수는 자제하고, 저가 분할 매수로 접근하여 리스크를 낮춤. 현재 645백만원 현금 보유 상태로 추가 현금 확보 불필요."
simulation_20260625_154954,2026-04-29,4,A063,2026-04-29,2026-04-28,2026-04-28,2026-04-29,prior_close,005930,buy,200,218000.0,limit,"기술적 지표는 MA5(221,600)와 MA20(207,892)의 우상향 추세가 유지 중이나 거래량 감소로 단기 조정 가능성이 있어, 지지선인 MA5 근처(약 218,000원)에서 분할 매수하는 전략입니다. AI 반도체 및 구글 협력 기대감이라는 긍정적 장기 호재가 하방을 지지하고, 현재 보유 현금 비중(53.4%)이 높아 추가 매수 여력이 충분합니다. 노조 파업 리스크로 인한 단기 불확실성을 감안하여 매수 가격을 낮추고 수량을 보수적으로 설정했습니다."
simulation_20260625_154954,2026-04-30,5,A063,2026-04-30,2026-04-29,2026-04-29,2026-04-30,prior_close,005930,buy,1,226000.0,limit,"기술적 상승 추세는 유지 중이나 거래량 증가폭(10.4%)이 제한적이어서 추가 모멘텀 확인이 필요하고, 노조 파업 관련 가처분 심문(5월 중순)이 단기 변동성 확대 요인으로 작용할 가능성이 있음. 현재 소폭 수익(0.88%) 상태에서 과거 낮은 성과 경험과 안정성 선호 성향상 섣부른 매수 확대는 리스크가 크며, 혼재된 뉴스 신호(긍정적 요소와 부정적 요소 공존)로 확신도가 'medium'에 불과하므로 현 보유분 유지 및 지지선 확인 후 추가 판단이 합리적이라고 판단하여 hold를 선택함."
simulation_20260625_154954,2026-05-04,6,A063,2026-05-04,2026-04-30,2026-04-30,2026-05-04,prior_close,005930,sell,200,222500.0,limit,"뉴스 혼조(노조 파업 리스크 강화, 사상 최대 실적은 긍정적)와 기술적 지표(MA5 하회, 거래량 증가율 둔화)로 단기 상승 모멘텀 제한적이며, 현재 보유 주식(2,101주)이 과거 낮은 성과 경험과 보수적 성향 대비 다소 많은 상태입니다. 미실현 손실이 2.5백만원으로 소폭이지만, 불확실성 가중에 대비해 일부 차익 실현 및 현금 비중 확보가 적절하다고 판단했습니다. 손실을 보지 않도록 MA5(222,500원) 근처에서 매도 지정가를 설정했습니다."
simulation_20260625_154954,2026-05-06,7,A063,2026-05-06,2026-05-04,2026-05-04,2026-05-06,prior_close,005930,buy,415,225000.0,limit,"기술적 지표(MA5=225,100원)를 지지선으로 간주하고, 현재가 232,500원은 MA5 대비 3.3% 높아 단기 조정 가능성을 고려하여 낮은 지정가로 분할 매수. 거래량 증가와 사상 최대 실적은 하단을 지지할 것으로 예상되나, 금리인상과 국민연금 매도 악재로 추가 하락 시 매수 기회를 포착하기 위함. 기존 보유 주식(1,901주) 대비 21.8% 증가로 포트폴리오 주식 비중을 43%에서 약 50%로 상향 조정하나, 현금 580백만원 중 93.5백만원(16%)만 사용하여 보수적 접근 유지. 뉴스와 시장 데이터의 혼재된 신호로 확신도가 'medium'이므로 과도한 매수는 피함."
simulation_20260625_154954,2026-05-07,8,A063,2026-05-07,2026-05-06,2026-05-06,2026-05-07,prior_close,005930,sell,300,270000.0,limit,"주가가 단기 이동평균 대비 14% 이상 높고 거래량 급증, 시장 과열 심리, 노조 리스크 등 단기 조정 가능성이 높아 차익 실현이 필요하다고 판단. 미실현 수익이 8천만원 이상으로, 일부 이익을 확정하여 리스크를 낮추는 것이 바람직. 뉴스는 중립적이고 확신도가 medium이므로 과도한 매도보다는 보유 비중을 일부 축소하는 보수적 접근."
simulation_20260625_154954,2026-05-08,9,A063,2026-05-08,2026-05-07,2026-05-07,2026-05-08,prior_close,005930,sell,200,274500.0,limit,"현재 주가 271,500원은 MA5(243,300) 및 MA20(221,525) 대비 크게 상승한 과열 구간이며, 거래량이 전일 대비 22% 감소하여 추가 상승 동력이 약화되었습니다. PER이 역사적 평균 대비 높은 밸류에이션 부담도 존재합니다. 노사 갈등 리스크와 원화 강세 등 단기 악재가 혼재되어 있어 일부 이익을 실현하여 현금 비중을 높이고, 조정 시 분할 매수 기회를 확보하려 합니다. 보유 수량 1,601주 중 200주(약 12.5%)만 매도하여 보수적으로 운용하며, 9.65%의 미실현 이익 중 일부를 확정합니다."
simulation_20260625_154954,2026-05-11,10,A063,2026-05-11,2026-05-08,2026-05-08,2026-05-11,prior_close,005930,sell,400,270000.0,limit,"단기 과열 구간(MA5 대비 6.6% 상회)과 거래량 감소(-37.5%)로 추가 상승 동력 약화, 박스권 상단(275,000원) 근접. 미실현 이익 15%를 일부 실현하여 현금 비중을 확대하고, 조정 시 재매수 기회 확보. 뉴스는 혼조세로 방향성 확신 낮음."
simulation_20260625_154954,2026-05-12,11,A063,2026-05-12,2026-05-11,2026-05-11,2026-05-12,prior_close,005930,sell,200,283000.0,limit,"단기 과열과 노사 파업 리스크 구체화로 하방 압력 확대가 예상됨. 현재 보유 주식 미실현 이익이 28.8%에 달해 일부 차익 실현이 적절하다고 판단. 기술적 지표상 270,000원 이하 조정 시 재매수 기회를 노리기 위해 현금 비중을 늘림. 뉴스 혼조와 확신도 medium으로 신중한 포지션 조정."
simulation_20260625_154954,2026-05-13,12,A063,2026-05-13,2026-05-12,2026-05-12,2026-05-13,prior_close,005930,buy,400,270000.0,limit,"뉴스 혼조세 속 개인 순매수 1.7조원과 MSCI 저평가 분석, 한국 1분기 성장률 1위 등 중장기 펀더멘털이 견고하여 추가 하락 시 분할 매수 기회로 판단. 현재 20일선 대비 20% 이상 높은 단기 과열 구간이지만, 270,000원(5일선 274,100원 대비 -1.5%)은 기술적 지지선으로 예상되어 조정 시 매수 타당. 포트폴리오 현금 비중 70%로 매수 여력 충분하며, 평균 단가 221,714원 대비 낮은 가격이 아니나 중장기 저평가와 개인 수급 강세 고려. 거래량 증가(14.4%)와 주가 하락 동반은 매도 압력이지만, 단기 과열 해소 과정으로 보고 270,000원 지정가 매수로 리스크 통제."
simulation_20260625_154954,2026-05-14,13,A063,2026-05-14,2026-05-13,2026-05-13,2026-05-14,prior_close,005930,sell,100,284000.0,limit,"단기 노조 파업(21일)과 AI 메모리 과열 경고로 하방 압력이 존재하며, 거래량 감소와 밸류에이션 부담(20일선 이격 20%)이 추가 상승 동력을 약화시킵니다. 중장기 전망은 긍정적이나, 안정성 선호 성향과 과거 낮은 성과를 고려해 일부 이익을 실현하여 리스크를 축소합니다. 현재 포트폴리오의 현금 비중(69.5%)을 유지하며 파업 전 경계심을 반영한 결정입니다."
simulation_20260625_154954,2026-05-15,14,A063,2026-05-15,2026-05-14,2026-05-14,2026-05-15,prior_close,005930,buy,200,270000.0,limit,"현재 주가 296,000원은 20일선(240,775) 대비 20% 이격으로 단기 과열 신호이나, AI 반도체 수요와 글로벌 증시 강세라는 중장기 모멘텀을 고려할 때 270,000원 이하 조정 시 저가 매수 기회로 판단. 보유 현금 805.6백만원이 충분하고, 평단 221,714원 대비 추가 매수로 평단을 높이되 분할 매수 전략으로 리스크 분산. 뉴스는 혼재되어 신중한 접근이 필요하나, 기술적 지표상 270,000원은 5일선(282,600)과 20일선 사이의 지지 구간으로 하방 경직성이 예상됨. 포트폴리오 현금 비중이 71%로 높아 일부 매수로 비중 조정."
simulation_20260625_154954,2026-05-18,15,A063,2026-05-18,2026-05-15,2026-05-15,2026-05-18,prior_close,005930,sell,200,270500.0,limit,"Belief와 시장 분석 모두 단기 하락 가능성을 경고하며, 파업 리스크와 외국인 매도세로 추가 조정이 예상됨. 현재 포트폴리오가 미실현 이익을 보유하고 있어 일부 이익을 확정하고 리스크를 축소하는 것이 합리적이라고 판단함. 보유 현금이 충분하므로 추가 하락 시 대응 여력 유지."
simulation_20260625_154954,2026-04-24,1,A089,2026-04-24,2026-04-23,2026-04-23,2026-04-24,prior_close,005930,buy,133,222000.0,limit,"반도체 호황과 SK하이닉스 실적 모멘텀으로 업종 전망 긍정적, 20일 이동평균(200,772원) 상회하며 상승 추세 유지. 다만 단기 과열 가능성과 파업 리스크를 고려해 지정가 222,000원(현재가 대비 약 1.1% 하락)으로 저가 매수 기회 포착. 분할 매수 원칙에 따라 가용 현금 50% 미만인 29,526,000원 사용."
simulation_20260625_154954,2026-04-27,2,A089,2026-04-27,2026-04-24,2026-04-24,2026-04-27,prior_close,005930,buy,10,219000.0,limit,"현 주가가 5일 이동평균(219,000원) 근처에서 지지받을 가능성, 소폭 손실 중이나 분할 매수 전략에 따라 저가 매수 기회로 판단. 거래량 감소로 단기 조정 가능성 있으나, 현금 비중이 높아 소량 매수로 리스크 관리."
simulation_20260625_154954,2026-04-28,3,A089,2026-04-28,2026-04-27,2026-04-27,2026-04-28,prior_close,005930,sell,20,225000.0,limit,"기술적 지표는 단기 반등 신호를 보였으나 20일선 대비 괴리율 9.4%로 과열 부담, FOMC 등 대외 불확실성으로 관망세 유리, 뉴스 호재 부재. 소폭 미실현 이익 상태에서 수익 시 빠른 매도 성향을 반영, 일부 물량을 정리하여 현금 비중을 확보하고 조정 시 분할 매수 기회를 대비함."
simulation_20260625_154954,2026-04-29,4,A089,2026-04-29,2026-04-28,2026-04-28,2026-04-29,prior_close,005930,sell,20,222000.0,limit,"20일선 대비 괴리율 6.8%로 밸류에이션 부담, 거래량 19.4% 감소로 추세 약화, 노조 파업 단기 악재. 미실현 이익 소폭 존재하여 처분효과에 따라 차익 실현하며 현금 비중 확대가 안정적. 헤드라인 뉴스 혼조로 확신도 낮아 소량 매도로 리스크 축소."
simulation_20260625_154954,2026-04-30,5,A089,2026-04-30,2026-04-29,2026-04-29,2026-04-30,prior_close,005930,buy,34,220000.0,limit,"기술적 부담(20일선 괴리율 7.8%)과 혼재된 뉴스로 단기 방향성 확신이 낮아 중립적 관점이나, 현금 비중이 77%로 높고 추가 조정 시 저가 매수 기회를 노리기 위해 20일선(약 209,710원) 근처인 220,000원에 지정가 매수 주문을 제출합니다. 이는 보유 현금(77,283,632원)과 max_single_trade_cash(38,641,816원) 이내이며, 34주 매수 시 약 7,480,000원으로 제약을 충족합니다. 헤드라인 스캔 결과 뚜렷한 매수 신호는 없으나, 안정적 포트폴리오 유지와 분할 매수 전략의 일환으로 보수적으로 접근합니다."
simulation_20260625_154954,2026-05-04,6,A089,2026-05-04,2026-04-30,2026-04-30,2026-05-04,prior_close,005930,buy,50,218000.0,limit,"20일선(211,815원) 지지와 괴리율(4.1%) 축소, 거래량 증가 및 실적 호재(분기순이익 265억)가 매수 기회로 판단됨. 파업 리스크는 정부 중재 기대로 완화 가능. 현금 비중 77%로 하락 시 분할 대응 가능하며 저가 매수 적기라 판단, 단 20일선 이탈 시 리스크를 고려해 보수적 수량으로 분할 매수 진행."
simulation_20260625_154954,2026-05-06,7,A089,2026-05-06,2026-05-04,2026-05-04,2026-05-06,prior_close,005930,sell,103,232500.0,limit,"금리 인상 우려, TV 사업 부진, 부정적 헤드라인(저라면 안 삽니다) 등으로 시장 심리가 위축되어 단기 상승 모멘텀이 제한적이라고 판단. 현재 주가가 20일선 대비 8.6% 높고 미실현 이익이 소폭(4.8%) 발생한 상태에서 처분효과 성향상 수익을 확정하는 것이 합리적. 거래량 증가는 긍정적이나 방향성이 불확실하여 보유 리스크를 줄이기 위해 전량 매도 결정."
simulation_20260625_154954,2026-05-07,8,A089,2026-05-07,2026-05-06,2026-05-06,2026-05-07,prior_close,005930,buy,196,262000.0,limit,"반도체 업황 회복 기대감, HBM 테마 상승, 연금 유입 호재 등 긍정적 뉴스가 다수이며, 기술적으로 5일선과 20일선 위에서 상승 추세 유지 중. 거래량 급증으로 매수세 유입 확인. 단기 밸류에이션 부담과 유가 리스크를 고려해 20일선 부근(약 262,000원)에서 분할 매수로 진입, 현금 비중이 높아 리스크 관리 가능."
simulation_20260625_154954,2026-05-08,9,A089,2026-05-08,2026-05-07,2026-05-07,2026-05-08,prior_close,005930,buy,1,271500.0,limit,"파업 리스크와 반도체 업종 실적 부진으로 신중한 접근이 필요하나, hold가 허용되지 않아 소량 매수로 포지션을 개시합니다. 기술적 지표상 상승 추세는 유지 중이나 거래량 감소와 변동성 확대로 단기 조정 가능성이 있어, 추가 하락 시 분할 매수 기회를 노리기 위해 현금 비중을 대부분 유지합니다. (근거: 뉴스 혼조, 기술적 지표 약화, 포트폴리오 현금 과다)"
simulation_20260625_154954,2026-05-11,10,A089,2026-05-11,2026-05-08,2026-05-08,2026-05-11,prior_close,005930,buy,1,262000.0,limit,"기술적 상승 추세(MA5 251,800, MA20 224,425) 유지 중이며, PER 저평가 논리가 지지 요인. 당일 -1.1% 하락과 거래량 급감으로 단기 조정 가능성이 있으나, 높은 현금 비중(99.7%)을 활용해 분할 매수 기회로 접근. 현재가 268,500원 대비 2.4% 낮은 262,000원에 지정가 매수하여 평균 단가를 낮추고, 추가 하락 시 대응 여력 확보. 헤드라인 스캔 결과 부정적 뉴스(아픈 손가락)가 있지만 저평가 의견에 무게를 둠."
simulation_20260625_154954,2026-05-12,11,A089,2026-05-12,2026-05-11,2026-05-11,2026-05-12,prior_close,005930,buy,91,264800.0,limit,"기술적 지표에서 MA5(264,800원)가 단기 지지선으로 작용할 가능성이 높고, 거래량 급감과 파업 리스크로 단기 조정이 예상되어 해당 가격에서 분할 매수를 통해 평균 매수 단가를 낮추고자 함. 현재 보유 주식이 1주에 불과하고 현금 비중이 99.7%로 매우 높아 안정성 선호 성향에 부합하며, 저가 매수 기회를 활용하여 포트폴리오 비중을 조정하는 것이 합리적이라 판단. PER 저평가 논리가 유효하고 코스피 상승 전망 등 중장기 긍정 요인도 고려하였으나, 파업 불확실성과 거래량 감소를 반영해 보수적으로 분할 매수함."
simulation_20260625_154954,2026-05-13,12,A089,2026-05-13,2026-05-12,2026-05-12,2026-05-13,prior_close,005930,sell,1,279000.0,limit,"현재 소폭 이익(10,500원) 상태에서 성과급 논란, 거래량 감소, 단기 조정 가능성 등 부정적 신호가 혼재되어 있어 차익 실현이 합리적이라고 판단했습니다. 보수적 관점과 안정성 선호 성향에 따라 현금 비중을 높여 리스크를 관리하는 것이 적절합니다."
simulation_20260625_154954,2026-05-14,13,A089,2026-05-14,2026-05-13,2026-05-13,2026-05-14,prior_close,005930,buy,1,283000.0,limit,"매수/매도 강제 조건으로 매수 선택. 파업 및 AI 반도체 경고로 단기 조정 우려가 크나, 최소 수량으로 진입하여 리스크를 제한하고 중장기 반도체 수요를 고려한 소극적 베팅. 시장 분석과 보수적 성향에 따라 낮은 지정가 제시."
simulation_20260625_154954,2026-05-15,14,A089,2026-05-15,2026-05-14,2026-05-14,2026-05-15,prior_close,005930,buy,44,290000.0,limit,"오늘 긍정적 뉴스(갤럭시 워치 신제품, 반도체 수요 증가)와 기술적 강세(5일선/20일선 상회, 거래량 증가)로 상승 가능성이 있으나, 전고점 부근 변동성과 차익매물 리스크를 고려하여 추격 매수보다는 단기 조정 시 분할 매수 전략을 채택. 현 주가 296,000원 대비 2% 낮은 290,000원 지정가 주문으로 진입하며, 현금 비중이 높아 점진적 매수 기회를 모색함."
simulation_20260625_154954,2026-05-18,15,A089,2026-05-18,2026-05-15,2026-05-15,2026-05-18,prior_close,005930,buy,10,267000.0,limit,"주가가 5일선(283,000원)을 하회하고 부정적 뉴스(파업, 감산, 인사 교체)가 단기 하방 압력을 주고 있으나, 20일선(243,750원)이 지지선으로 작용할 가능성이 있고 AI 반도체 수요 증가가 중장기 긍정 신호로 작용하고 있습니다. 현재 PER 12배 내외로 과거 평균 대비 부담스럽지 않고, 보유 현금 비중이 88.6%로 충분하여 추가 하락 시 분할 매수 기회를 모색하려 합니다. 기술적 지표상 270,500원 부근에서 지지 여부를 확인 중이나, 1개월 내 박스권 하단(280,000원) 근처에서 저가 매수 기회가 있을 것으로 판단하여 267,000원 지정가로 소량 매수합니다."
