outputs/logs/simulation_20260625_154954/submitted_orders.csv
run_id,date,turn,agent_id,decision_date,market_features_date,news_max_date,execution_date,information_mode,stock_code,direction,quantity,price,order_type,reason
simulation_20260625_154954,2026-04-24,1,A087,2026-04-24,2026-04-23,2026-04-23,2026-04-24,prior_close,005930,buy,445,222000.0,limit,"반도체 업황 호조(GDP 1.7% 성장, SK하이닉스 실적)와 20일 이동평균(200,772원) 대비 현재 주가(224,500원)가 프리미엄이나, 노조 파업 리스크와 기술 유출 악재로 단기 하락 가능성을 고려하여 20일선 부근(222,000원)에서 분할 매수로 진입. 전체 자산의 10% 수준(약 1억 원)으로 보수적 접근하며, 노조 리스크 해소 전까지 추가 매수는 제한."
simulation_20260625_154954,2026-04-27,2,A087,2026-04-27,2026-04-24,2026-04-24,2026-04-27,prior_close,005930,sell,445,219500.0,limit,"현재 주가(219,500원)는 20일 이동평균(202,742원) 대비 8% 프리미엄으로 단기 고평가 국면이며, 거래량 급감(43% 감소)으로 추진력이 부족합니다. 노조 총파업 리스크, 기술 유출 악재, HBM 경쟁력 지연 등 부정적 뉴스가 단기 하방 압력을 가중시키고 있습니다. 포트폴리오 손실 규모는 미미하나, 불확실성이 큰 상황에서 무리한 베팅을 피하고 보유 주식을 전량 매도하여 현금 비중을 높여 리스크를 최소화하는 것이 안전하다고 판단합니다. 이후 20일 이동평균 부근(202,000원)에서 분할 매수 기회를 기다리는 전략으로 전환합니다."
simulation_20260625_154954,2026-04-28,3,A087,2026-04-28,2026-04-27,2026-04-27,2026-04-28,prior_close,005930,buy,1000,224500.0,limit,"강한 상승 추세와 긍정적 뉴스(최고가 경신, ETF 유입, 정부 지원)에 따라 일부 매수 진입. 단기 고평가 및 FOMC 리스크를 고려하여 전량 매수보다 분할 매수로 리스크 분산. 확신도는 높지만 보수적 접근."
simulation_20260625_154954,2026-04-29,4,A087,2026-04-29,2026-04-28,2026-04-28,2026-04-29,prior_close,005930,buy,500,218000.0,limit,"시장 분석 결과, 단기 파업 리스크로 추가 조정 가능성이 있으나 20일 이동평균선(207,892원) 위에서 안정적 흐름 유지 중이며, AI 반도체 협력 및 구조조정 호재가 중장기 상승 동력을 제공합니다. 기술적 지표상 20일선 부근(약 218,000원)에서 분할 매수 기회로 판단, 지정가 주문으로 하방 리스크를 통제하며 매수합니다. 현재 포트폴리오 손실 상태(-0.38%)와 현금 비중(77.7%)을 고려해 추가 매수 여력 충분, 보수적 분할 매수로 접근."
simulation_20260625_154954,2026-04-30,5,A087,2026-04-30,2026-04-29,2026-04-29,2026-04-30,prior_close,005930,sell,500,226000.0,limit,"노사 갈등 심화와 5월 21일 총파업 예고로 단기 하락 압력이 우세하며, 밸류에이션 매력도 낮아졌습니다. 현재 소폭 수익(0.67%) 상태에서 리스크 관리 차원으로 일부 이익을 실현하여 현금 비중을 확보하고, 추가 하락 시 매수 기회를 대비합니다. 기술적 지표는 혼조세이나 불확실성이 크므로 보수적 접근이 적합합니다."
simulation_20260625_154954,2026-05-04,6,A087,2026-05-04,2026-04-30,2026-04-30,2026-05-04,prior_close,005930,sell,500,221500.0,limit,"파업 리스크(5/21 총파업 예고)가 단기 하방 압력을 강화하며 주가가 5일 이동평균(222,500원) 아래에서 거래량 증가 동반 하락세를 보임. 미실현 손실 상태(-4,000,000원)에서 추가 하락 가능성을 고려해 보유 물량의 절반을 매도하여 손실을 최소화하고 현금 비중을 확보. 페르소나의 수익 시 빠른 매도 성향과 안정성 선호를 반영, 리스크 해소 전까지 일부 이탈이 적합하다고 판단. 반등 시 매도 기회를 활용하기 위해 5일선 부근인 221,500원에 지정가 설정."
simulation_20260625_154954,2026-05-06,7,A087,2026-05-06,2026-05-04,2026-05-04,2026-05-06,prior_close,005930,buy,200,229500.0,limit,"1분기 역대 최대 실적(영업익 약 57조)과 저평가 매력(PBR 1.1배 내외)이 하단 지지력 제공. 단기 이동평균 정배열(5일 225,100원) 유지, 거래량 48.5% 급증은 긍정적 모멘텀 신호. 노조 내부 균열로 리스크 완화 가능성 인지. 추가 하락 시(225,000원 이하) 분할 매수 전략에 맞춰 20일 이동평균선(214,130원) 근처보다 높은 229,500원에서 보수적 분할 매수 실행. 현재 주식 비중 11.5%로 낮아 추가 매수 여력 충분."
simulation_20260625_154954,2026-05-07,8,A087,2026-05-07,2026-05-06,2026-05-06,2026-05-07,prior_close,005930,sell,200,268000.0,limit,"전일 14.4% 급등(266,000원)으로 단기 과열 신호(MA5 대비 이격 과다)와 차익 실현 압력 증가. 노조 리스크(파업 우려)와 중동발 물가 상승이 단기 상승 탄력을 제한할 것으로 예상. 보유 수익률 2.34%에 만족하며, 처분효과 성향에 따라 일부 차익 실현으로 리스크 축소. 200주 매도 시 약 53.6백만원 현금 확보로 현금 비중 92% 유지, 추가 하락 시 재매수 여력 확보."
simulation_20260625_154954,2026-05-08,9,A087,2026-05-08,2026-05-07,2026-05-07,2026-05-08,prior_close,005930,sell,100,271500.0,limit,"단기 파업 리스크(30조 손실 우려)와 차익 실현 압력, 기술적 이격도 과다(MA5 대비 11.6% 상승)로 조정 가능성이 높다고 판단. 현재 보유 수익률 2.61%에서 일부 차익을 실현하여 리스크를 관리하고, 추가 하락 시 분할 매수할 현금을 확보하기 위해 100주 매도 결정. 뉴스 혼조 속 부정적 요인에 더 무게를 둠."
simulation_20260625_154954,2026-05-11,10,A087,2026-05-11,2026-05-08,2026-05-08,2026-05-11,prior_close,005930,sell,50,269000.0,limit,"단기 과열(MA5 대비 6.6% 상승)과 거래량 급감(37.5% 감소)으로 상승 동력 약화, 노조 파업(5/21) 및 JP모건 경고로 단기 조정 가능성 확대. 19.6% 미실현 이익 상태에서 차익실현을 통해 현금을 확보하고, 추가 하락 시 분할 매수 기회를 모색하기 위해 보유 주식 중 50주(약 1.3억원)를 매도. 처분효과 성향에 따라 수익 시 일부 차익실현을 진행하며, 장기 전망은 긍정적이지만 단기 변동성에 대비해 보수적 대응."
simulation_20260625_154954,2026-05-12,11,A087,2026-05-12,2026-05-11,2026-05-11,2026-05-12,prior_close,005930,buy,167,270000.0,limit,"사후조정 마감일(5/12) 결과 확인 과정에서 하락 시 분할 매수 기회를 모색. PER 9배 저평가와 반도체 업황 호조가 중장기 매력적이며, 보유 현금 96%로 추가 매수 여력 충분. 단기 270,000원 지지선에서 분할 매수하여 평균 단가를 낮추고 상승 시 이익 극대화. 거래량 급감과 파업 리스크로 추가 하락 가능성을 고려, 보수적 수량(167주, 현금 4.7% 사용)으로 제한."
simulation_20260625_154954,2026-05-13,12,A087,2026-05-13,2026-05-12,2026-05-12,2026-05-13,prior_close,005930,buy,1,279000.0,limit,
simulation_20260625_154954,2026-05-14,13,A087,2026-05-14,2026-05-13,2026-05-13,2026-05-14,prior_close,005930,buy,350,278000.0,limit,"기술적 분석상 5일 이동평균(277,700원) 근처에서 반등 시도가 확인되었고, 단기 급락 후 거래량 감소는 바닥 형성 신호로 해석. 파업 리스크가 단기 악재이나, 270,000원 지지선과 반도체 초호황, 저평가 논리가 하방을 지지하므로 분할 매수 기회로 판단. 현재 250주 보유 중이며, 추가 매수 시 평단을 낮춰 장기 수익성을 높이기 위해 350주(약 97,300,000원, 가용 현금의 10.1%) 매수 결정. 지정가 278,000원은 5일 이동평균 근처이며, 추가 하락 시 손실을 제한할 수 있는 수준."
simulation_20260625_154954,2026-05-15,14,A087,2026-05-15,2026-05-14,2026-05-14,2026-05-15,prior_close,005930,buy,337,284000.0,limit,"오늘의 Belief와 시장 분석에 따르면 단기 28~30만원 박스권 등락이 예상되며, 5/21 총파업 리스크로 추가 하락 시 28만원대가 분할 매수 기회로 판단됨. 현재 주가 296,000원은 증권사 목표주가 대비 상승 여력이 있고, 기술적 지지선인 5일선(282,600원) 근처에서 매수 시 리스크 대비 수익률이 양호. 보유 현금 9.59억원 중 28.4만원*337주=95,708,000원으로 총 현금 대비 약 10%만 투입해 보수적 분할 매수. 뉴스 혼조와 파업 불확실성을 감안해 지정가 284,000원(5일선 약간 상회)으로 제한."
simulation_20260625_154954,2026-05-18,15,A087,2026-05-18,2026-05-15,2026-05-15,2026-05-18,prior_close,005930,buy,293,265000.0,limit,"현재 주가 270,500원은 5일선(283,000원) 이탈 상태이나, PER 8배 수준의 역사적 저평가 영역에 진입하여 중장기 AI 반도체 수요가 유효하다는 점을 고려. 5/21 총파업 리스크가 단기 하방 압력을 강화하고 있어 추가 하락 시 분할 매수 기회를 활용하려 함. 보유 현금 8.67억원으로 분할 매수 여력이 있으며, 26만5천원대는 1차 지지선이자 밸류에이션 매력이 더 부각되는 구간으로 판단. 과매도 인식과 정부 개입 기대감이 반등 요인이 될 수 있어 저가 매수 기회로 삼되, 파업 리스크 해소 전까지는 보수적인 수량(293주, 약 7,760만원)만 매수하여 현금 비중 유지."
simulation_20260625_154954,2026-04-24,1,A083,2026-04-24,2026-04-23,2026-04-23,2026-04-24,prior_close,005930,buy,1,215000.0,limit,"현재 뉴스와 시장 분석에서 노조 파업 리스크와 SK하이닉스 대비 실적 부진 등 부정적 요인이 우세하나, 1분기 GDP 호조와 메타렌즈 신기술 같은 긍정적 재료도 존재함. 내재가치 대비 저평가 매력이 줄었지만, 과거 투자 성과가 낮고 안정적 자산을 선호하는 점을 고려해 소량 매수로 시장 참여를 시작하며, 추가 하락 시 매수 기회를 확보하려 함. 215,000원은 5일선(218,300원)과 20일선(200,772원) 사이의 지지 구간으로 예상되어, 손실 제한 가능성과 함께 저가 매수 효과를 기대."
simulation_20260625_154954,2026-04-27,2,A083,2026-04-27,2026-04-24,2026-04-24,2026-04-27,prior_close,005930,sell,1,219500.0,limit,"노사 갈등 심화(5월 총파업 예고), HBM 경쟁력 지연, 기술 유출 리스크 등 단기 불확실성이 높아 추가 하락 가능성을 고려하여 보유 주식을 전량 매도함. 현재 미실현이익이 소액(4,500원)인 상태에서 리스크 요인이 부각됨에 따라 조기 매도로 손실을 방지하고 현금 비중을 100%로 유지하여 향후 저가 매수 기회를 확보함. 이는 Belief의 '보유 현금 비중 유지하며 관망' 판단과 일관됨."
simulation_20260625_154954,2026-04-28,3,A083,2026-04-28,2026-04-27,2026-04-27,2026-04-28,prior_close,005930,buy,22,221000.0,limit,"현재 삼성전자 주가는 역사적 저평가 구간(PER 10배 내외)이나 노사 갈등과 기술 유출 리스크로 단기 불확실성이 높아 적극 매수보다는 추가 하락 시 저가 매수 기회를 모색. 5일 이동평균선(221,000원)에서 지지 확인 시 소량 분할 매수로 접근. ETF 자금 유입과 반도체 업황 호조가 하단을 지지할 것으로 예상되나, 뉴스 혼조와 확신도 중간 수준을 감안하여 보수적 수량으로 제한."
simulation_20260625_154954,2026-04-29,4,A083,2026-04-29,2026-04-28,2026-04-28,2026-04-29,prior_close,005930,sell,22,224000.0,limit,"파업 리스크(5월 21일 총파업 예고, 최대 30조 손실 우려)와 노조위원장 휴가 논란으로 단기 불확실성 확대. 전일 종가 222,000원으로 5일선(221,600원) 근방에서 거래량 감소(-19.4%)하며 상승 동력 약화. 과거 낮은 투자 성과와 집중투자 성향을 고려할 때, 현금 비중을 높여 리스크를 관리하는 것이 우선. 보유 주식 22주(평균 단가 221,000원)는 소폭 이익 상태로, 파업 협상 진전 없이 추가 하락 가능성에 대비해 전량 매도하여 현금화 후 협상 추이 관찰이 적절."
simulation_20260625_154954,2026-04-30,5,A083,2026-04-30,2026-04-29,2026-04-29,2026-04-30,prior_close,005930,buy,1,226000.0,limit,"단기적으로 노조 파업 리스크(5월 21일~6월 7일)와 법원 가처분 결정 지연이 주가 변동성을 확대할 것으로 예상되나, 1분기 최대 실적과 AI·HBM 성장 모멘텀은 장기 저평가 매력으로 작용. 현재 현금 비중 100% 상태에서 강제 거래 조건을 충족하기 위해 최소 수량(1주)을 매수하여 포지션을 소량 확보. 거래량 증가폭이 10%에 그쳐 매수세가 강하지 않으므로 보수적 접근."
simulation_20260625_154954,2026-05-04,6,A083,2026-05-04,2026-04-30,2026-04-30,2026-05-04,prior_close,005930,buy,45,218000.0,limit,"현재 주가는 PER 7~8배, PBR 1.2배로 역사적 저평가 구간이며, 1분기 최대 실적과 메모리 이익률 73%가 펀더멘털을 강하게 지지합니다. 다만 단기 파업 리스크(5월 21일~6월 7일)와 외국인 순매도로 인한 혼조세를 고려해 분할 매수 전략을 채택했습니다. 20일 이동평균선(211,815원) 근처인 218,000원에 지정가 주문을 설정하여 하락 시 매수 기회를 잡고자 합니다. 현금 비중이 99.8%로 매우 높아 리스크를 분산하며 저가 매수 기회를 활용하는 것이 합리적이라고 판단했습니다."
simulation_20260625_154954,2026-05-06,7,A083,2026-05-06,2026-05-04,2026-05-04,2026-05-06,prior_close,005930,buy,1,220000.0,limit,"오늘의 Belief와 시장 분석을 종합할 때, 단기 악재(노조 파업, 금리 인상 가능성, 국민연금 매도 논의)가 집중되어 추가 하락 가능성이 높습니다. PER 7~8배, PBR 1.2배의 역사적 저평가 구간은 매력적이나, 20일 이동평균선(약 214,000원) 부근에서 분할 매수 전략이 합리적입니다. 현재 1주만 보유 중이며 현금 비중이 99.77%로 매우 높아, 추가 하락 시 저가 매수 기회를 잡기 위해 220,000원에 1주를 제한적으로 매수합니다. 이는 노조 리스크로 인한 실적 하향 조정(영업이익 10~11% 감소)을 감안한 보수적인 접근이며, 거래량 급증과 단기 상승 후 조정 가능성을 반영했습니다."
simulation_20260625_154954,2026-05-07,8,A083,2026-05-07,2026-05-06,2026-05-06,2026-05-07,prior_close,005930,buy,30,266000.0,limit,"뉴스 분석 결과 반도체 슈퍼사이클과 AI 수요 확대, 기관 수급 견고, 저평가 밸류에이션(PER 7~8배)이 매수 기회로 판단됨. 포트폴리오 현금 비중 99.7%로 과도하여 분할 매수를 통해 비중 확대 필요. 기술적 지표도 상승 추세 확인. 단기 리스크(노조, 물가)는 존재하나 중장기 전망 긍정적."
simulation_20260625_154954,2026-05-08,9,A083,2026-05-08,2026-05-07,2026-05-07,2026-05-08,prior_close,005930,buy,5,270000.0,limit,"현재 PER 7~8배의 저평가 구간과 메모리 슈퍼사이클, AI 수요 확대라는 중장기 펀더멘털을 고려해 분할 매수 기회로 판단했습니다. 단기 노사 갈등 리스크와 거래량 감소로 인한 조정 가능성을 감안해 현재가보다 소폭 낮은 지정가를 설정했으며, 소량 매수를 통해 리스크를 통제했습니다. (근거: 밸류에이션, 뉴스, 포트폴리오 상태)"
simulation_20260625_154954,2026-05-11,10,A083,2026-05-11,2026-05-08,2026-05-08,2026-05-11,prior_close,005930,buy,18,265000.0,limit,"PER 7~8배, PBR 0.8배의 역사적 저평가 상태와 AI 반도체 업황 개선이라는 장기 투자 매력을 고려해, 단기 노조 리스크 및 DX 부진에도 불구하고 저가 분할 매수 기회로 판단함. 현재 보유 비중이 매우 낮아(1.6%) 추가 매수하여 평균 단가를 낮추며 장기 보유 기반을 마련하고자 함. 매수 가격을 265,000원(지지선 260,000원 근처)으로 제한해 하락 리스크를 통제함."
simulation_20260625_154954,2026-05-12,11,A083,2026-05-12,2026-05-11,2026-05-11,2026-05-12,prior_close,005930,buy,5,283000.0,limit,"저평가(PER 7~8배, PBR 0.8배)와 반도체 강세라는 장기 매력이 있으나, 단기 파업 리스크로 관망이 합리적이나 강제 거래 조건상 소량 매수로 기회를 확보. 현재가 285,500원 대비 0.9% 낮은 가격에 지정가 주문."
simulation_20260625_154954,2026-05-13,12,A083,2026-05-13,2026-05-12,2026-05-12,2026-05-13,prior_close,005930,buy,10,276000.0,limit,"뉴스와 시장 분석에서 저평가(per 8.5, pbr 0.8), 한국 gdp 성장률 호조, 씨티 목표주가 상향 등 긍정 요인이 중장기 매수를 지지하고, 현재 현금 비중이 과도(97%)하여 분할 매수 필요. 다만 노사 갈등과 외국인 순매도 전환으로 단기 불확실성이 높아 저가 매수 전략(전일종가比 1.1% 할인)으로 리스크를 완화. 포트폴리오 측면에서 주식 비중을 3%→6%로 소폭 확대하며 보수적 접근."
simulation_20260625_154954,2026-05-14,13,A083,2026-05-14,2026-05-13,2026-05-13,2026-05-14,prior_close,005930,buy,17,276000.0,limit,"PER 8.5, PBR 0.8로 역사적 저평가 상태이며, 반도체 슈퍼호황(600조 영업이익) 기대와 정부 긴급조정권 발동 가능성이 하방을 지지한다고 판단. 노조 파업 리스크가 단기 하방 압력이지만, 현재 주가 284,000원은 20일 이동평균(236,300원) 대비 높지만 기술적 지지선(약 276,000원, 5일 이평 근처)까지 조정 시 분할 매수 기회로 삼으려 함. 파업 리스크를 반영해 보수적인 가격(276,000원)으로 분할 매수하여 단기 변동성 리스크를 일부 회피. 보유 현금이 충분(9,715만원)하고, 현재 보유 비중이 3.2%로 낮아 추가 매수 여력이 있으며, 17주 매수 시 소요 현금 약 469만원으로 전체 현금의 4.8%에 불과해 리스크가 제한적. 거래량 감소로 상승 동력이 약화된 점을 고려해 지정가 주문으로 신중하게 접근."
simulation_20260625_154954,2026-05-15,14,A083,2026-05-15,2026-05-14,2026-05-14,2026-05-15,prior_close,005930,sell,11,296000.0,limit,"PBR 1배 돌파로 저평가 국면 종료, 30만원 근접에서 추가 상승 여력 제한적이며 5/21 파업 리스크로 단기 변동성 확대 예상. 보유 수익률 0.41%로 미미하나, 과거 낮은 성과와 안정성 선호 성향상 리스크 관리가 우선. 현금 비중을 높여 파업 리스크 해소 후 재진입 기회를 모색하는 것이 적합."
simulation_20260625_154954,2026-05-18,15,A083,2026-05-18,2026-05-15,2026-05-15,2026-05-18,prior_close,005930,buy,35,268000.0,limit,"PER 8배, PBR 1배 미만의 역사적 저평가 구간과 AI 반도체 수요 강세가 하방을 지지합니다. 5/21 총파업 리스크로 급락했으나, 단기 과매도 상태에서 정부 긴급조정권 가능성과 파업 해소 시 반등 기대가 있습니다. 현재 현금 비중이 높아 분할 매수로 평균단가를 낮추며, 20일선(243,750원) 근처에서 추가 매수 기회를 염두에 둡니다. 뉴스와 가치평가가 핵심 근거입니다."
simulation_20260625_154954,2026-04-24,1,A096,2026-04-24,2026-04-23,2026-04-23,2026-04-24,prior_close,005930,buy,89,222000.0,limit,"반도체 업종 호황과 GDP 호조로 단기 상승 추세가 유지될 가능성이 높고, 기술적 지표(5일 이평선 상회, 거래량 증가)가 상승 신호를 지원합니다. 개별 악재(노조, 기술 유출)가 있으나 추세를 꺾을 정도는 아니라고 판단하여 소폭 긍정적 관점에서 관망보다는 제한적 매수를 결정했습니다. 현금 비중이 100%이므로 리스크 분산을 위해 최대 거래 가능 금액(5천만 원)의 약 40%인 2천만 원 내외로 매수하며, 주가가 일시 하락할 경우를 대비해 현재가(224,500원)보다 소폭 낮은 222,000원에 지정가 주문을 제출합니다."
simulation_20260625_154954,2026-04-27,2,A096,2026-04-27,2026-04-24,2026-04-24,2026-04-27,prior_close,005930,buy,36,215000.0,limit,"단기 조정과 거래량 급감으로 추세 에너지는 약하지만, 5일선(219,000원)과 20일선(202,742원) 정배열 유지, 정부 반도체 클러스터 지원 및 테마주 강세 등 중기 호재가 유효. 현재 주가 219,500원은 평균 매수 단가(222,000원) 대비 1.1% 하락한 수준으로, 20일선 이탈 전 지지 구간(215,000원)에서 분할 매수해 평균 단가를 낮추고 반등 시 수익률 개선 기대. 현금 비중 80%로 충분한 여력이 있어 보수적 분할 매수 실행."
simulation_20260625_154954,2026-04-28,3,A096,2026-04-28,2026-04-27,2026-04-27,2026-04-28,prior_close,005930,sell,125,224500.0,limit,"현재 주가 224,500원은 평균 단가(219,984원) 대비 소폭 상승 중이나, 추가 상승 여력이 제한적이고 단기 조정 가능성(FOMC·빅테크 실적)이 있어 이익을 확정하고 현금 비중을 높이는 것이 안정적이라고 판단. 거래량 증가와 정배열 유지에도 불구하고 확신도가 낮아 보유 리스크를 회피하고자 전량 매도 결정. 뉴스는 긍정·부정 혼재로 명확한 방향성 부재, 헤드라인 스캔형 정보 부족도 매도 근거."
simulation_20260625_154954,2026-04-29,4,A096,2026-04-29,2026-04-28,2026-04-28,2026-04-29,prior_close,005930,buy,100,220000.0,limit,"기술적 정배열 유지와 220,000원 지지선 근접 시 분할 매수 기회로 판단. 거래량 감소와 FOMC 불확실성으로 단기 하방 리스크가 있으나, 저평가 구간과 중장기 AI 기대를 고려해 지지선 부근에서 보수적 분할 매수. 현재 현금 비중이 100%여서 리스크 분산 차원에서 소액 진입. 핵심 근거: 기술적 지지선(220,000원)과 포트폴리오 현금 비중."
simulation_20260625_154954,2026-04-30,5,A096,2026-04-30,2026-04-29,2026-04-29,2026-04-30,prior_close,005930,buy,1,226000.0,limit,"기술적 정배열 유지 중이나 거래량 부진과 노사 갈등 뉴스로 단기 방향성 불확실. 강제 거래 조건으로 인해 최소 단위(1주)만 매수하여 현금 비중을 유지하며, 지지선 재확인 후 추가 매수를 고려. 핵심 근거: 포트폴리오 현금 과다 상태에서 리스크 최소화를 위한 보수적 접근."
simulation_20260625_154954,2026-05-04,6,A096,2026-05-04,2026-04-30,2026-04-30,2026-05-04,prior_close,005930,buy,1,220500.0,limit,"Belief에서 파업 리스크가 시장에 본격 반영되며 추가 하락 가능성을 반영해 더 보수적 관점으로 전환했고, 시장 분석에서도 거래량 둔화와 부정적 헤드라인이 단기 하방 압력을 강화할 수 있어 지지선 확인 전까지 관망이 바람직합니다. 포트폴리오는 현금 비중이 매우 높아 안정성은 확보했으나, 추가 매수 시점 판단에 신중함이 필요하며, 확신도가 medium으로 hold를 우선 고려합니다."
simulation_20260625_154954,2026-05-06,7,A096,2026-05-06,2026-05-04,2026-05-04,2026-05-06,prior_close,005930,buy,1,231500.0,limit,"기술적 지표(MA5, MA20 상회, 정배열, 거래량 증가)는 긍정적 신호를 보여 단기 상승 모멘텀이 유지되고 있음. 부정적 뉴스 혼재와 금리 인상 리스크로 인해 확신도가 낮아 보수적 접근이 필요하나, 1주만 추가 매수하여 소량 포지션을 확대함으로써 상승 가능성에 대비. 현재 보유 현금 대비 주문 규모가 작아 리스크가 제한적이며, 추가 하락 시 분할 매수 기회를 남겨둠. 현금 비중이 매우 높아 안정성이 확보된 상태에서의 소액 매수는 전반적 리스크 관리에 부합."
simulation_20260625_154954,2026-05-07,8,A096,2026-05-07,2026-05-06,2026-05-06,2026-05-07,prior_close,005930,buy,1,266000.0,limit,"기술적 지표(MA5, MA20 정배열, 거래량 61.3% 증가)와 긍정적 뉴스(연금자금 유입, AI 반도체 수요 호조)가 단기 상승 모멘텀을 지지합니다. 현재 현금 비중이 99.7%로 매우 높아 소액 분할 매수로 평균 단가를 높이며 상승 흐름에 참여하는 것이 적절합니다. 확신도는 중간 수준이나, 과도한 추격 매수를 피하기 위해 1주만 매수하여 리스크를 제한합니다."
simulation_20260625_154954,2026-05-08,9,A096,2026-05-08,2026-05-07,2026-05-07,2026-05-08,prior_close,005930,buy,1,271500.0,limit,"기술적 지표(MA5, MA20 정배열)는 상승 추세를 지지하나 거래량 감소로 모멘텀이 약화되었고, 파업 장기화·노사 갈등 뉴스가 부정적 영향을 미칩니다. 밸류에이션 부담과 혼재된 시장 신호로 확신도가 낮아 보유 현금을 유지하며 관망하는 것이 적절합니다."
simulation_20260625_154954,2026-05-11,10,A096,2026-05-11,2026-05-08,2026-05-08,2026-05-11,prior_close,005930,sell,2,269500.0,limit,"기술적 지표(MA5, MA20 정배열)는 지지하나 거래량 급감(-37.5%)으로 모멘텀 약화, 전일 대비 -1.1% 하락으로 조정 가능성 증가. 노사 갈등 및 '아픈 손가락' 부정적 뉴스, PER 저평가 헤드라인은 구체성 부족. 안정적 성향으로 현재 미실현 이익(9.8%)을 실현하며 현금 비중을 높여 리스크 회피."
simulation_20260625_154954,2026-05-12,11,A096,2026-05-12,2026-05-11,2026-05-11,2026-05-12,prior_close,005930,buy,1,280000.0,limit,"기술적 지표(MA5, MA20 정배열)와 긍정적 거시 지표(코스피 강세, 성장률 2% 상회)가 중기 상승 추세를 지지하나, 파업 리스크로 인한 부정적 뉴스 우세와 단기 변동성 확대로 확신도가 낮습니다. 'hold'가 허용되지 않아 최소 수량(1주)을 현재가 대비 1.9% 낮은 지정가에 매수하여, 조정 시 진입 기회를 확보하면서도 현금 비중(99.4%)을 유지하는 보수적 접근을 선택했습니다. 핵심 근거는 뉴스(파업 리스크)와 포트폴리오 상태(현금 과다)입니다."
simulation_20260625_154954,2026-05-13,12,A096,2026-05-13,2026-05-12,2026-05-12,2026-05-13,prior_close,005930,buy,1,274000.0,limit,"중기 상승 추세(MA5, MA20 정배열)와 한국 기업 펀더멘털 호재(기대 순이익 세계 2위)가 유효하나, 단기 변동성 확대와 성과급 논란으로 현재가(279,000원)에서 추가 매수는 리스크가 큽니다. MA5(274,100원) 부근 지지선에서 소량 매수하여 평균 단가를 낮추고, 조정 시 저가 매수 기회를 활용하려 합니다. 현금 비중이 99.7%로 매우 높아 소량 매수해도 안정성에 문제가 없으며, 보수적 접근으로 1주만 지정가 매수합니다."
simulation_20260625_154954,2026-05-14,13,A096,2026-05-14,2026-05-13,2026-05-13,2026-05-14,prior_close,005930,buy,1,278000.0,limit,"기술적 지지선(MA5 277,700원) 근접 시 저가 매수 기회를 포착하기 위해 지정가 주문 제출. 단기 악재에도 외국인 수급과 중기 정배열이 하단 지지 가능, 부정적 뉴스 헤드라인에도 기술적 반등 기대. 현재 현금 비중 99.7%로 안정적이며, 1주 추가 매수로도 리스크가 제한적."
simulation_20260625_154954,2026-05-15,14,A096,2026-05-15,2026-05-14,2026-05-14,2026-05-15,prior_close,005930,buy,1,294000.0,limit,"뉴스 긍정적 흐름, 기술적 정배열 유지, 중기 상승 추세 신뢰. 현 보유 비중이 매우 낮아 추가 매수 여력 충분하나, 단기 고평가 부담과 MA20과의 괴리율 23%를 고려해 보수적으로 1주만 지정가 매수, 분할 매수 전략으로 리스크 완화."
simulation_20260625_154954,2026-05-18,15,A096,2026-05-18,2026-05-15,2026-05-15,2026-05-18,prior_close,005930,sell,2,270500.0,limit,"현재 기술적 과열 해소와 파업 리스크, 코스피 약세 등 부정적 뉴스 흐름이 지배적이며, 단기 조정 국면 진입 가능성이 높다고 판단했습니다. 보유 주식 2주 수량이 미미하지만, 안정성을 중시하는 투자 성향과 보수적 시각 전환을 반영하여 전량 매도 후 현금 비중을 극대화하는 것이 적절합니다. 현재가(270,500원)에 지정가 매도하여 소액 손실(-8,500원)을 확정하되, 향후 더 큰 하락 가능성에 대비합니다."
