outputs/logs/simulation_20260625_154954/submitted_orders.csv
run_id,date,turn,agent_id,decision_date,market_features_date,news_max_date,execution_date,information_mode,stock_code,direction,quantity,price,order_type,reason
simulation_20260625_154954,2026-04-24,1,A090,2026-04-24,2026-04-23,2026-04-23,2026-04-24,prior_close,005930,buy,100,222000.0,limit,"기술적 지표상 5일선(218,300원)과 20일선(200,772원) 위에 위치하며 단기 추세는 상승 중이나, 현재 주가 224,500원이 단기 고점권으로 판단되어 소폭 하락 시 매수 기회를 노림. GDP 성장 호조와 SK하이닉스 호실적이 반도체 업황에 긍정적이나, 노조 파업·기술유출 리스크와 혼조 뉴스로 확신이 낮아 보수적인 수량으로 지정가 매수. 5일선 근처(약 222,000원)에서 지지 확인 시 분할 매수 전략."
simulation_20260625_154954,2026-04-27,2,A090,2026-04-27,2026-04-24,2026-04-24,2026-04-27,prior_close,005930,buy,1,219500.0,limit,"5일선(219,000원) 근처에서 지지 여부를 확인 중이며, 손실 시 추가 매수하는 처분효과 성향에 따라 소량 매수로 포지션을 소폭 확대. 뉴스 불확실성과 기술적 모멘텀 약화로 과도한 매수는 피하고 최소 단위로만 거래하여 리스크를 제한함."
simulation_20260625_154954,2026-04-28,3,A090,2026-04-28,2026-04-27,2026-04-27,2026-04-28,prior_close,005930,buy,10,221000.0,limit,"기술적 지표에서 5일선(221,000원) 지지가 확인되어 추가 매수 기회로 판단. 거래량 증가와 ETF 수급 호재가 단기 반등을 뒷받침하나, FOMC 경계감과 뉴스 혼조로 확신도는 중간 수준. 현재 미실현 이익이 소폭 발생한 상태에서 평균단가를 낮추기 위해 소량 매수 결정. 헤드라인 뉴스와 포트폴리오 현금 비중을 고려해 현금의 3% 이하만 투입."
simulation_20260625_154954,2026-04-29,4,A090,2026-04-29,2026-04-28,2026-04-28,2026-04-29,prior_close,005930,sell,30,222500.0,limit,"거래량 감소와 혼조 뉴스로 단기 상승 확신 약화, 미실현 이익 소폭 상태에서 일부 차익 실현하여 현금 비중 확보. 기술적 지지선(5일선) 근접 시 재매수 기회 고려."
simulation_20260625_154954,2026-04-30,5,A090,2026-04-30,2026-04-29,2026-04-29,2026-04-30,prior_close,005930,sell,10,226000.0,limit,"노사 갈등 리스크와 법적 분쟁이 단기 악재로 작용하고, 기술적 지표상 5일선 지지가 불확실하며 거래량 증가에도 상승폭이 미미하여 추가 상승 기대가 낮음. 현재 미실현 이익이 소폭(0.44%)인 점을 고려, 보수적 관점에서 일부 차익 실현을 통해 현금 비중을 확대하는 것이 적절하다고 판단. 포트폴리오 상태(주식 비중 18.2%)와 낮은 확신도를 반영하여 소량 매도 결정."
simulation_20260625_154954,2026-05-04,6,A090,2026-05-04,2026-04-30,2026-04-30,2026-05-04,prior_close,005930,sell,1,221500.0,limit,"시장 혼조와 5일선(222,500원) 미만 약세 흐름, 파업 리스크 부각으로 추가 하락 가능성이 있어 보유 물량 중 일부를 소폭 축소합니다. 실적 호재가 악재를 상쇄하지 못하는 중립 약세 관점과 과거 성과 평균을 고려, 처분효과 성향에 따라 손실 상태에서 일부 매도로 위험을 줄입니다. 현재 포트폴리오 내 현금 비중 82%로 충분한 안정성을 확보했으며, 미실현 손실이 소폭이므로 1주만 매도하여 현금 비중을 약간 높여 리스크를 낮춥니다."
simulation_20260625_154954,2026-05-06,7,A090,2026-05-06,2026-05-04,2026-05-04,2026-05-06,prior_close,005930,buy,10,230000.0,limit,"기술적 지표(5일선·20일선 상회)는 양호하나 부정적 뉴스와 금리 인상 우려로 단기 조정 가능성이 있어, 20일선(214,130원) 근처까지 하락 시 매수 기회로 판단. 현재 주가 232,500원은 5일선(225,100원) 대비 높아 추가 하락 리스크를 고려해 보수적으로 230,000원 지정가 매수. 보유 현금(82,367,179원)이 충분하고, 소량 매수로 평균 단가를 낮추며 현금 비중 유지. 거래량 증가에도 주가 횡보는 단기 조정 신호로, 분할 매수 전략의 일환."
simulation_20260625_154954,2026-05-07,8,A090,2026-05-07,2026-05-06,2026-05-06,2026-05-07,prior_close,005930,sell,10,266000.0,limit,"단기 급등으로 차익실현 목적 매도, 보유 지분 소액이므로 일부만 매도하여 리스크 관리. 기술적 과열 신호와 혼재된 뉴스로 인한 불확실성 반영."
simulation_20260625_154954,2026-05-08,9,A090,2026-05-08,2026-05-07,2026-05-07,2026-05-08,prior_close,005930,sell,20,271500.0,limit,기술적 과열(20일 이평 대비 22% 이상 괴리)과 거래량 감소(22%↓)로 단기 조정 가능성 높음. 파업 장기화 뉴스가 투자 심리 위축. 미실현 이익 347만원 상태에서 빠른 차익실현 성향에 따라 일부 매도로 리스크 축소. 추세가 완전히 꺾이지 않아 50주는 보유하며 반등 기회 유지.
simulation_20260625_154954,2026-05-11,10,A090,2026-05-11,2026-05-08,2026-05-08,2026-05-11,prior_close,005930,buy,1,268500.0,limit,"단기 과열(20일 이평 괴리율 19.6%), 거래량 급감(-37.5%)으로 조정 가능성이 있으며, '아픈 손가락' 뉴스 등 혼재된 시그널로 확신도가 낮음. 포트폴리오 미실현 이익 3.88%로 소폭 수익 상태이나, 보유 비중 유지 관망이 적절. 현금 비중 81.9%로 안정적. 추가 매수 시 조정 리스크, 매도 시 저평가 기회 손실 우려."
simulation_20260625_154954,2026-05-12,11,A090,2026-05-12,2026-05-11,2026-05-11,2026-05-12,prior_close,005930,buy,10,280000.0,limit,"오늘 거래량이 전일 대비 39% 증가하며 매수세 유입이 확인되었고, 현 주가는 5일 이동평균(264,800원) 위에 있어 상승 추세가 유지되고 있습니다. 노사 갈등 뉴스가 부정적이지만 반도체 업황 회복 기대와 경제 성장률 상회 등 긍정 요인이 상쇄하며 중기 저평가 논리는 여전히 유효합니다. 현재 현금 비중이 81%로 충분하며, 미실현 이익이 있는 상태에서 추가 하락 시 저가 매수 기회를 노리기 위해 보수적으로 분할 매수합니다. 단기 조정 가능성을 고려해 현재가보다 1.9% 낮은 280,000원에 지정가 주문하여 리스크를 줄입니다."
simulation_20260625_154954,2026-05-13,12,A090,2026-05-13,2026-05-12,2026-05-12,2026-05-13,prior_close,005930,sell,10,279000.0,limit,"거래량 증가 속 약세 전환, 성과급 논란 등 단기 부정적 신호와 고령 보수 성향을 고려하여 소폭 차익 실현. 현금 비중 78.7%로 충분히 높아 추가 확보보다는 조정 리스크에 대비해 일부 이익을 확정하는 것이 적절하다고 판단. 현재 수익률 4.61% 상태에서 보유 주식 80주 중 10주 매도(12.5%)로 리스크를 최소화."
simulation_20260625_154954,2026-05-14,13,A090,2026-05-14,2026-05-13,2026-05-13,2026-05-14,prior_close,005930,sell,10,284000.0,limit,"노조 파업 예고와 반도체 업종 경고로 단기 조정 가능성이 높아졌고, 현재가 284,000원은 20일선 대비 20% 이상 프리미엄으로 고평가 부담이 있음. 거래량 감소로 추세 강도 약화, 보유 주식의 미실현 수익 5%를 실현하여 리스크를 줄이는 것이 적합하다고 판단. 헤드라인 뉴스와 기술적 지표를 근거로 보수적 매도 결정."
simulation_20260625_154954,2026-05-15,14,A090,2026-05-15,2026-05-14,2026-05-14,2026-05-15,prior_close,005930,buy,30,290000.0,limit,"기술적 분석 결과 5일선(282,600원)과 20일선(240,775원) 위에서 상승 추세 유지 중이며 거래량도 증가하여 긍정적 신호. 시장 분위기는 반도체 훈풍과 미국 증시 강세로 우호적. 다만 20일선 대비 23% 프리미엄 고평가 부담과 단기 급등 조정 가능성을 고려하여, 현재가(296,000원)보다 낮은 290,000원 지정가로 분할 매수하여 리스크를 분산. 보유 현금이 충분하고(88백만 원), 추가 매수 시 현금 비중을 유지하며 포트폴리오 집중도를 완화. 조정 시 저가 매수 기회를 활용하는 전략이 Belief와 일관됨."
simulation_20260625_154954,2026-05-18,15,A090,2026-05-18,2026-05-15,2026-05-15,2026-05-18,prior_close,005930,sell,25,270500.0,limit,"단기 파업·감산 리스크, 고평가 부담(20일선 대비 11% 프리미엄), 기술적 약세(5일선 하회) 및 부정적 뉴스로 추가 조정 가능성. 보유 미실현 이익을 일부 실현하여 리스크를 축소하고, 현금 비중을 확보해 급락 시 분할 매수 기회를 준비함."
simulation_20260625_154954,2026-04-24,1,A100,2026-04-24,2026-04-23,2026-04-23,2026-04-24,prior_close,005930,buy,222,222000.0,limit,"반도체 장기 호황과 거시경제 우호적 환경, 내재가치 대비 적정 주가 수준을 고려해 분할 매수 결정. 노조 파업 리스크로 단기 변동성이 예상되나, 20일 이동평균(200,772원) 대비 현재가(224,500원)가 고평가로 보기 어렵고 장기 가치 상승 여력이 충분함. 고령 투자자로서 안정성을 위해 20일 평균 근처(222,000원)로 지정가 주문하여 저가 매수 기회를 활용하며, 노조 리스크 확인 전까지 신중한 분할 매수 전략 유지."
simulation_20260625_154954,2026-04-27,2,A100,2026-04-27,2026-04-24,2026-04-24,2026-04-27,prior_close,005930,sell,44,219500.0,limit,"노조 총파업 예고와 기술 유출 리스크가 구체화되어 단기 하방 압력이 우세하며, 현재 주가 219,500원은 5일선(219,000원) 근처에서 지지 테스트 중이나 거래량 감소로 추가 하락 가능성이 있음. 미실현손실 -0.58%로 손절 기준(-5%)에는 아직 여유가 있으나, 고령 투자자로서 안정성을 중시해 손실 확대를 방지하기 위해 보유 지분의 20%를 차익 실현 및 현금 비중 확보 차원에서 매도. 포트폴리오 현금 비중이 51%에서 56%로 증가하여 리스크 대비 능력 강화."
simulation_20260625_154954,2026-04-28,3,A100,2026-04-28,2026-04-27,2026-04-27,2026-04-28,prior_close,005930,sell,89,226500.0,limit,"현재가 224,500원은 5일선(221,000원) 위에 있으나 노조 파업·기술 유출 등 불확실성으로 박스권 상단인 230,000원 돌파가 어려울 것으로 판단. 안정성 중시 고령 투자자로서 미실현 이익(445,000원)을 확보하고 현금 비중을 늘려 리스크를 축소하고자 함. 과도한 집중 투자(현재 2.4%에서 축소)를 위해 보유 주식의 절반을 매도함."
simulation_20260625_154954,2026-04-29,4,A100,2026-04-29,2026-04-28,2026-04-28,2026-04-29,prior_close,005930,buy,32,218000.0,limit,"현재 PBR 1.2배로 과거 5년 평균 대비 저평가 구간이며, 가전 구조조정과 구글 AI 협력 확대는 중장기 내재가치 제고 신호로 긍정적입니다. 정부 중재와 여론 악화로 파업 리스크가 완화되었고, 현재가 222,000원은 박스권 하단(222,000~230,000원)에 근접해 있어 추가 하락 시 저가 매수 기회로 판단됩니다. 20일 이동평균선(207,892원)과 밴드 하단을 고려하여 218,000원에 지정가 주문을 설정, 기술적 지지 구간에서 분할 매수합니다. 보유 현금이 충분(80,492,950원)하고, 단일 매수 금액(32주×218,000원=6,976,000원)이 max_single_trade_cash(40,246,475원)를 초과하지 않아 가능합니다."
simulation_20260625_154954,2026-04-30,5,A100,2026-04-30,2026-04-29,2026-04-29,2026-04-30,prior_close,005930,buy,1,226000.0,limit,"핵심 근거: (1) 노사 갈등 심화(가처분 신청, 5월 총파업 예고)와 법원 결정 불확실성으로 단기 변동성 확대 예상, 주가가 박스권 상단(230,000원)에 근접하여 추가 상승 여력 제한적. (2) PBR 1.2배 저평가와 1분기 최대 실적은 중장기 지지요인이나, 불확실성이 높아 관망이 적절. (3) 82세 고령 투자자로서 안정성 중시, 현재 미실현 이익이 소폭(356,000원) 발생한 상태에서 리스크를 감수한 추가 매수는 부적합. 보유 주식 89주는 중장기 가치를 고려하여 유지하되, 추가 매수는 법원 결정(5월 중순) 이후 노사 리스크 해소를 확인 후 결정하는 것이 바람직함."
simulation_20260625_154954,2026-05-04,6,A100,2026-05-04,2026-04-30,2026-04-30,2026-05-04,prior_close,005930,sell,30,221500.0,limit,"현재 주가 220,500원이 5일 이동평균(222,500원)을 하회하며 단기 약세 지속. 5월 중순 법원 가처분 결정과 총파업 예고(5/21)로 불확실성 확대, 청와대·대통령 발언으로 정책 리스크 증폭. PBR 1.2배 저평가에도 불구하고 노사 갈등 프리미엄 미반영으로 추가 하락 가능성 존재. 82세 고령과 안정성 선호 성향상 미실현 손실(-133,500원) 확대 방어가 우선. 보유 90주 중 30주(33%)를 221,500원(5일선 근처)에 부분 매도하여 현금 비중을 높이고 리스크 축소. 매도 후 현금 약 86.9백만원, 보유 60주로 하방 충격 완화."
simulation_20260625_154954,2026-05-06,7,A100,2026-05-06,2026-05-04,2026-05-04,2026-05-06,prior_close,005930,sell,20,234500.0,limit,"매도: 노조 파업 리스크(5/21 총파업 예고), 씨티 목표주가 하향, 한은 금리 인상 시사 등 단기 불확실성이 우세하여 현재 미실현 이익 631,000원(1.19%)을 실현하고 현금 비중을 늘려 리스크를 줄이고자 함. PBR 1.2배 저평가에도 불구하고 불확실성이 가격에 완전히 반영되지 않아 추가 하락 가능성을 고려한 보수적 조치. 매도 후에도 40주를 보유하며 분할 매수 기회를 확보함."
simulation_20260625_154954,2026-05-07,8,A100,2026-05-07,2026-05-06,2026-05-06,2026-05-07,prior_close,005930,sell,20,270000.0,limit,"노조 파업 리스크(5/21 총파업)와 중동발 물가 불안이 단기 하방 압력으로 작용할 가능성이 큼. 현재 19.8% 수익 상태에서 일부 이익을 실현하여 현금 비중을 확보하고, 추후 조정 시 분할 매수 기회를 대비하는 것이 합리적. 시장 분석에서 270,000원 부근 저항 가능성을 확인, 해당 가격에 부분 매도하여 포트폴리오 리스크를 관리함."
simulation_20260625_154954,2026-05-08,9,A100,2026-05-08,2026-05-07,2026-05-07,2026-05-08,prior_close,005930,buy,10,267000.0,limit,"현재 PER 7.7배 저평가 상태, 반도체 슈퍼사이클과 평택 신공장 투자 등 장기 성장 동력 확인, 단기 파업 리스크는 노조 분열과 정부 중재 가능성으로 제한적일 것으로 판단. 현금 비중 94.8%로 추가 매수 여력 충분, 분할 매수를 통해 평균 단가를 낮추고 저평가 구간에서 비중 확대. 거래량 감소로 상승 모멘텀이 약화된 점을 고려해 현재가(271,500원) 대비 1.7% 낮은 지정가로 매수하여 단기 변동성 대비."
simulation_20260625_154954,2026-05-11,10,A100,2026-05-11,2026-05-08,2026-05-08,2026-05-11,prior_close,005930,buy,45,264000.0,limit,"현재 포트폴리오의 현금 비중이 94.8%로 매우 높아 추가 매수 여력이 충분하며, PER 7.7배의 역사적 저평가와 기관 순매수(5일 2.5조원)는 장기 가치투자 관점에서 매수 기회입니다. 노조 리스크와 DX 부진에 따른 단기 조정 가능성을 고려해 주가를 264,000원(5일선 251,800원 대비 +4.8%)으로 제시하며, 분할 매수를 통해 평균 단가를 낮추려 합니다. 오늘의 Belief에서 단기 조정 가능성을 인지했지만 장기 저평가 메리트를 유지하므로, 보수적인 규모로 매수합니다."
simulation_20260625_154954,2026-05-12,11,A100,2026-05-12,2026-05-11,2026-05-11,2026-05-12,prior_close,005930,sell,10,285500.0,limit,"파업 불확실성(5/21 총파업 가능성, JP모건 이익 40조 감소 전망)이 단기 하방 압력을 강화하고 있으며, PER 7.7배의 저평가에도 불구하고 내재가치 훼손 위험을 고려할 때 보유 비중 축소가 필요함. 현재 미실현 이익 27.1%를 일부 실현하여 현금 비중을 높이고, 파업 리스크 해소 후 재매수 기회를 노리는 것이 고령 투자자로서 안정적 관리에 부합함. 거래량 증가와 기술적 상승세에도 불구하고 뉴스의 부정적 신호를 우선 반영함."
simulation_20260625_154954,2026-05-13,12,A100,2026-05-13,2026-05-12,2026-05-12,2026-05-13,prior_close,005930,sell,10,279000.0,limit,"당일 2.28% 하락, 외국인 순매도 지속, 5/21 총파업 예고로 단기 하방 압력 강화. JP모건 40조 손실 전망 등 부정적 뉴스 우세. 미실현 이익 27.1% 충분하므로 보유 비중 50% 축소하여 현금 비중 확대. 고령 투자자로서 파업 리스크 해소 전까지 리스크 관리 우선."
simulation_20260625_154954,2026-05-14,13,A100,2026-05-14,2026-05-13,2026-05-13,2026-05-14,prior_close,005930,sell,5,284000.0,limit,"파업 리스크(21일 총파업 예정, 30~40조 손실 우려)가 단기 하방 압력으로 작용할 것으로 판단됩니다. 보유 비중이 3.67%로 낮지만, 82세 고령 투자자로서 안정성을 우선하여 불확실성 해소 전까지 일부 차익 실현 및 현금 비중 확대가 필요합니다. 반도체 초호황과 저평가(PER 7.7배)는 중장기 긍정 요인이나, 단기 변동성을 피하기 위해 보유 수량을 절반으로 줄여 리스크를 축소합니다."
simulation_20260625_154954,2026-05-15,14,A100,2026-05-15,2026-05-14,2026-05-14,2026-05-15,prior_close,005930,sell,1,296000.0,limit,"신고가 근처에서 PBR 1배 초과로 저평가 매력 약화, 21일 총파업 리스크 임박, 정부 긴급조정권 발동 가능성 등 단기 하방 압력이 우세. 혼재된 뉴스 중 부정적 요인이 더 부각되며, 보유 중인 소량 주식이라도 일부 차익 실현하여 현금 비중을 더 높이고 리스크를 축소하는 것이 82세 안정형 투자자에게 합리적. 핵심 근거: 뉴스(파업 리스크) 및 시장 분석(밸류에이션 부담)."
simulation_20260625_154954,2026-05-18,15,A100,2026-05-18,2026-05-15,2026-05-15,2026-05-18,prior_close,005930,buy,1,270500.0,limit,"PER 8배 저평가 구간 진입과 AI 반도체 수요 긍정 요인을 고려, 27만원 지지선 근처에서 소량 매수 기회로 판단. 8.61% 급락은 과도한 공포 반영 가능성. 현금 비중 98.7%로 극히 안정적이며, 1주 추가 매수 시에도 현금 비중 97.7% 유지되어 파업 리스크에도 현금 보호 가능. 82세 안정형 투자자로서 과도한 리스크 없이 저평가 매력을 활용."
simulation_20260625_154954,2026-04-24,1,A092,2026-04-24,2026-04-23,2026-04-23,2026-04-24,prior_close,005930,buy,133,222000.0,limit,"뉴스에서 SK하이닉스 사상 최대 실적과 GDP 성장 호재가 반도체 섹터에 긍정적이며, 기술적 지표(MA5, MA20 상회, 거래량 증가)가 상승 추세를 지지합니다. 단기 노조 리스크로 인한 조정 가능성을 고려해 현 주가(224,500원)보다 1.1% 낮은 222,000원에 지정가 매수하여 안정적으로 진입합니다. 현재 현금 100% 보유 상태로 분할 매수에 유리하며, max_single_trade_cash(50,000,000원) 이내인 29,526,000원을 투입해 보수적으로 접근합니다."
simulation_20260625_154954,2026-04-27,2,A092,2026-04-27,2026-04-24,2026-04-24,2026-04-27,prior_close,005930,buy,50,216500.0,limit,"1분기 깜짝 실적과 정부 반도체 지원 정책이 단기 상승 모멘텀을 제공할 것으로 보이나, 거래량 감소와 혼재된 뉴스(성과급 갈등, AI 보안 리스크)로 인해 신중한 접근이 필요함. 현재 주가가 5일 이동평균(219,000원) 위에 있지만 거래량 동반이 없어 추가 조정 가능성을 고려, 분할 매수로 평균 단가(222,000원)를 낮추기 위해 216,500원(5일선 이하)에서 50주 지정가 매수. 핵심 근거: belief의 긍정적 실적 전망과 기술적 지표(5일선 지지), 포트폴리오의 높은 현금 비중(70.7%), 손실 감내 가능 수준."
simulation_20260625_154954,2026-04-28,3,A092,2026-04-28,2026-04-27,2026-04-27,2026-04-28,prior_close,005930,buy,88,222000.0,limit,"ETF 자금 유입과 반도체 호실적으로 단기 상승 모멘텀이 유효하며, 주가가 5일선(221,000) 위에 안정적으로 위치해 기술적 지지가 확인됨. 다만 FOMC 대기와 변동성 확대 가능성을 고려해 224,500원 고점 대비 1.1% 낮은 222,000원 지정가로 분할 매수해 리스크를 관리. 현재 현금 비중이 약 59%로 충분한 여력이 있고, 미실현 이익이 소폭이지만 안정적이어서 추가 매수로 평균 단가를 낮추며 수익 기회를 확보하려 함. 뉴스에서 반도체 기판 수요 증가와 AI 협력 소식이 중장기 호재로 판단돼 낙관론을 강화."
simulation_20260625_154954,2026-04-29,4,A092,2026-04-29,2026-04-28,2026-04-28,2026-04-29,prior_close,005930,buy,10,221700.0,limit,"Belief상 단기 박스권(222K~225K) 내 등락 예상, 현 주가(222K)가 5일선(221.6K) 근처이며 기술적 지지 확인 시 추가 매수 기회로 판단. 뉴스에서 AI 협력 및 가전 구조조정은 중장기 호재이나 총파업 리스크로 단기 변동성 경계. 거래량 감소와 관망세 속에서 5일선 이탈 시 손실 위험을 고려, 현 보유 비중(60%)과 현금(40%)을 감안하여 5일선 아래에서 분할 매수로 진입. 221,700원은 5일선 아래 0.1%로 안전마진 확보한 지정가 주문."
simulation_20260625_154954,2026-04-30,5,A092,2026-04-30,2026-04-29,2026-04-29,2026-04-30,prior_close,005930,sell,10,226000.0,limit,"현재 주가가 박스권 상단(228K)에 근접하고, 노사 갈등 및 DX부문 부진 등 혼재된 뉴스로 단기 변동성이 예상됩니다. 미실현 이익이 소폭이지만, 안정적 자산 선호 성향과 60%의 높은 보유 비중을 고려해 일부 이익을 실현하여 현금 비중을 늘리는 것이 리스크 관리에 적합하다고 판단했습니다. 5일선(223.3K) 이탈 시 분할 매수 기회를 위해 현금을 확보하는 전략입니다."
simulation_20260625_154954,2026-05-04,6,A092,2026-05-04,2026-04-30,2026-04-30,2026-05-04,prior_close,005930,buy,45,218000.0,limit,"오늘의 Belief와 시장 분석에서 20일선(211,815원)이 강한 지지선이며, 현재 주가(220,500원)는 저평가 구간으로 판단됩니다. 노조 파업 리스크가 단기 프리미엄을 억제하나 실제 생산 차질 가능성이 낮다는 뉴스(종목_0054)와 사상 최대 실적이 중장기 펀더멘털을 지지합니다. 기술적 지표상 5일선(222,500원) 아래에서 혼조세이나, 20일선 근처로 하락 시 분할 매수 기회로 판단하여 218,000원에 45주 매수를 결정했습니다. 이는 max_single_trade_cash(20,041,528원)와 max_buy_quantity(90주)를 준수하며, 보유 비중을 60%에서 약 75%로 높여도 안정적 성향에 부합합니다."
simulation_20260625_154954,2026-05-06,7,A092,2026-05-06,2026-05-04,2026-05-04,2026-05-06,prior_close,005930,buy,10,230000.0,limit,"뉴스에서 반도체 장비 테마 강세와 기관·외인 매수세가 긍정적이고, 기술적 지표상 5일선(225,100원)과 20일선(214,130원)이 우상향하며 거래량 증가로 지지가 강화되었습니다. 현재 주가(232,500원)가 20일선 대비 8.6% 높아 과매수 구간이 아니며, 밸류에이션은 합리적 수준입니다. 다만 국민연금 매도 우려와 금리 인상 가능성으로 단기 불확실성이 있어 추격 매수 대신 230,000원 지정가로 소량 매수하여 평균 단가를 낮추고 장기 펀더멘털에 베팅합니다. 보유 현금이 충분하고 포트폴리오 상태가 양호하여 추가 리스크가 제한적입니다."
simulation_20260625_154954,2026-05-07,8,A092,2026-05-07,2026-05-06,2026-05-06,2026-05-07,prior_close,005930,sell,40,268000.0,limit,"주가가 20일선 대비 22% 높아 단기 밸류에이션 부담이 있고, 노조 파업 리스크와 물가 상승 불확실성이 존재합니다. 기술적 지표상 거래량 증가와 돌파 신호가 확인되었으나, 변동성이 확대된 상황에서 차익 실현을 통해 보유 비중을 조정하고 현금 비중을 확보하여 리스크를 관리하는 것이 합리적입니다. 포트폴리오 상태는 양호하나, 단기 과열 신호와 혼재된 뉴스에 대비해 일부 이익을 실현합니다."
simulation_20260625_154954,2026-05-08,9,A092,2026-05-08,2026-05-07,2026-05-07,2026-05-08,prior_close,005930,buy,1,271500.0,limit,"시장 분석 결과, 현재 주가(271,500원)가 20일선 대비 22% 높아 단기 밸류에이션 부담이 있고, 거래량이 전일 대비 22% 감소해 추세 모멘텀이 둔화될 가능성이 있습니다. 뉴스에서 노사 갈등 심화와 전기 비용 리스크가 단기 변동성을 확대할 수 있으나, 평택 투자와 AI 수요 호재가 하방을 지지하는 혼재된 신호입니다. 확신도가 중간 수준이고 이전 관점 대비 큰 변화가 없어 과도한 매매를 피하고, 현금 비중 45%를 유지하며 추세 확인이 필요하다고 판단했습니다. 포트폴리오는 누적 수익률 13.65%로 양호하며, 추가 매수 시 평균 단가 상승 부담과 노사 리스크를 고려해 보유 전략이 적합합니다. 단, ""hold""가 허용되지 않아 불가피하게 매수/매도를 선택해야 하지만, 현 분석에서는 매수보다는 매도가 상대적으로 덜 위험하나 미실현 이익이 충분하고 장기 호재를 고려해 추가 매수 없이 현 상태를 유지하는 것이 최선이라 판단하여 ""hold""에 해당하는 거래를 선택하지 않고 대신 거래 제약을 위반하지 않는 범위에서 최소 단위 매도를 고려했으나, 모든 신호가 중립적이어서 action을 결정하기 어려움. 따라서 제약을 준수하며 가장 보수적인 선택으로 0주 매도를 선택합니다."
simulation_20260625_154954,2026-05-11,10,A092,2026-05-11,2026-05-08,2026-05-08,2026-05-11,prior_close,005930,buy,30,265000.0,limit,"PER 역사적 저평가 뉴스와 AI 반도체 수요 증가가 장기 투자 매력을 강화하고, 현재 주가가 20일선 대비 높지만 단기 조정 시 저가 매수 기회로 판단. 현금 비중이 약 45%로 충분하며, 보유 물량을 소폭 늘려도 리스크 관리 범위 내에 있음. 기술적 지표상 5일선(251,800원)과 현재가(268,500원) 사이에서 지정가 주문으로 분할 매수하여 평균단가를 낮추고 장기 수익률을 높이고자 함."
simulation_20260625_154954,2026-05-12,11,A092,2026-05-12,2026-05-11,2026-05-11,2026-05-12,prior_close,005930,buy,88,282500.0,limit,"5일 이동평균(264,800원)과 20일 이동평균(228,500원) 위에서 상승 추세 유지 중이며, 거래량 증가(39.2%)는 매수세 유입 신호. 반도체 업황 호조 및 코스피 강세가 하방을 지지, PER 저평가 구간에서 추가 매수 기회. 단, 파업 리스크(5월 21일)로 변동성 확대 가능성을 고려해 현재가(285,500원)보다 낮은 지정가(282,500원)로 보수적 접근. 현금 비중(43.4%)을 활용해 분할 매수하며, 260,000원(5일선) 손절 기준 설정."
simulation_20260625_154954,2026-05-13,12,A092,2026-05-13,2026-05-12,2026-05-12,2026-05-13,prior_close,005930,buy,10,271000.0,limit,"뉴스에서 저평가와 반도체 업황 호조, 거시 경제 호조가 확인되어 하락 시 매수 기회로 판단. 당일 2.28% 하락에 외국인 매도와 노사 갈등이 단기 악재이나, 개인 순매수 1.7조와 긍정적 거시 지표를 고려할 때 단기 노이즈에 불과. 보유 현금 2610만원, 320주 보유 중이며, 분할 매수 전략으로 10주(약 271만원)를 271000원 지정가로 매수. 20일 평균 232150원 대비 17% 높으나, 저평가 상태와 장기 전망을 고려해 소량 매수로 현금 비중 유지. 5~10% 하락 구간에서 추가 매수 기회를 보는 전략의 일환."
simulation_20260625_154954,2026-05-14,13,A092,2026-05-14,2026-05-13,2026-05-13,2026-05-14,prior_close,005930,buy,45,282000.0,limit,"Belief에서 단기 노조 파업 리스크로 변동성 확대 예상되나 반도체 슈퍼사이클과 외국인 자금 유입 등 중장기 상승 요인이 견고하여 추가 하락 시 저가 매수 기회로 활용 가능하다고 판단. 현재 포트폴리오 수익률 17%로 양호하며, 보유 현금 26,104,716원 중 max_single_trade_cash 13,052,358원 이내에서 분할 매수로 리스크 분산. 현재가 284,000원 대비 0.7% 낮은 282,000원 지정가 주문으로 단기 변동성 활용. 기술적 지표상 20일 이동평균 대비 20% 높지만 밸류에이션 저평가 영역으로 판단, 거래량과 추세 고려 시 추가 하락 시 매수 기회."
simulation_20260625_154954,2026-05-15,14,A092,2026-05-15,2026-05-14,2026-05-14,2026-05-15,prior_close,005930,sell,44,300000.0,limit,"현재 보유 중인 삼성전자 320주는 평단 237,088원 대비 24.9% 상승한 296,000원에 거래되어 미실현 이익이 1,885만 원에 달합니다. 기술적 지표는 강한 상승 추세를 보이나, 5일 이동평균 대비 4.7% 급등한 상태로 단기 차익실현 압력이 존재합니다. 또한 뉴스 분석에서 성과급 갈등(뉴스_0051)과 코스피 저평가 종료 논란이 추가 상승 동력을 제한할 가능성을 시사하며, 확신도가 '중간' 수준으로 과도한 보유 위험을 줄이기 위해 일부 물량을 정리하는 것이 적절하다고 판단했습니다. 보유 현금 2,610만 원을 감안하여 추가 매수보다는 이익을 확보하고 현금 비중을 늘려 안정성을 강화하려 합니다. 지정가 300,000원은 현재가보다 소폭 높은 수준으로, 추가 상승 시 체결되어 이익을 실현할 수 있도록 설정했습니다. 단일 매도 수량 44주는 max_sell_quantity(320주) 이내이며, 이번 매도로 현금 비중이 약 26%에서 37%로 증가하여 분산투자와 리스크 관리에 도움이 됩니다."
simulation_20260625_154954,2026-05-18,15,A092,2026-05-18,2026-05-15,2026-05-15,2026-05-18,prior_close,005930,buy,10,268000.0,limit,"Belief와 시장 분석에서 단기 파업 리스크와 외국인 매도세로 추가 하락 가능성이 있지만, PER 8배 역사적 저평가 구간과 과매도 국면 판단에 따라 분할 매수 기회로 접근. 기술적 지지선 27000원 부근에서 추가 하락 시 268000원은 적정 매수 가격으로 판단. 포트폴리오 미실현 이익이 아직 양호하고 현금 비중 23.2%를 고려해 소액 분할 매수로 리스크 관리."
